<?xml version="1.0"?>
<testsuites>
  <testsuite name="Chrome Headless 114.0.5735.199 (Windows 10)" package="" timestamp="2023-08-01T09:04:44" id="0" hostname="DESKTOP-NPJMI24" tests="64" errors="0" failures="0" time="1.467">
    <properties>
      <property name="browser.fullName" value="Mozilla/5.0 (Windows NT 10.0; Win64; x64) AppleWebKit/537.36 (KHTML, like Gecko) HeadlessChrome/114.0.5735.199 Safari/537.36"/>
    </properties>
    <testcase name="should have specific Header data" time="0.055" classname="Chrome Headless 114.0.5735.199 (Windows 10).BasePageComponent"/>
    <testcase name="should create" time="0.006" classname="Chrome Headless 114.0.5735.199 (Windows 10).BasePageComponent"/>
    <testcase name="should throw &quot;Method not implemented.&quot; when calling deleteFilter()" time="0.001" classname="Chrome Headless 114.0.5735.199 (Windows 10).PaymentFilterService"/>
    <testcase name="should throw &quot;Method not implemented.&quot; when calling saveFilter()" time="0" classname="Chrome Headless 114.0.5735.199 (Windows 10).PaymentFilterService"/>
    <testcase name="should throw &quot;Method not implemented.&quot; when calling getResource()" time="0" classname="Chrome Headless 114.0.5735.199 (Windows 10).PaymentFilterService"/>
    <testcase name="should throw &quot;Method not implemented.&quot; when calling getResourceSavedFilters()" time="0" classname="Chrome Headless 114.0.5735.199 (Windows 10).PaymentFilterService"/>
    <testcase name="should throw &quot;Method not implemented.&quot; when calling fetchSavedFiltersIfNotAlreadyFetched()" time="0.001" classname="Chrome Headless 114.0.5735.199 (Windows 10).PaymentFilterService"/>
    <testcase name="should get payment creation data" time="0.012" classname="Chrome Headless 114.0.5735.199 (Windows 10).NewPaymentService"/>
    <testcase name="should get delivery data" time="0.004" classname="Chrome Headless 114.0.5735.199 (Windows 10).NewPaymentService"/>
    <testcase name="should be created" time="0.002" classname="Chrome Headless 114.0.5735.199 (Windows 10).NewPaymentService"/>
    <testcase name="should cancel upload" time="0.063" classname="Chrome Headless 114.0.5735.199 (Windows 10).ProgressbarComponent"/>
    <testcase name="should call upload timeout" time="0.005" classname="Chrome Headless 114.0.5735.199 (Windows 10).ProgressbarComponent"/>
    <testcase name="should create" time="0.004" classname="Chrome Headless 114.0.5735.199 (Windows 10).ProgressbarComponent"/>
    <testcase name="should create" time="0.005" classname="Chrome Headless 114.0.5735.199 (Windows 10).ReviewPaymentComponent"/>
    <testcase name="should create" time="0.262" classname="Chrome Headless 114.0.5735.199 (Windows 10).FileUploadReviewComponent"/>
    <testcase name="should confirm file upload" time="0.01" classname="Chrome Headless 114.0.5735.199 (Windows 10).FileUploadReviewComponent"/>
    <testcase name="should get translation" time="0.01" classname="Chrome Headless 114.0.5735.199 (Windows 10).FileUploadReviewComponent"/>
    <testcase name="should cancel file upload" time="0.01" classname="Chrome Headless 114.0.5735.199 (Windows 10).FileUploadReviewComponent"/>
    <testcase name="should create" time="0.011" classname="Chrome Headless 114.0.5735.199 (Windows 10).FileUploadComponent"/>
    <testcase name="should emit event when file is selected" time="0.005" classname="Chrome Headless 114.0.5735.199 (Windows 10).FileUploadComponent"/>
    <testcase name="should create the app" time="0.004" classname="Chrome Headless 114.0.5735.199 (Windows 10).AppComponent"/>
    <testcase name="should render title" time="0.003" classname="Chrome Headless 114.0.5735.199 (Windows 10).AppComponent"/>
    <testcase name="should have as title &apos;WEX - Payments&apos;" time="0.002" classname="Chrome Headless 114.0.5735.199 (Windows 10).AppComponent"/>
    <testcase name="should be created" time="0.004" classname="Chrome Headless 114.0.5735.199 (Windows 10).PaymentsService"/>
    <testcase name="should select file" time="0.013" classname="Chrome Headless 114.0.5735.199 (Windows 10).FileUploadComponent"/>
    <testcase name="should create" time="0.004" classname="Chrome Headless 114.0.5735.199 (Windows 10).FileUploadComponent"/>
    <testcase name="#fxn cancelUpload should set uploadStarted to false" time="0.003" classname="Chrome Headless 114.0.5735.199 (Windows 10).FileUploadComponent"/>
    <testcase name="should set uploadStarted to true" time="0.004" classname="Chrome Headless 114.0.5735.199 (Windows 10).FileUploadComponent"/>
    <testcase name="should close dialog" time="0.004" classname="Chrome Headless 114.0.5735.199 (Windows 10).FileUploadComponent"/>
    <testcase name="should change step on upload complete" time="0.003" classname="Chrome Headless 114.0.5735.199 (Windows 10).FileUploadComponent"/>
    <testcase name="should read the value of a CSS variable correctly" time="0.001" classname="Chrome Headless 114.0.5735.199 (Windows 10).CssVariableUtil"/>
    <testcase name="should return an empty string if the CSS variable is not defined" time="0.001" classname="Chrome Headless 114.0.5735.199 (Windows 10).CssVariableUtil"/>
    <testcase name="should call uploadFile when the first button is clicked" time="0.199" classname="Chrome Headless 114.0.5735.199 (Windows 10).LandingComponent"/>
    <testcase name="should call ngOnInit" time="0.029" classname="Chrome Headless 114.0.5735.199 (Windows 10).LandingComponent"/>
    <testcase name="should trigger click and closePanel when &quot;Escape&quot; key is pressed" time="0.016" classname="Chrome Headless 114.0.5735.199 (Windows 10).LandingComponent"/>
    <testcase name="should close the ref when Escape key is pressed and isOpenWorkSpace is true" time="0.012" classname="Chrome Headless 114.0.5735.199 (Windows 10).LandingComponent"/>
    <testcase name="should call openPaymentWorkspace when the second button is clicked" time="0.016" classname="Chrome Headless 114.0.5735.199 (Windows 10).LandingComponent"/>
    <testcase name="should create" time="0.011" classname="Chrome Headless 114.0.5735.199 (Windows 10).LandingComponent"/>
    <testcase name="should set isKebabClickTrue to true" time="0.011" classname="Chrome Headless 114.0.5735.199 (Windows 10).LandingComponent"/>
    <testcase name="should open file upload dialog" time="0.018" classname="Chrome Headless 114.0.5735.199 (Windows 10).LandingComponent"/>
    <testcase name="should return current org id" time="0.031" classname="Chrome Headless 114.0.5735.199 (Windows 10).LandingComponent"/>
    <testcase name="should return current org id" time="0.011" classname="Chrome Headless 114.0.5735.199 (Windows 10).LandingComponent"/>
    <testcase name="should call cancel" time="0.131" classname="Chrome Headless 114.0.5735.199 (Windows 10).NewPaymentComponent"/>
    <testcase name="should call first step()" time="0.012" classname="Chrome Headless 114.0.5735.199 (Windows 10).NewPaymentComponent"/>
    <testcase name="should set returnValue and return an empty string" time="0.043" classname="Chrome Headless 114.0.5735.199 (Windows 10).NewPaymentComponent"/>
    <testcase name="should call closeModal() when Escape key is pressed and currentPage is true" time="0.013" classname="Chrome Headless 114.0.5735.199 (Windows 10).NewPaymentComponent"/>
    <testcase name="should change current page to &quot;invoiceDetails&quot; when current page is &quot;reviewPayment&quot;" time="0.021" classname="Chrome Headless 114.0.5735.199 (Windows 10).NewPaymentComponent"/>
    <testcase name="should call next method with &quot;reviewPayment&quot; when currentPage is &quot;invoiceDetails&quot;" time="0.014" classname="Chrome Headless 114.0.5735.199 (Windows 10).NewPaymentComponent"/>
    <testcase name="should call closed dialog" time="0.013" classname="Chrome Headless 114.0.5735.199 (Windows 10).NewPaymentComponent"/>
    <testcase name="should call closeModal()" time="0.013" classname="Chrome Headless 114.0.5735.199 (Windows 10).NewPaymentComponent"/>
    <testcase name="should call createPayment() when currentPage is &quot;reviewPayment&quot;" time="0.014" classname="Chrome Headless 114.0.5735.199 (Windows 10).NewPaymentComponent"/>
    <testcase name="should call next method with &quot;invoiceDetails&quot; when currentPage is &quot;paymentDetails&quot;" time="0.014" classname="Chrome Headless 114.0.5735.199 (Windows 10).NewPaymentComponent"/>
    <testcase name="should create" time="0.016" classname="Chrome Headless 114.0.5735.199 (Windows 10).NewPaymentComponent"/>
    <testcase name="should create" time="0.008" classname="Chrome Headless 114.0.5735.199 (Windows 10).InvoiceDetailsComponent"/>
    <testcase name="should set selectedFax and selectedEmail after getting delivery data" time="0.153" classname="Chrome Headless 114.0.5735.199 (Windows 10).PaymentDetailsComponent"/>
    <testcase name="should return current org id" time="0.015" classname="Chrome Headless 114.0.5735.199 (Windows 10).PaymentDetailsComponent"/>
    <testcase name="should return true if &quot;validThru&quot; control value is empty" time="0.014" classname="Chrome Headless 114.0.5735.199 (Windows 10).PaymentDetailsComponent"/>
    <testcase name="should call changeDetector.detectChanges()" time="0.014" classname="Chrome Headless 114.0.5735.199 (Windows 10).PaymentDetailsComponent"/>
    <testcase name="should return false if &quot;validThru&quot; control value is not empty or null" time="0.011" classname="Chrome Headless 114.0.5735.199 (Windows 10).PaymentDetailsComponent"/>
    <testcase name="should fetch payment data from the service and set the form controls" time="0.014" classname="Chrome Headless 114.0.5735.199 (Windows 10).PaymentDetailsComponent"/>
    <testcase name="should changed organization" time="0.017" classname="Chrome Headless 114.0.5735.199 (Windows 10).PaymentDetailsComponent"/>
    <testcase name="should update validThruDate when event is provided" time="0.014" classname="Chrome Headless 114.0.5735.199 (Windows 10).PaymentDetailsComponent"/>
    <testcase name="should create the component" time="0.02" classname="Chrome Headless 114.0.5735.199 (Windows 10).PaymentDetailsComponent"/>
    <testcase name="should return true if &quot;validThru&quot; control value is null" time="0.017" classname="Chrome Headless 114.0.5735.199 (Windows 10).PaymentDetailsComponent"/>
    <system-out><![CDATA[Chrome Headless 114.0.5735.199 (Windows 10) ERROR: 'NG0304: 'fa-icon' is not a known element (used in the 'ProgressBarComponent' component template):
1. If 'fa-icon' is an Angular component, then verify that it is a part of an @NgModule where this component is declared.
2. If 'fa-icon' is a Web Component then add 'CUSTOM_ELEMENTS_SCHEMA' to the '@NgModule.schemas' of this component to suppress this message.'
,Chrome Headless 114.0.5735.199 (Windows 10) ERROR: 'NG0304: 'p-progressBar' is not a known element (used in the 'ProgressBarComponent' component template):
1. If 'p-progressBar' is an Angular component, then verify that it is a part of an @NgModule where this component is declared.
2. If 'p-progressBar' is a Web Component then add 'CUSTOM_ELEMENTS_SCHEMA' to the '@NgModule.schemas' of this component to suppress this message.'
,Chrome Headless 114.0.5735.199 (Windows 10) ERROR: 'NG0304: 'fa-icon' is not a known element (used in the 'ProgressBarComponent' component template):
1. If 'fa-icon' is an Angular component, then verify that it is a part of an @NgModule where this component is declared.
2. If 'fa-icon' is a Web Component then add 'CUSTOM_ELEMENTS_SCHEMA' to the '@NgModule.schemas' of this component to suppress this message.'
,Chrome Headless 114.0.5735.199 (Windows 10) ERROR: 'NG0303: Can't bind to 'icon' since it isn't a known property of 'fa-icon' (used in the 'ProgressBarComponent' component template).
1. If 'fa-icon' is an Angular component and it has the 'icon' input, then verify that it is a part of an @NgModule where this component is declared.
2. If 'fa-icon' is a Web Component then add 'CUSTOM_ELEMENTS_SCHEMA' to the '@NgModule.schemas' of this component to suppress this message.
3. To allow any property add 'NO_ERRORS_SCHEMA' to the '@NgModule.schemas' of this component.'
,Chrome Headless 114.0.5735.199 (Windows 10) ERROR: 'NG0303: Can't bind to 'value' since it isn't a known property of 'p-progressBar' (used in the 'ProgressBarComponent' component template).
1. If 'p-progressBar' is an Angular component and it has the 'value' input, then verify that it is a part of an @NgModule where this component is declared.
2. If 'p-progressBar' is a Web Component then add 'CUSTOM_ELEMENTS_SCHEMA' to the '@NgModule.schemas' of this component to suppress this message.
3. To allow any property add 'NO_ERRORS_SCHEMA' to the '@NgModule.schemas' of this component.'
,Chrome Headless 114.0.5735.199 (Windows 10) ERROR: 'NG0303: Can't bind to 'showValue' since it isn't a known property of 'p-progressBar' (used in the 'ProgressBarComponent' component template).
1. If 'p-progressBar' is an Angular component and it has the 'showValue' input, then verify that it is a part of an @NgModule where this component is declared.
2. If 'p-progressBar' is a Web Component then add 'CUSTOM_ELEMENTS_SCHEMA' to the '@NgModule.schemas' of this component to suppress this message.
3. To allow any property add 'NO_ERRORS_SCHEMA' to the '@NgModule.schemas' of this component.'
,Chrome Headless 114.0.5735.199 (Windows 10) ERROR: 'NG0303: Can't bind to 'icon' since it isn't a known property of 'fa-icon' (used in the 'ProgressBarComponent' component template).
1. If 'fa-icon' is an Angular component and it has the 'icon' input, then verify that it is a part of an @NgModule where this component is declared.
2. If 'fa-icon' is a Web Component then add 'CUSTOM_ELEMENTS_SCHEMA' to the '@NgModule.schemas' of this component to suppress this message.
3. To allow any property add 'NO_ERRORS_SCHEMA' to the '@NgModule.schemas' of this component.'
,Chrome Headless 114.0.5735.199 (Windows 10) ERROR: 'NG0304: 'fa-icon' is not a known element (used in the 'ProgressBarComponent' component template):
1. If 'fa-icon' is an Angular component, then verify that it is a part of an @NgModule where this component is declared.
2. If 'fa-icon' is a Web Component then add 'CUSTOM_ELEMENTS_SCHEMA' to the '@NgModule.schemas' of this component to suppress this message.'
,Chrome Headless 114.0.5735.199 (Windows 10) ERROR: 'NG0304: 'p-progressBar' is not a known element (used in the 'ProgressBarComponent' component template):
1. If 'p-progressBar' is an Angular component, then verify that it is a part of an @NgModule where this component is declared.
2. If 'p-progressBar' is a Web Component then add 'CUSTOM_ELEMENTS_SCHEMA' to the '@NgModule.schemas' of this component to suppress this message.'
,Chrome Headless 114.0.5735.199 (Windows 10) ERROR: 'NG0304: 'fa-icon' is not a known element (used in the 'ProgressBarComponent' component template):
1. If 'fa-icon' is an Angular component, then verify that it is a part of an @NgModule where this component is declared.
2. If 'fa-icon' is a Web Component then add 'CUSTOM_ELEMENTS_SCHEMA' to the '@NgModule.schemas' of this component to suppress this message.'
,Chrome Headless 114.0.5735.199 (Windows 10) ERROR: 'NG0303: Can't bind to 'icon' since it isn't a known property of 'fa-icon' (used in the 'ProgressBarComponent' component template).
1. If 'fa-icon' is an Angular component and it has the 'icon' input, then verify that it is a part of an @NgModule where this component is declared.
2. If 'fa-icon' is a Web Component then add 'CUSTOM_ELEMENTS_SCHEMA' to the '@NgModule.schemas' of this component to suppress this message.
3. To allow any property add 'NO_ERRORS_SCHEMA' to the '@NgModule.schemas' of this component.'
,Chrome Headless 114.0.5735.199 (Windows 10) ERROR: 'NG0303: Can't bind to 'value' since it isn't a known property of 'p-progressBar' (used in the 'ProgressBarComponent' component template).
1. If 'p-progressBar' is an Angular component and it has the 'value' input, then verify that it is a part of an @NgModule where this component is declared.
2. If 'p-progressBar' is a Web Component then add 'CUSTOM_ELEMENTS_SCHEMA' to the '@NgModule.schemas' of this component to suppress this message.
3. To allow any property add 'NO_ERRORS_SCHEMA' to the '@NgModule.schemas' of this component.'
,Chrome Headless 114.0.5735.199 (Windows 10) ERROR: 'NG0303: Can't bind to 'showValue' since it isn't a known property of 'p-progressBar' (used in the 'ProgressBarComponent' component template).
1. If 'p-progressBar' is an Angular component and it has the 'showValue' input, then verify that it is a part of an @NgModule where this component is declared.
2. If 'p-progressBar' is a Web Component then add 'CUSTOM_ELEMENTS_SCHEMA' to the '@NgModule.schemas' of this component to suppress this message.
3. To allow any property add 'NO_ERRORS_SCHEMA' to the '@NgModule.schemas' of this component.'
,Chrome Headless 114.0.5735.199 (Windows 10) ERROR: 'NG0303: Can't bind to 'icon' since it isn't a known property of 'fa-icon' (used in the 'ProgressBarComponent' component template).
1. If 'fa-icon' is an Angular component and it has the 'icon' input, then verify that it is a part of an @NgModule where this component is declared.
2. If 'fa-icon' is a Web Component then add 'CUSTOM_ELEMENTS_SCHEMA' to the '@NgModule.schemas' of this component to suppress this message.
3. To allow any property add 'NO_ERRORS_SCHEMA' to the '@NgModule.schemas' of this component.'
,Chrome Headless 114.0.5735.199 (Windows 10) ERROR: 'NG0304: 'fa-icon' is not a known element (used in the 'ProgressBarComponent' component template):
1. If 'fa-icon' is an Angular component, then verify that it is a part of an @NgModule where this component is declared.
2. If 'fa-icon' is a Web Component then add 'CUSTOM_ELEMENTS_SCHEMA' to the '@NgModule.schemas' of this component to suppress this message.'
,Chrome Headless 114.0.5735.199 (Windows 10) ERROR: 'NG0304: 'p-progressBar' is not a known element (used in the 'ProgressBarComponent' component template):
1. If 'p-progressBar' is an Angular component, then verify that it is a part of an @NgModule where this component is declared.
2. If 'p-progressBar' is a Web Component then add 'CUSTOM_ELEMENTS_SCHEMA' to the '@NgModule.schemas' of this component to suppress this message.'
,Chrome Headless 114.0.5735.199 (Windows 10) ERROR: 'NG0304: 'fa-icon' is not a known element (used in the 'ProgressBarComponent' component template):
1. If 'fa-icon' is an Angular component, then verify that it is a part of an @NgModule where this component is declared.
2. If 'fa-icon' is a Web Component then add 'CUSTOM_ELEMENTS_SCHEMA' to the '@NgModule.schemas' of this component to suppress this message.'
,Chrome Headless 114.0.5735.199 (Windows 10) ERROR: 'NG0303: Can't bind to 'icon' since it isn't a known property of 'fa-icon' (used in the 'ProgressBarComponent' component template).
1. If 'fa-icon' is an Angular component and it has the 'icon' input, then verify that it is a part of an @NgModule where this component is declared.
2. If 'fa-icon' is a Web Component then add 'CUSTOM_ELEMENTS_SCHEMA' to the '@NgModule.schemas' of this component to suppress this message.
3. To allow any property add 'NO_ERRORS_SCHEMA' to the '@NgModule.schemas' of this component.'
,Chrome Headless 114.0.5735.199 (Windows 10) ERROR: 'NG0303: Can't bind to 'value' since it isn't a known property of 'p-progressBar' (used in the 'ProgressBarComponent' component template).
1. If 'p-progressBar' is an Angular component and it has the 'value' input, then verify that it is a part of an @NgModule where this component is declared.
2. If 'p-progressBar' is a Web Component then add 'CUSTOM_ELEMENTS_SCHEMA' to the '@NgModule.schemas' of this component to suppress this message.
3. To allow any property add 'NO_ERRORS_SCHEMA' to the '@NgModule.schemas' of this component.'
,Chrome Headless 114.0.5735.199 (Windows 10) ERROR: 'NG0303: Can't bind to 'showValue' since it isn't a known property of 'p-progressBar' (used in the 'ProgressBarComponent' component template).
1. If 'p-progressBar' is an Angular component and it has the 'showValue' input, then verify that it is a part of an @NgModule where this component is declared.
2. If 'p-progressBar' is a Web Component then add 'CUSTOM_ELEMENTS_SCHEMA' to the '@NgModule.schemas' of this component to suppress this message.
3. To allow any property add 'NO_ERRORS_SCHEMA' to the '@NgModule.schemas' of this component.'
,Chrome Headless 114.0.5735.199 (Windows 10) ERROR: 'NG0303: Can't bind to 'icon' since it isn't a known property of 'fa-icon' (used in the 'ProgressBarComponent' component template).
1. If 'fa-icon' is an Angular component and it has the 'icon' input, then verify that it is a part of an @NgModule where this component is declared.
2. If 'fa-icon' is a Web Component then add 'CUSTOM_ELEMENTS_SCHEMA' to the '@NgModule.schemas' of this component to suppress this message.
3. To allow any property add 'NO_ERRORS_SCHEMA' to the '@NgModule.schemas' of this component.'
,Chrome Headless 114.0.5735.199 (Windows 10) LOG: 'Review'
,Chrome Headless 114.0.5735.199 (Windows 10) ERROR: 'NG0304: 'fa-icon' is not a known element (used in the 'FileUploadReviewComponent' component template):
1. If 'fa-icon' is an Angular component, then verify that it is a part of an @NgModule where this component is declared.
2. If 'fa-icon' is a Web Component then add 'CUSTOM_ELEMENTS_SCHEMA' to the '@NgModule.schemas' of this component to suppress this message.'
,Chrome Headless 114.0.5735.199 (Windows 10) ERROR: 'NG0304: 'p-button' is not a known element (used in the 'FileUploadReviewComponent' component template):
1. If 'p-button' is an Angular component, then verify that it is a part of an @NgModule where this component is declared.
2. If 'p-button' is a Web Component then add 'CUSTOM_ELEMENTS_SCHEMA' to the '@NgModule.schemas' of this component to suppress this message.'
,Chrome Headless 114.0.5735.199 (Windows 10) ERROR: 'NG0304: 'p-button' is not a known element (used in the 'FileUploadReviewComponent' component template):
1. If 'p-button' is an Angular component, then verify that it is a part of an @NgModule where this component is declared.
2. If 'p-button' is a Web Component then add 'CUSTOM_ELEMENTS_SCHEMA' to the '@NgModule.schemas' of this component to suppress this message.'
,Chrome Headless 114.0.5735.199 (Windows 10) ERROR: 'NG0303: Can't bind to 'icon' since it isn't a known property of 'fa-icon' (used in the 'FileUploadReviewComponent' component template).
1. If 'fa-icon' is an Angular component and it has the 'icon' input, then verify that it is a part of an @NgModule where this component is declared.
2. If 'fa-icon' is a Web Component then add 'CUSTOM_ELEMENTS_SCHEMA' to the '@NgModule.schemas' of this component to suppress this message.
3. To allow any property add 'NO_ERRORS_SCHEMA' to the '@NgModule.schemas' of this component.'
,Chrome Headless 114.0.5735.199 (Windows 10) ERROR: 'NG0303: Can't bind to 'label' since it isn't a known property of 'p-button' (used in the 'FileUploadReviewComponent' component template).
1. If 'p-button' is an Angular component and it has the 'label' input, then verify that it is a part of an @NgModule where this component is declared.
2. If 'p-button' is a Web Component then add 'CUSTOM_ELEMENTS_SCHEMA' to the '@NgModule.schemas' of this component to suppress this message.
3. To allow any property add 'NO_ERRORS_SCHEMA' to the '@NgModule.schemas' of this component.'
,Chrome Headless 114.0.5735.199 (Windows 10) ERROR: 'NG0303: Can't bind to 'label' since it isn't a known property of 'p-button' (used in the 'FileUploadReviewComponent' component template).
1. If 'p-button' is an Angular component and it has the 'label' input, then verify that it is a part of an @NgModule where this component is declared.
2. If 'p-button' is a Web Component then add 'CUSTOM_ELEMENTS_SCHEMA' to the '@NgModule.schemas' of this component to suppress this message.
3. To allow any property add 'NO_ERRORS_SCHEMA' to the '@NgModule.schemas' of this component.'
,Chrome Headless 114.0.5735.199 (Windows 10) ERROR: 'NG0304: 'fa-icon' is not a known element (used in the 'FileUploadReviewComponent' component template):
1. If 'fa-icon' is an Angular component, then verify that it is a part of an @NgModule where this component is declared.
2. If 'fa-icon' is a Web Component then add 'CUSTOM_ELEMENTS_SCHEMA' to the '@NgModule.schemas' of this component to suppress this message.'
,Chrome Headless 114.0.5735.199 (Windows 10) ERROR: 'NG0304: 'p-button' is not a known element (used in the 'FileUploadReviewComponent' component template):
1. If 'p-button' is an Angular component, then verify that it is a part of an @NgModule where this component is declared.
2. If 'p-button' is a Web Component then add 'CUSTOM_ELEMENTS_SCHEMA' to the '@NgModule.schemas' of this component to suppress this message.'
,Chrome Headless 114.0.5735.199 (Windows 10) ERROR: 'NG0304: 'p-button' is not a known element (used in the 'FileUploadReviewComponent' component template):
1. If 'p-button' is an Angular component, then verify that it is a part of an @NgModule where this component is declared.
2. If 'p-button' is a Web Component then add 'CUSTOM_ELEMENTS_SCHEMA' to the '@NgModule.schemas' of this component to suppress this message.'
,Chrome Headless 114.0.5735.199 (Windows 10) ERROR: 'NG0303: Can't bind to 'icon' since it isn't a known property of 'fa-icon' (used in the 'FileUploadReviewComponent' component template).
1. If 'fa-icon' is an Angular component and it has the 'icon' input, then verify that it is a part of an @NgModule where this component is declared.
2. If 'fa-icon' is a Web Component then add 'CUSTOM_ELEMENTS_SCHEMA' to the '@NgModule.schemas' of this component to suppress this message.
3. To allow any property add 'NO_ERRORS_SCHEMA' to the '@NgModule.schemas' of this component.'
,Chrome Headless 114.0.5735.199 (Windows 10) ERROR: 'NG0303: Can't bind to 'label' since it isn't a known property of 'p-button' (used in the 'FileUploadReviewComponent' component template).
1. If 'p-button' is an Angular component and it has the 'label' input, then verify that it is a part of an @NgModule where this component is declared.
2. If 'p-button' is a Web Component then add 'CUSTOM_ELEMENTS_SCHEMA' to the '@NgModule.schemas' of this component to suppress this message.
3. To allow any property add 'NO_ERRORS_SCHEMA' to the '@NgModule.schemas' of this component.'
,Chrome Headless 114.0.5735.199 (Windows 10) ERROR: 'NG0303: Can't bind to 'label' since it isn't a known property of 'p-button' (used in the 'FileUploadReviewComponent' component template).
1. If 'p-button' is an Angular component and it has the 'label' input, then verify that it is a part of an @NgModule where this component is declared.
2. If 'p-button' is a Web Component then add 'CUSTOM_ELEMENTS_SCHEMA' to the '@NgModule.schemas' of this component to suppress this message.
3. To allow any property add 'NO_ERRORS_SCHEMA' to the '@NgModule.schemas' of this component.'
,Chrome Headless 114.0.5735.199 (Windows 10) ERROR: 'NG0304: 'fa-icon' is not a known element (used in the 'FileUploadReviewComponent' component template):
1. If 'fa-icon' is an Angular component, then verify that it is a part of an @NgModule where this component is declared.
2. If 'fa-icon' is a Web Component then add 'CUSTOM_ELEMENTS_SCHEMA' to the '@NgModule.schemas' of this component to suppress this message.'
,Chrome Headless 114.0.5735.199 (Windows 10) ERROR: 'NG0304: 'p-button' is not a known element (used in the 'FileUploadReviewComponent' component template):
1. If 'p-button' is an Angular component, then verify that it is a part of an @NgModule where this component is declared.
2. If 'p-button' is a Web Component then add 'CUSTOM_ELEMENTS_SCHEMA' to the '@NgModule.schemas' of this component to suppress this message.'
,Chrome Headless 114.0.5735.199 (Windows 10) ERROR: 'NG0304: 'p-button' is not a known element (used in the 'FileUploadReviewComponent' component template):
1. If 'p-button' is an Angular component, then verify that it is a part of an @NgModule where this component is declared.
2. If 'p-button' is a Web Component then add 'CUSTOM_ELEMENTS_SCHEMA' to the '@NgModule.schemas' of this component to suppress this message.'
,Chrome Headless 114.0.5735.199 (Windows 10) ERROR: 'NG0303: Can't bind to 'icon' since it isn't a known property of 'fa-icon' (used in the 'FileUploadReviewComponent' component template).
1. If 'fa-icon' is an Angular component and it has the 'icon' input, then verify that it is a part of an @NgModule where this component is declared.
2. If 'fa-icon' is a Web Component then add 'CUSTOM_ELEMENTS_SCHEMA' to the '@NgModule.schemas' of this component to suppress this message.
3. To allow any property add 'NO_ERRORS_SCHEMA' to the '@NgModule.schemas' of this component.'
,Chrome Headless 114.0.5735.199 (Windows 10) ERROR: 'NG0303: Can't bind to 'label' since it isn't a known property of 'p-button' (used in the 'FileUploadReviewComponent' component template).
1. If 'p-button' is an Angular component and it has the 'label' input, then verify that it is a part of an @NgModule where this component is declared.
2. If 'p-button' is a Web Component then add 'CUSTOM_ELEMENTS_SCHEMA' to the '@NgModule.schemas' of this component to suppress this message.
3. To allow any property add 'NO_ERRORS_SCHEMA' to the '@NgModule.schemas' of this component.'
,Chrome Headless 114.0.5735.199 (Windows 10) ERROR: 'NG0303: Can't bind to 'label' since it isn't a known property of 'p-button' (used in the 'FileUploadReviewComponent' component template).
1. If 'p-button' is an Angular component and it has the 'label' input, then verify that it is a part of an @NgModule where this component is declared.
2. If 'p-button' is a Web Component then add 'CUSTOM_ELEMENTS_SCHEMA' to the '@NgModule.schemas' of this component to suppress this message.
3. To allow any property add 'NO_ERRORS_SCHEMA' to the '@NgModule.schemas' of this component.'
,Chrome Headless 114.0.5735.199 (Windows 10) ERROR: 'NG0304: 'fa-icon' is not a known element (used in the 'FileUploadReviewComponent' component template):
1. If 'fa-icon' is an Angular component, then verify that it is a part of an @NgModule where this component is declared.
2. If 'fa-icon' is a Web Component then add 'CUSTOM_ELEMENTS_SCHEMA' to the '@NgModule.schemas' of this component to suppress this message.'
,Chrome Headless 114.0.5735.199 (Windows 10) ERROR: 'NG0304: 'p-button' is not a known element (used in the 'FileUploadReviewComponent' component template):
1. If 'p-button' is an Angular component, then verify that it is a part of an @NgModule where this component is declared.
2. If 'p-button' is a Web Component then add 'CUSTOM_ELEMENTS_SCHEMA' to the '@NgModule.schemas' of this component to suppress this message.'
,Chrome Headless 114.0.5735.199 (Windows 10) ERROR: 'NG0304: 'p-button' is not a known element (used in the 'FileUploadReviewComponent' component template):
1. If 'p-button' is an Angular component, then verify that it is a part of an @NgModule where this component is declared.
2. If 'p-button' is a Web Component then add 'CUSTOM_ELEMENTS_SCHEMA' to the '@NgModule.schemas' of this component to suppress this message.'
,Chrome Headless 114.0.5735.199 (Windows 10) ERROR: 'NG0303: Can't bind to 'icon' since it isn't a known property of 'fa-icon' (used in the 'FileUploadReviewComponent' component template).
1. If 'fa-icon' is an Angular component and it has the 'icon' input, then verify that it is a part of an @NgModule where this component is declared.
2. If 'fa-icon' is a Web Component then add 'CUSTOM_ELEMENTS_SCHEMA' to the '@NgModule.schemas' of this component to suppress this message.
3. To allow any property add 'NO_ERRORS_SCHEMA' to the '@NgModule.schemas' of this component.'
,Chrome Headless 114.0.5735.199 (Windows 10) ERROR: 'NG0303: Can't bind to 'label' since it isn't a known property of 'p-button' (used in the 'FileUploadReviewComponent' component template).
1. If 'p-button' is an Angular component and it has the 'label' input, then verify that it is a part of an @NgModule where this component is declared.
2. If 'p-button' is a Web Component then add 'CUSTOM_ELEMENTS_SCHEMA' to the '@NgModule.schemas' of this component to suppress this message.
3. To allow any property add 'NO_ERRORS_SCHEMA' to the '@NgModule.schemas' of this component.'
,Chrome Headless 114.0.5735.199 (Windows 10) ERROR: 'NG0303: Can't bind to 'label' since it isn't a known property of 'p-button' (used in the 'FileUploadReviewComponent' component template).
1. If 'p-button' is an Angular component and it has the 'label' input, then verify that it is a part of an @NgModule where this component is declared.
2. If 'p-button' is a Web Component then add 'CUSTOM_ELEMENTS_SCHEMA' to the '@NgModule.schemas' of this component to suppress this message.
3. To allow any property add 'NO_ERRORS_SCHEMA' to the '@NgModule.schemas' of this component.'
,Chrome Headless 114.0.5735.199 (Windows 10) ERROR: 'NG0304: 'p-fileUpload' is not a known element (used in the 'FileUploadComponent' component template):
1. If 'p-fileUpload' is an Angular component, then verify that it is a part of an @NgModule where this component is declared.
2. If 'p-fileUpload' is a Web Component then add 'CUSTOM_ELEMENTS_SCHEMA' to the '@NgModule.schemas' of this component to suppress this message.'
,Chrome Headless 114.0.5735.199 (Windows 10) ERROR: 'NG0303: Can't bind to 'multiple' since it isn't a known property of 'p-fileUpload' (used in the 'FileUploadComponent' component template).
1. If 'p-fileUpload' is an Angular component and it has the 'multiple' input, then verify that it is a part of an @NgModule where this component is declared.
2. If 'p-fileUpload' is a Web Component then add 'CUSTOM_ELEMENTS_SCHEMA' to the '@NgModule.schemas' of this component to suppress this message.
3. To allow any property add 'NO_ERRORS_SCHEMA' to the '@NgModule.schemas' of this component.'
,Chrome Headless 114.0.5735.199 (Windows 10) ERROR: 'NG0303: Can't bind to 'showUploadButton' since it isn't a known property of 'p-fileUpload' (used in the 'FileUploadComponent' component template).
1. If 'p-fileUpload' is an Angular component and it has the 'showUploadButton' input, then verify that it is a part of an @NgModule where this component is declared.
2. If 'p-fileUpload' is a Web Component then add 'CUSTOM_ELEMENTS_SCHEMA' to the '@NgModule.schemas' of this component to suppress this message.
3. To allow any property add 'NO_ERRORS_SCHEMA' to the '@NgModule.schemas' of this component.'
,Chrome Headless 114.0.5735.199 (Windows 10) ERROR: 'NG0303: Can't bind to 'showCancelButton' since it isn't a known property of 'p-fileUpload' (used in the 'FileUploadComponent' component template).
1. If 'p-fileUpload' is an Angular component and it has the 'showCancelButton' input, then verify that it is a part of an @NgModule where this component is declared.
2. If 'p-fileUpload' is a Web Component then add 'CUSTOM_ELEMENTS_SCHEMA' to the '@NgModule.schemas' of this component to suppress this message.
3. To allow any property add 'NO_ERRORS_SCHEMA' to the '@NgModule.schemas' of this component.'
,Chrome Headless 114.0.5735.199 (Windows 10) ERROR: 'NG0304: 'p-fileUpload' is not a known element (used in the 'FileUploadComponent' component template):
1. If 'p-fileUpload' is an Angular component, then verify that it is a part of an @NgModule where this component is declared.
2. If 'p-fileUpload' is a Web Component then add 'CUSTOM_ELEMENTS_SCHEMA' to the '@NgModule.schemas' of this component to suppress this message.'
,Chrome Headless 114.0.5735.199 (Windows 10) ERROR: 'NG0303: Can't bind to 'multiple' since it isn't a known property of 'p-fileUpload' (used in the 'FileUploadComponent' component template).
1. If 'p-fileUpload' is an Angular component and it has the 'multiple' input, then verify that it is a part of an @NgModule where this component is declared.
2. If 'p-fileUpload' is a Web Component then add 'CUSTOM_ELEMENTS_SCHEMA' to the '@NgModule.schemas' of this component to suppress this message.
3. To allow any property add 'NO_ERRORS_SCHEMA' to the '@NgModule.schemas' of this component.'
,Chrome Headless 114.0.5735.199 (Windows 10) ERROR: 'NG0303: Can't bind to 'showUploadButton' since it isn't a known property of 'p-fileUpload' (used in the 'FileUploadComponent' component template).
1. If 'p-fileUpload' is an Angular component and it has the 'showUploadButton' input, then verify that it is a part of an @NgModule where this component is declared.
2. If 'p-fileUpload' is a Web Component then add 'CUSTOM_ELEMENTS_SCHEMA' to the '@NgModule.schemas' of this component to suppress this message.
3. To allow any property add 'NO_ERRORS_SCHEMA' to the '@NgModule.schemas' of this component.'
,Chrome Headless 114.0.5735.199 (Windows 10) ERROR: 'NG0303: Can't bind to 'showCancelButton' since it isn't a known property of 'p-fileUpload' (used in the 'FileUploadComponent' component template).
1. If 'p-fileUpload' is an Angular component and it has the 'showCancelButton' input, then verify that it is a part of an @NgModule where this component is declared.
2. If 'p-fileUpload' is a Web Component then add 'CUSTOM_ELEMENTS_SCHEMA' to the '@NgModule.schemas' of this component to suppress this message.
3. To allow any property add 'NO_ERRORS_SCHEMA' to the '@NgModule.schemas' of this component.'
,Chrome Headless 114.0.5735.199 (Windows 10) WARN: 'Spec 'AppComponent should render title' has no expectations.'
,Chrome Headless 114.0.5735.199 (Windows 10) ERROR: 'NG0304: 'payment-file-upload' is not a known element (used in the 'FileUploadDialogComponent' component template):
1. If 'payment-file-upload' is an Angular component, then verify that it is a part of an @NgModule where this component is declared.
2. If 'payment-file-upload' is a Web Component then add 'CUSTOM_ELEMENTS_SCHEMA' to the '@NgModule.schemas' of this component to suppress this message.'
,Chrome Headless 114.0.5735.199 (Windows 10) ERROR: 'NG0304: 'payment-file-upload' is not a known element (used in the 'FileUploadDialogComponent' component template):
1. If 'payment-file-upload' is an Angular component, then verify that it is a part of an @NgModule where this component is declared.
2. If 'payment-file-upload' is a Web Component then add 'CUSTOM_ELEMENTS_SCHEMA' to the '@NgModule.schemas' of this component to suppress this message.'
,Chrome Headless 114.0.5735.199 (Windows 10) ERROR: 'NG0304: 'payment-file-upload' is not a known element (used in the 'FileUploadDialogComponent' component template):
1. If 'payment-file-upload' is an Angular component, then verify that it is a part of an @NgModule where this component is declared.
2. If 'payment-file-upload' is a Web Component then add 'CUSTOM_ELEMENTS_SCHEMA' to the '@NgModule.schemas' of this component to suppress this message.'
,Chrome Headless 114.0.5735.199 (Windows 10) ERROR: 'NG0304: 'payment-file-upload' is not a known element (used in the 'FileUploadDialogComponent' component template):
1. If 'payment-file-upload' is an Angular component, then verify that it is a part of an @NgModule where this component is declared.
2. If 'payment-file-upload' is a Web Component then add 'CUSTOM_ELEMENTS_SCHEMA' to the '@NgModule.schemas' of this component to suppress this message.'
,Chrome Headless 114.0.5735.199 (Windows 10) ERROR: 'NG0304: 'payment-file-upload' is not a known element (used in the 'FileUploadDialogComponent' component template):
1. If 'payment-file-upload' is an Angular component, then verify that it is a part of an @NgModule where this component is declared.
2. If 'payment-file-upload' is a Web Component then add 'CUSTOM_ELEMENTS_SCHEMA' to the '@NgModule.schemas' of this component to suppress this message.'
,Chrome Headless 114.0.5735.199 (Windows 10) ERROR: 'NG0304: 'payment-file-upload' is not a known element (used in the 'FileUploadDialogComponent' component template):
1. If 'payment-file-upload' is an Angular component, then verify that it is a part of an @NgModule where this component is declared.
2. If 'payment-file-upload' is a Web Component then add 'CUSTOM_ELEMENTS_SCHEMA' to the '@NgModule.schemas' of this component to suppress this message.'
,Chrome Headless 114.0.5735.199 (Windows 10) ERROR: 'NG0304: 'p-toast' is not a known element (used in the 'LandingComponent' component template):
1. If 'p-toast' is an Angular component, then verify that it is a part of an @NgModule where this component is declared.
2. If 'p-toast' is a Web Component then add 'CUSTOM_ELEMENTS_SCHEMA' to the '@NgModule.schemas' of this component to suppress this message.'
,Chrome Headless 114.0.5735.199 (Windows 10) ERROR: 'NG0304: 'yeti-page-template' is not a known element (used in the 'LandingComponent' component template):
1. If 'yeti-page-template' is an Angular component, then verify that it is a part of an @NgModule where this component is declared.
2. If 'yeti-page-template' is a Web Component then add 'CUSTOM_ELEMENTS_SCHEMA' to the '@NgModule.schemas' of this component to suppress this message.'
,Chrome Headless 114.0.5735.199 (Windows 10) ERROR: 'NG0304: 'yeti-search-and-filter' is not a known element (used in the 'LandingComponent' component template):
1. If 'yeti-search-and-filter' is an Angular component, then verify that it is a part of an @NgModule where this component is declared.
2. If 'yeti-search-and-filter' is a Web Component then add 'CUSTOM_ELEMENTS_SCHEMA' to the '@NgModule.schemas' of this component to suppress this message.'
,Chrome Headless 114.0.5735.199 (Windows 10) ERROR: 'NG0303: Can't bind to 'baseZIndex' since it isn't a known property of 'p-toast' (used in the 'LandingComponent' component template).
1. If 'p-toast' is an Angular component and it has the 'baseZIndex' input, then verify that it is a part of an @NgModule where this component is declared.
2. If 'p-toast' is a Web Component then add 'CUSTOM_ELEMENTS_SCHEMA' to the '@NgModule.schemas' of this component to suppress this message.
3. To allow any property add 'NO_ERRORS_SCHEMA' to the '@NgModule.schemas' of this component.'
,Chrome Headless 114.0.5735.199 (Windows 10) ERROR: 'NG0303: Can't bind to 'preventOpenDuplicates' since it isn't a known property of 'p-toast' (used in the 'LandingComponent' component template).
1. If 'p-toast' is an Angular component and it has the 'preventOpenDuplicates' input, then verify that it is a part of an @NgModule where this component is declared.
2. If 'p-toast' is a Web Component then add 'CUSTOM_ELEMENTS_SCHEMA' to the '@NgModule.schemas' of this component to suppress this message.
3. To allow any property add 'NO_ERRORS_SCHEMA' to the '@NgModule.schemas' of this component.'
,Chrome Headless 114.0.5735.199 (Windows 10) ERROR: 'NG0303: Can't bind to 'headerButtons' since it isn't a known property of 'yeti-page-template' (used in the 'LandingComponent' component template).
1. If 'yeti-page-template' is an Angular component and it has the 'headerButtons' input, then verify that it is a part of an @NgModule where this component is declared.
2. If 'yeti-page-template' is a Web Component then add 'CUSTOM_ELEMENTS_SCHEMA' to the '@NgModule.schemas' of this component to suppress this message.
3. To allow any property add 'NO_ERRORS_SCHEMA' to the '@NgModule.schemas' of this component.'
,Chrome Headless 114.0.5735.199 (Windows 10) ERROR: 'NG0303: Can't bind to 'headerTitle' since it isn't a known property of 'yeti-page-template' (used in the 'LandingComponent' component template).
1. If 'yeti-page-template' is an Angular component and it has the 'headerTitle' input, then verify that it is a part of an @NgModule where this component is declared.
2. If 'yeti-page-template' is a Web Component then add 'CUSTOM_ELEMENTS_SCHEMA' to the '@NgModule.schemas' of this component to suppress this message.
3. To allow any property add 'NO_ERRORS_SCHEMA' to the '@NgModule.schemas' of this component.'
,Chrome Headless 114.0.5735.199 (Windows 10) ERROR: 'NG0303: Can't bind to 'isLoading' since it isn't a known property of 'yeti-page-template' (used in the 'LandingComponent' component template).
1. If 'yeti-page-template' is an Angular component and it has the 'isLoading' input, then verify that it is a part of an @NgModule where this component is declared.
2. If 'yeti-page-template' is a Web Component then add 'CUSTOM_ELEMENTS_SCHEMA' to the '@NgModule.schemas' of this component to suppress this message.
3. To allow any property add 'NO_ERRORS_SCHEMA' to the '@NgModule.schemas' of this component.'
,Chrome Headless 114.0.5735.199 (Windows 10) ERROR: 'NG0304: 'p-toast' is not a known element (used in the 'LandingComponent' component template):
1. If 'p-toast' is an Angular component, then verify that it is a part of an @NgModule where this component is declared.
2. If 'p-toast' is a Web Component then add 'CUSTOM_ELEMENTS_SCHEMA' to the '@NgModule.schemas' of this component to suppress this message.'
,Chrome Headless 114.0.5735.199 (Windows 10) ERROR: 'NG0304: 'yeti-page-template' is not a known element (used in the 'LandingComponent' component template):
1. If 'yeti-page-template' is an Angular component, then verify that it is a part of an @NgModule where this component is declared.
2. If 'yeti-page-template' is a Web Component then add 'CUSTOM_ELEMENTS_SCHEMA' to the '@NgModule.schemas' of this component to suppress this message.'
,Chrome Headless 114.0.5735.199 (Windows 10) ERROR: 'NG0304: 'yeti-search-and-filter' is not a known element (used in the 'LandingComponent' component template):
1. If 'yeti-search-and-filter' is an Angular component, then verify that it is a part of an @NgModule where this component is declared.
2. If 'yeti-search-and-filter' is a Web Component then add 'CUSTOM_ELEMENTS_SCHEMA' to the '@NgModule.schemas' of this component to suppress this message.'
,Chrome Headless 114.0.5735.199 (Windows 10) ERROR: 'NG0303: Can't bind to 'baseZIndex' since it isn't a known property of 'p-toast' (used in the 'LandingComponent' component template).
1. If 'p-toast' is an Angular component and it has the 'baseZIndex' input, then verify that it is a part of an @NgModule where this component is declared.
2. If 'p-toast' is a Web Component then add 'CUSTOM_ELEMENTS_SCHEMA' to the '@NgModule.schemas' of this component to suppress this message.
3. To allow any property add 'NO_ERRORS_SCHEMA' to the '@NgModule.schemas' of this component.'
,Chrome Headless 114.0.5735.199 (Windows 10) ERROR: 'NG0303: Can't bind to 'preventOpenDuplicates' since it isn't a known property of 'p-toast' (used in the 'LandingComponent' component template).
1. If 'p-toast' is an Angular component and it has the 'preventOpenDuplicates' input, then verify that it is a part of an @NgModule where this component is declared.
2. If 'p-toast' is a Web Component then add 'CUSTOM_ELEMENTS_SCHEMA' to the '@NgModule.schemas' of this component to suppress this message.
3. To allow any property add 'NO_ERRORS_SCHEMA' to the '@NgModule.schemas' of this component.'
,Chrome Headless 114.0.5735.199 (Windows 10) ERROR: 'NG0303: Can't bind to 'headerButtons' since it isn't a known property of 'yeti-page-template' (used in the 'LandingComponent' component template).
1. If 'yeti-page-template' is an Angular component and it has the 'headerButtons' input, then verify that it is a part of an @NgModule where this component is declared.
2. If 'yeti-page-template' is a Web Component then add 'CUSTOM_ELEMENTS_SCHEMA' to the '@NgModule.schemas' of this component to suppress this message.
3. To allow any property add 'NO_ERRORS_SCHEMA' to the '@NgModule.schemas' of this component.'
,Chrome Headless 114.0.5735.199 (Windows 10) ERROR: 'NG0303: Can't bind to 'headerTitle' since it isn't a known property of 'yeti-page-template' (used in the 'LandingComponent' component template).
1. If 'yeti-page-template' is an Angular component and it has the 'headerTitle' input, then verify that it is a part of an @NgModule where this component is declared.
2. If 'yeti-page-template' is a Web Component then add 'CUSTOM_ELEMENTS_SCHEMA' to the '@NgModule.schemas' of this component to suppress this message.
3. To allow any property add 'NO_ERRORS_SCHEMA' to the '@NgModule.schemas' of this component.'
,Chrome Headless 114.0.5735.199 (Windows 10) ERROR: 'NG0303: Can't bind to 'isLoading' since it isn't a known property of 'yeti-page-template' (used in the 'LandingComponent' component template).
1. If 'yeti-page-template' is an Angular component and it has the 'isLoading' input, then verify that it is a part of an @NgModule where this component is declared.
2. If 'yeti-page-template' is a Web Component then add 'CUSTOM_ELEMENTS_SCHEMA' to the '@NgModule.schemas' of this component to suppress this message.
3. To allow any property add 'NO_ERRORS_SCHEMA' to the '@NgModule.schemas' of this component.'
,Chrome Headless 114.0.5735.199 (Windows 10) WARN: 'Spec 'LandingComponent should call ngOnInit' has no expectations.'
,Chrome Headless 114.0.5735.199 (Windows 10) ERROR: 'NG0304: 'p-toast' is not a known element (used in the 'LandingComponent' component template):
1. If 'p-toast' is an Angular component, then verify that it is a part of an @NgModule where this component is declared.
2. If 'p-toast' is a Web Component then add 'CUSTOM_ELEMENTS_SCHEMA' to the '@NgModule.schemas' of this component to suppress this message.'
,Chrome Headless 114.0.5735.199 (Windows 10) ERROR: 'NG0304: 'yeti-page-template' is not a known element (used in the 'LandingComponent' component template):
1. If 'yeti-page-template' is an Angular component, then verify that it is a part of an @NgModule where this component is declared.
2. If 'yeti-page-template' is a Web Component then add 'CUSTOM_ELEMENTS_SCHEMA' to the '@NgModule.schemas' of this component to suppress this message.'
,Chrome Headless 114.0.5735.199 (Windows 10) ERROR: 'NG0304: 'yeti-search-and-filter' is not a known element (used in the 'LandingComponent' component template):
1. If 'yeti-search-and-filter' is an Angular component, then verify that it is a part of an @NgModule where this component is declared.
2. If 'yeti-search-and-filter' is a Web Component then add 'CUSTOM_ELEMENTS_SCHEMA' to the '@NgModule.schemas' of this component to suppress this message.'
,Chrome Headless 114.0.5735.199 (Windows 10) ERROR: 'NG0303: Can't bind to 'baseZIndex' since it isn't a known property of 'p-toast' (used in the 'LandingComponent' component template).
1. If 'p-toast' is an Angular component and it has the 'baseZIndex' input, then verify that it is a part of an @NgModule where this component is declared.
2. If 'p-toast' is a Web Component then add 'CUSTOM_ELEMENTS_SCHEMA' to the '@NgModule.schemas' of this component to suppress this message.
3. To allow any property add 'NO_ERRORS_SCHEMA' to the '@NgModule.schemas' of this component.'
,Chrome Headless 114.0.5735.199 (Windows 10) ERROR: 'NG0303: Can't bind to 'preventOpenDuplicates' since it isn't a known property of 'p-toast' (used in the 'LandingComponent' component template).
1. If 'p-toast' is an Angular component and it has the 'preventOpenDuplicates' input, then verify that it is a part of an @NgModule where this component is declared.
2. If 'p-toast' is a Web Component then add 'CUSTOM_ELEMENTS_SCHEMA' to the '@NgModule.schemas' of this component to suppress this message.
3. To allow any property add 'NO_ERRORS_SCHEMA' to the '@NgModule.schemas' of this component.'
,Chrome Headless 114.0.5735.199 (Windows 10) ERROR: 'NG0303: Can't bind to 'headerButtons' since it isn't a known property of 'yeti-page-template' (used in the 'LandingComponent' component template).
1. If 'yeti-page-template' is an Angular component and it has the 'headerButtons' input, then verify that it is a part of an @NgModule where this component is declared.
2. If 'yeti-page-template' is a Web Component then add 'CUSTOM_ELEMENTS_SCHEMA' to the '@NgModule.schemas' of this component to suppress this message.
3. To allow any property add 'NO_ERRORS_SCHEMA' to the '@NgModule.schemas' of this component.'
,Chrome Headless 114.0.5735.199 (Windows 10) ERROR: 'NG0303: Can't bind to 'headerTitle' since it isn't a known property of 'yeti-page-template' (used in the 'LandingComponent' component template).
1. If 'yeti-page-template' is an Angular component and it has the 'headerTitle' input, then verify that it is a part of an @NgModule where this component is declared.
2. If 'yeti-page-template' is a Web Component then add 'CUSTOM_ELEMENTS_SCHEMA' to the '@NgModule.schemas' of this component to suppress this message.
3. To allow any property add 'NO_ERRORS_SCHEMA' to the '@NgModule.schemas' of this component.'
,Chrome Headless 114.0.5735.199 (Windows 10) ERROR: 'NG0303: Can't bind to 'isLoading' since it isn't a known property of 'yeti-page-template' (used in the 'LandingComponent' component template).
1. If 'yeti-page-template' is an Angular component and it has the 'isLoading' input, then verify that it is a part of an @NgModule where this component is declared.
2. If 'yeti-page-template' is a Web Component then add 'CUSTOM_ELEMENTS_SCHEMA' to the '@NgModule.schemas' of this component to suppress this message.
3. To allow any property add 'NO_ERRORS_SCHEMA' to the '@NgModule.schemas' of this component.'
,Chrome Headless 114.0.5735.199 (Windows 10) ERROR: 'NG0304: 'p-toast' is not a known element (used in the 'LandingComponent' component template):
1. If 'p-toast' is an Angular component, then verify that it is a part of an @NgModule where this component is declared.
2. If 'p-toast' is a Web Component then add 'CUSTOM_ELEMENTS_SCHEMA' to the '@NgModule.schemas' of this component to suppress this message.'
,Chrome Headless 114.0.5735.199 (Windows 10) ERROR: 'NG0304: 'yeti-page-template' is not a known element (used in the 'LandingComponent' component template):
1. If 'yeti-page-template' is an Angular component, then verify that it is a part of an @NgModule where this component is declared.
2. If 'yeti-page-template' is a Web Component then add 'CUSTOM_ELEMENTS_SCHEMA' to the '@NgModule.schemas' of this component to suppress this message.'
,Chrome Headless 114.0.5735.199 (Windows 10) ERROR: 'NG0304: 'yeti-search-and-filter' is not a known element (used in the 'LandingComponent' component template):
1. If 'yeti-search-and-filter' is an Angular component, then verify that it is a part of an @NgModule where this component is declared.
2. If 'yeti-search-and-filter' is a Web Component then add 'CUSTOM_ELEMENTS_SCHEMA' to the '@NgModule.schemas' of this component to suppress this message.'
,Chrome Headless 114.0.5735.199 (Windows 10) ERROR: 'NG0303: Can't bind to 'baseZIndex' since it isn't a known property of 'p-toast' (used in the 'LandingComponent' component template).
1. If 'p-toast' is an Angular component and it has the 'baseZIndex' input, then verify that it is a part of an @NgModule where this component is declared.
2. If 'p-toast' is a Web Component then add 'CUSTOM_ELEMENTS_SCHEMA' to the '@NgModule.schemas' of this component to suppress this message.
3. To allow any property add 'NO_ERRORS_SCHEMA' to the '@NgModule.schemas' of this component.'
,Chrome Headless 114.0.5735.199 (Windows 10) ERROR: 'NG0303: Can't bind to 'preventOpenDuplicates' since it isn't a known property of 'p-toast' (used in the 'LandingComponent' component template).
1. If 'p-toast' is an Angular component and it has the 'preventOpenDuplicates' input, then verify that it is a part of an @NgModule where this component is declared.
2. If 'p-toast' is a Web Component then add 'CUSTOM_ELEMENTS_SCHEMA' to the '@NgModule.schemas' of this component to suppress this message.
3. To allow any property add 'NO_ERRORS_SCHEMA' to the '@NgModule.schemas' of this component.'
,Chrome Headless 114.0.5735.199 (Windows 10) ERROR: 'NG0303: Can't bind to 'headerButtons' since it isn't a known property of 'yeti-page-template' (used in the 'LandingComponent' component template).
1. If 'yeti-page-template' is an Angular component and it has the 'headerButtons' input, then verify that it is a part of an @NgModule where this component is declared.
2. If 'yeti-page-template' is a Web Component then add 'CUSTOM_ELEMENTS_SCHEMA' to the '@NgModule.schemas' of this component to suppress this message.
3. To allow any property add 'NO_ERRORS_SCHEMA' to the '@NgModule.schemas' of this component.'
,Chrome Headless 114.0.5735.199 (Windows 10) ERROR: 'NG0303: Can't bind to 'headerTitle' since it isn't a known property of 'yeti-page-template' (used in the 'LandingComponent' component template).
1. If 'yeti-page-template' is an Angular component and it has the 'headerTitle' input, then verify that it is a part of an @NgModule where this component is declared.
2. If 'yeti-page-template' is a Web Component then add 'CUSTOM_ELEMENTS_SCHEMA' to the '@NgModule.schemas' of this component to suppress this message.
3. To allow any property add 'NO_ERRORS_SCHEMA' to the '@NgModule.schemas' of this component.'
,Chrome Headless 114.0.5735.199 (Windows 10) ERROR: 'NG0303: Can't bind to 'isLoading' since it isn't a known property of 'yeti-page-template' (used in the 'LandingComponent' component template).
1. If 'yeti-page-template' is an Angular component and it has the 'isLoading' input, then verify that it is a part of an @NgModule where this component is declared.
2. If 'yeti-page-template' is a Web Component then add 'CUSTOM_ELEMENTS_SCHEMA' to the '@NgModule.schemas' of this component to suppress this message.
3. To allow any property add 'NO_ERRORS_SCHEMA' to the '@NgModule.schemas' of this component.'
,Chrome Headless 114.0.5735.199 (Windows 10) ERROR: 'NG0304: 'p-toast' is not a known element (used in the 'LandingComponent' component template):
1. If 'p-toast' is an Angular component, then verify that it is a part of an @NgModule where this component is declared.
2. If 'p-toast' is a Web Component then add 'CUSTOM_ELEMENTS_SCHEMA' to the '@NgModule.schemas' of this component to suppress this message.'
,Chrome Headless 114.0.5735.199 (Windows 10) ERROR: 'NG0304: 'yeti-page-template' is not a known element (used in the 'LandingComponent' component template):
1. If 'yeti-page-template' is an Angular component, then verify that it is a part of an @NgModule where this component is declared.
2. If 'yeti-page-template' is a Web Component then add 'CUSTOM_ELEMENTS_SCHEMA' to the '@NgModule.schemas' of this component to suppress this message.'
,Chrome Headless 114.0.5735.199 (Windows 10) ERROR: 'NG0304: 'yeti-search-and-filter' is not a known element (used in the 'LandingComponent' component template):
1. If 'yeti-search-and-filter' is an Angular component, then verify that it is a part of an @NgModule where this component is declared.
2. If 'yeti-search-and-filter' is a Web Component then add 'CUSTOM_ELEMENTS_SCHEMA' to the '@NgModule.schemas' of this component to suppress this message.'
,Chrome Headless 114.0.5735.199 (Windows 10) ERROR: 'NG0303: Can't bind to 'baseZIndex' since it isn't a known property of 'p-toast' (used in the 'LandingComponent' component template).
1. If 'p-toast' is an Angular component and it has the 'baseZIndex' input, then verify that it is a part of an @NgModule where this component is declared.
2. If 'p-toast' is a Web Component then add 'CUSTOM_ELEMENTS_SCHEMA' to the '@NgModule.schemas' of this component to suppress this message.
3. To allow any property add 'NO_ERRORS_SCHEMA' to the '@NgModule.schemas' of this component.'
,Chrome Headless 114.0.5735.199 (Windows 10) ERROR: 'NG0303: Can't bind to 'preventOpenDuplicates' since it isn't a known property of 'p-toast' (used in the 'LandingComponent' component template).
1. If 'p-toast' is an Angular component and it has the 'preventOpenDuplicates' input, then verify that it is a part of an @NgModule where this component is declared.
2. If 'p-toast' is a Web Component then add 'CUSTOM_ELEMENTS_SCHEMA' to the '@NgModule.schemas' of this component to suppress this message.
3. To allow any property add 'NO_ERRORS_SCHEMA' to the '@NgModule.schemas' of this component.'
,Chrome Headless 114.0.5735.199 (Windows 10) ERROR: 'NG0303: Can't bind to 'headerButtons' since it isn't a known property of 'yeti-page-template' (used in the 'LandingComponent' component template).
1. If 'yeti-page-template' is an Angular component and it has the 'headerButtons' input, then verify that it is a part of an @NgModule where this component is declared.
2. If 'yeti-page-template' is a Web Component then add 'CUSTOM_ELEMENTS_SCHEMA' to the '@NgModule.schemas' of this component to suppress this message.
3. To allow any property add 'NO_ERRORS_SCHEMA' to the '@NgModule.schemas' of this component.'
,Chrome Headless 114.0.5735.199 (Windows 10) ERROR: 'NG0303: Can't bind to 'headerTitle' since it isn't a known property of 'yeti-page-template' (used in the 'LandingComponent' component template).
1. If 'yeti-page-template' is an Angular component and it has the 'headerTitle' input, then verify that it is a part of an @NgModule where this component is declared.
2. If 'yeti-page-template' is a Web Component then add 'CUSTOM_ELEMENTS_SCHEMA' to the '@NgModule.schemas' of this component to suppress this message.
3. To allow any property add 'NO_ERRORS_SCHEMA' to the '@NgModule.schemas' of this component.'
,Chrome Headless 114.0.5735.199 (Windows 10) ERROR: 'NG0303: Can't bind to 'isLoading' since it isn't a known property of 'yeti-page-template' (used in the 'LandingComponent' component template).
1. If 'yeti-page-template' is an Angular component and it has the 'isLoading' input, then verify that it is a part of an @NgModule where this component is declared.
2. If 'yeti-page-template' is a Web Component then add 'CUSTOM_ELEMENTS_SCHEMA' to the '@NgModule.schemas' of this component to suppress this message.
3. To allow any property add 'NO_ERRORS_SCHEMA' to the '@NgModule.schemas' of this component.'
,Chrome Headless 114.0.5735.199 (Windows 10) ERROR: 'NG0304: 'p-toast' is not a known element (used in the 'LandingComponent' component template):
1. If 'p-toast' is an Angular component, then verify that it is a part of an @NgModule where this component is declared.
2. If 'p-toast' is a Web Component then add 'CUSTOM_ELEMENTS_SCHEMA' to the '@NgModule.schemas' of this component to suppress this message.'
,Chrome Headless 114.0.5735.199 (Windows 10) ERROR: 'NG0304: 'yeti-page-template' is not a known element (used in the 'LandingComponent' component template):
1. If 'yeti-page-template' is an Angular component, then verify that it is a part of an @NgModule where this component is declared.
2. If 'yeti-page-template' is a Web Component then add 'CUSTOM_ELEMENTS_SCHEMA' to the '@NgModule.schemas' of this component to suppress this message.'
,Chrome Headless 114.0.5735.199 (Windows 10) ERROR: 'NG0304: 'yeti-search-and-filter' is not a known element (used in the 'LandingComponent' component template):
1. If 'yeti-search-and-filter' is an Angular component, then verify that it is a part of an @NgModule where this component is declared.
2. If 'yeti-search-and-filter' is a Web Component then add 'CUSTOM_ELEMENTS_SCHEMA' to the '@NgModule.schemas' of this component to suppress this message.'
,Chrome Headless 114.0.5735.199 (Windows 10) ERROR: 'NG0303: Can't bind to 'baseZIndex' since it isn't a known property of 'p-toast' (used in the 'LandingComponent' component template).
1. If 'p-toast' is an Angular component and it has the 'baseZIndex' input, then verify that it is a part of an @NgModule where this component is declared.
2. If 'p-toast' is a Web Component then add 'CUSTOM_ELEMENTS_SCHEMA' to the '@NgModule.schemas' of this component to suppress this message.
3. To allow any property add 'NO_ERRORS_SCHEMA' to the '@NgModule.schemas' of this component.'
,Chrome Headless 114.0.5735.199 (Windows 10) ERROR: 'NG0303: Can't bind to 'preventOpenDuplicates' since it isn't a known property of 'p-toast' (used in the 'LandingComponent' component template).
1. If 'p-toast' is an Angular component and it has the 'preventOpenDuplicates' input, then verify that it is a part of an @NgModule where this component is declared.
2. If 'p-toast' is a Web Component then add 'CUSTOM_ELEMENTS_SCHEMA' to the '@NgModule.schemas' of this component to suppress this message.
3. To allow any property add 'NO_ERRORS_SCHEMA' to the '@NgModule.schemas' of this component.'
,Chrome Headless 114.0.5735.199 (Windows 10) ERROR: 'NG0303: Can't bind to 'headerButtons' since it isn't a known property of 'yeti-page-template' (used in the 'LandingComponent' component template).
1. If 'yeti-page-template' is an Angular component and it has the 'headerButtons' input, then verify that it is a part of an @NgModule where this component is declared.
2. If 'yeti-page-template' is a Web Component then add 'CUSTOM_ELEMENTS_SCHEMA' to the '@NgModule.schemas' of this component to suppress this message.
3. To allow any property add 'NO_ERRORS_SCHEMA' to the '@NgModule.schemas' of this component.'
,Chrome Headless 114.0.5735.199 (Windows 10) ERROR: 'NG0303: Can't bind to 'headerTitle' since it isn't a known property of 'yeti-page-template' (used in the 'LandingComponent' component template).
1. If 'yeti-page-template' is an Angular component and it has the 'headerTitle' input, then verify that it is a part of an @NgModule where this component is declared.
2. If 'yeti-page-template' is a Web Component then add 'CUSTOM_ELEMENTS_SCHEMA' to the '@NgModule.schemas' of this component to suppress this message.
3. To allow any property add 'NO_ERRORS_SCHEMA' to the '@NgModule.schemas' of this component.'
,Chrome Headless 114.0.5735.199 (Windows 10) ERROR: 'NG0303: Can't bind to 'isLoading' since it isn't a known property of 'yeti-page-template' (used in the 'LandingComponent' component template).
1. If 'yeti-page-template' is an Angular component and it has the 'isLoading' input, then verify that it is a part of an @NgModule where this component is declared.
2. If 'yeti-page-template' is a Web Component then add 'CUSTOM_ELEMENTS_SCHEMA' to the '@NgModule.schemas' of this component to suppress this message.
3. To allow any property add 'NO_ERRORS_SCHEMA' to the '@NgModule.schemas' of this component.'
,Chrome Headless 114.0.5735.199 (Windows 10) ERROR: 'NG0304: 'p-toast' is not a known element (used in the 'LandingComponent' component template):
1. If 'p-toast' is an Angular component, then verify that it is a part of an @NgModule where this component is declared.
2. If 'p-toast' is a Web Component then add 'CUSTOM_ELEMENTS_SCHEMA' to the '@NgModule.schemas' of this component to suppress this message.'
,Chrome Headless 114.0.5735.199 (Windows 10) ERROR: 'NG0304: 'yeti-page-template' is not a known element (used in the 'LandingComponent' component template):
1. If 'yeti-page-template' is an Angular component, then verify that it is a part of an @NgModule where this component is declared.
2. If 'yeti-page-template' is a Web Component then add 'CUSTOM_ELEMENTS_SCHEMA' to the '@NgModule.schemas' of this component to suppress this message.'
,Chrome Headless 114.0.5735.199 (Windows 10) ERROR: 'NG0304: 'yeti-search-and-filter' is not a known element (used in the 'LandingComponent' component template):
1. If 'yeti-search-and-filter' is an Angular component, then verify that it is a part of an @NgModule where this component is declared.
2. If 'yeti-search-and-filter' is a Web Component then add 'CUSTOM_ELEMENTS_SCHEMA' to the '@NgModule.schemas' of this component to suppress this message.'
,Chrome Headless 114.0.5735.199 (Windows 10) ERROR: 'NG0303: Can't bind to 'baseZIndex' since it isn't a known property of 'p-toast' (used in the 'LandingComponent' component template).
1. If 'p-toast' is an Angular component and it has the 'baseZIndex' input, then verify that it is a part of an @NgModule where this component is declared.
2. If 'p-toast' is a Web Component then add 'CUSTOM_ELEMENTS_SCHEMA' to the '@NgModule.schemas' of this component to suppress this message.
3. To allow any property add 'NO_ERRORS_SCHEMA' to the '@NgModule.schemas' of this component.'
,Chrome Headless 114.0.5735.199 (Windows 10) ERROR: 'NG0303: Can't bind to 'preventOpenDuplicates' since it isn't a known property of 'p-toast' (used in the 'LandingComponent' component template).
1. If 'p-toast' is an Angular component and it has the 'preventOpenDuplicates' input, then verify that it is a part of an @NgModule where this component is declared.
2. If 'p-toast' is a Web Component then add 'CUSTOM_ELEMENTS_SCHEMA' to the '@NgModule.schemas' of this component to suppress this message.
3. To allow any property add 'NO_ERRORS_SCHEMA' to the '@NgModule.schemas' of this component.'
,Chrome Headless 114.0.5735.199 (Windows 10) ERROR: 'NG0303: Can't bind to 'headerButtons' since it isn't a known property of 'yeti-page-template' (used in the 'LandingComponent' component template).
1. If 'yeti-page-template' is an Angular component and it has the 'headerButtons' input, then verify that it is a part of an @NgModule where this component is declared.
2. If 'yeti-page-template' is a Web Component then add 'CUSTOM_ELEMENTS_SCHEMA' to the '@NgModule.schemas' of this component to suppress this message.
3. To allow any property add 'NO_ERRORS_SCHEMA' to the '@NgModule.schemas' of this component.'
,Chrome Headless 114.0.5735.199 (Windows 10) ERROR: 'NG0303: Can't bind to 'headerTitle' since it isn't a known property of 'yeti-page-template' (used in the 'LandingComponent' component template).
1. If 'yeti-page-template' is an Angular component and it has the 'headerTitle' input, then verify that it is a part of an @NgModule where this component is declared.
2. If 'yeti-page-template' is a Web Component then add 'CUSTOM_ELEMENTS_SCHEMA' to the '@NgModule.schemas' of this component to suppress this message.
3. To allow any property add 'NO_ERRORS_SCHEMA' to the '@NgModule.schemas' of this component.'
,Chrome Headless 114.0.5735.199 (Windows 10) ERROR: 'NG0303: Can't bind to 'isLoading' since it isn't a known property of 'yeti-page-template' (used in the 'LandingComponent' component template).
1. If 'yeti-page-template' is an Angular component and it has the 'isLoading' input, then verify that it is a part of an @NgModule where this component is declared.
2. If 'yeti-page-template' is a Web Component then add 'CUSTOM_ELEMENTS_SCHEMA' to the '@NgModule.schemas' of this component to suppress this message.
3. To allow any property add 'NO_ERRORS_SCHEMA' to the '@NgModule.schemas' of this component.'
,Chrome Headless 114.0.5735.199 (Windows 10) ERROR: 'NG0304: 'p-toast' is not a known element (used in the 'LandingComponent' component template):
1. If 'p-toast' is an Angular component, then verify that it is a part of an @NgModule where this component is declared.
2. If 'p-toast' is a Web Component then add 'CUSTOM_ELEMENTS_SCHEMA' to the '@NgModule.schemas' of this component to suppress this message.'
,Chrome Headless 114.0.5735.199 (Windows 10) ERROR: 'NG0304: 'yeti-page-template' is not a known element (used in the 'LandingComponent' component template):
1. If 'yeti-page-template' is an Angular component, then verify that it is a part of an @NgModule where this component is declared.
2. If 'yeti-page-template' is a Web Component then add 'CUSTOM_ELEMENTS_SCHEMA' to the '@NgModule.schemas' of this component to suppress this message.'
,Chrome Headless 114.0.5735.199 (Windows 10) ERROR: 'NG0304: 'yeti-search-and-filter' is not a known element (used in the 'LandingComponent' component template):
1. If 'yeti-search-and-filter' is an Angular component, then verify that it is a part of an @NgModule where this component is declared.
2. If 'yeti-search-and-filter' is a Web Component then add 'CUSTOM_ELEMENTS_SCHEMA' to the '@NgModule.schemas' of this component to suppress this message.'
,Chrome Headless 114.0.5735.199 (Windows 10) ERROR: 'NG0303: Can't bind to 'baseZIndex' since it isn't a known property of 'p-toast' (used in the 'LandingComponent' component template).
1. If 'p-toast' is an Angular component and it has the 'baseZIndex' input, then verify that it is a part of an @NgModule where this component is declared.
2. If 'p-toast' is a Web Component then add 'CUSTOM_ELEMENTS_SCHEMA' to the '@NgModule.schemas' of this component to suppress this message.
3. To allow any property add 'NO_ERRORS_SCHEMA' to the '@NgModule.schemas' of this component.'
,Chrome Headless 114.0.5735.199 (Windows 10) ERROR: 'NG0303: Can't bind to 'preventOpenDuplicates' since it isn't a known property of 'p-toast' (used in the 'LandingComponent' component template).
1. If 'p-toast' is an Angular component and it has the 'preventOpenDuplicates' input, then verify that it is a part of an @NgModule where this component is declared.
2. If 'p-toast' is a Web Component then add 'CUSTOM_ELEMENTS_SCHEMA' to the '@NgModule.schemas' of this component to suppress this message.
3. To allow any property add 'NO_ERRORS_SCHEMA' to the '@NgModule.schemas' of this component.'
,Chrome Headless 114.0.5735.199 (Windows 10) ERROR: 'NG0303: Can't bind to 'headerButtons' since it isn't a known property of 'yeti-page-template' (used in the 'LandingComponent' component template).
1. If 'yeti-page-template' is an Angular component and it has the 'headerButtons' input, then verify that it is a part of an @NgModule where this component is declared.
2. If 'yeti-page-template' is a Web Component then add 'CUSTOM_ELEMENTS_SCHEMA' to the '@NgModule.schemas' of this component to suppress this message.
3. To allow any property add 'NO_ERRORS_SCHEMA' to the '@NgModule.schemas' of this component.'
,Chrome Headless 114.0.5735.199 (Windows 10) ERROR: 'NG0303: Can't bind to 'headerTitle' since it isn't a known property of 'yeti-page-template' (used in the 'LandingComponent' component template).
1. If 'yeti-page-template' is an Angular component and it has the 'headerTitle' input, then verify that it is a part of an @NgModule where this component is declared.
2. If 'yeti-page-template' is a Web Component then add 'CUSTOM_ELEMENTS_SCHEMA' to the '@NgModule.schemas' of this component to suppress this message.
3. To allow any property add 'NO_ERRORS_SCHEMA' to the '@NgModule.schemas' of this component.'
,Chrome Headless 114.0.5735.199 (Windows 10) ERROR: 'NG0303: Can't bind to 'isLoading' since it isn't a known property of 'yeti-page-template' (used in the 'LandingComponent' component template).
1. If 'yeti-page-template' is an Angular component and it has the 'isLoading' input, then verify that it is a part of an @NgModule where this component is declared.
2. If 'yeti-page-template' is a Web Component then add 'CUSTOM_ELEMENTS_SCHEMA' to the '@NgModule.schemas' of this component to suppress this message.
3. To allow any property add 'NO_ERRORS_SCHEMA' to the '@NgModule.schemas' of this component.'
,Chrome Headless 114.0.5735.199 (Windows 10) WARN: 'Spec 'LandingComponent should open file upload dialog' has no expectations.'
,Chrome Headless 114.0.5735.199 (Windows 10) ERROR: 'NG0304: 'p-toast' is not a known element (used in the 'LandingComponent' component template):
1. If 'p-toast' is an Angular component, then verify that it is a part of an @NgModule where this component is declared.
2. If 'p-toast' is a Web Component then add 'CUSTOM_ELEMENTS_SCHEMA' to the '@NgModule.schemas' of this component to suppress this message.'
,Chrome Headless 114.0.5735.199 (Windows 10) ERROR: 'NG0304: 'yeti-page-template' is not a known element (used in the 'LandingComponent' component template):
1. If 'yeti-page-template' is an Angular component, then verify that it is a part of an @NgModule where this component is declared.
2. If 'yeti-page-template' is a Web Component then add 'CUSTOM_ELEMENTS_SCHEMA' to the '@NgModule.schemas' of this component to suppress this message.'
,Chrome Headless 114.0.5735.199 (Windows 10) ERROR: 'NG0304: 'yeti-search-and-filter' is not a known element (used in the 'LandingComponent' component template):
1. If 'yeti-search-and-filter' is an Angular component, then verify that it is a part of an @NgModule where this component is declared.
2. If 'yeti-search-and-filter' is a Web Component then add 'CUSTOM_ELEMENTS_SCHEMA' to the '@NgModule.schemas' of this component to suppress this message.'
,Chrome Headless 114.0.5735.199 (Windows 10) ERROR: 'NG0303: Can't bind to 'baseZIndex' since it isn't a known property of 'p-toast' (used in the 'LandingComponent' component template).
1. If 'p-toast' is an Angular component and it has the 'baseZIndex' input, then verify that it is a part of an @NgModule where this component is declared.
2. If 'p-toast' is a Web Component then add 'CUSTOM_ELEMENTS_SCHEMA' to the '@NgModule.schemas' of this component to suppress this message.
3. To allow any property add 'NO_ERRORS_SCHEMA' to the '@NgModule.schemas' of this component.'
,Chrome Headless 114.0.5735.199 (Windows 10) ERROR: 'NG0303: Can't bind to 'preventOpenDuplicates' since it isn't a known property of 'p-toast' (used in the 'LandingComponent' component template).
1. If 'p-toast' is an Angular component and it has the 'preventOpenDuplicates' input, then verify that it is a part of an @NgModule where this component is declared.
2. If 'p-toast' is a Web Component then add 'CUSTOM_ELEMENTS_SCHEMA' to the '@NgModule.schemas' of this component to suppress this message.
3. To allow any property add 'NO_ERRORS_SCHEMA' to the '@NgModule.schemas' of this component.'
,Chrome Headless 114.0.5735.199 (Windows 10) ERROR: 'NG0303: Can't bind to 'headerButtons' since it isn't a known property of 'yeti-page-template' (used in the 'LandingComponent' component template).
1. If 'yeti-page-template' is an Angular component and it has the 'headerButtons' input, then verify that it is a part of an @NgModule where this component is declared.
2. If 'yeti-page-template' is a Web Component then add 'CUSTOM_ELEMENTS_SCHEMA' to the '@NgModule.schemas' of this component to suppress this message.
3. To allow any property add 'NO_ERRORS_SCHEMA' to the '@NgModule.schemas' of this component.'
,Chrome Headless 114.0.5735.199 (Windows 10) ERROR: 'NG0303: Can't bind to 'headerTitle' since it isn't a known property of 'yeti-page-template' (used in the 'LandingComponent' component template).
1. If 'yeti-page-template' is an Angular component and it has the 'headerTitle' input, then verify that it is a part of an @NgModule where this component is declared.
2. If 'yeti-page-template' is a Web Component then add 'CUSTOM_ELEMENTS_SCHEMA' to the '@NgModule.schemas' of this component to suppress this message.
3. To allow any property add 'NO_ERRORS_SCHEMA' to the '@NgModule.schemas' of this component.'
,Chrome Headless 114.0.5735.199 (Windows 10) ERROR: 'NG0303: Can't bind to 'isLoading' since it isn't a known property of 'yeti-page-template' (used in the 'LandingComponent' component template).
1. If 'yeti-page-template' is an Angular component and it has the 'isLoading' input, then verify that it is a part of an @NgModule where this component is declared.
2. If 'yeti-page-template' is a Web Component then add 'CUSTOM_ELEMENTS_SCHEMA' to the '@NgModule.schemas' of this component to suppress this message.
3. To allow any property add 'NO_ERRORS_SCHEMA' to the '@NgModule.schemas' of this component.'
,Chrome Headless 114.0.5735.199 (Windows 10) ERROR: 'NG0304: 'p-toast' is not a known element (used in the 'LandingComponent' component template):
1. If 'p-toast' is an Angular component, then verify that it is a part of an @NgModule where this component is declared.
2. If 'p-toast' is a Web Component then add 'CUSTOM_ELEMENTS_SCHEMA' to the '@NgModule.schemas' of this component to suppress this message.'
,Chrome Headless 114.0.5735.199 (Windows 10) ERROR: 'NG0304: 'yeti-page-template' is not a known element (used in the 'LandingComponent' component template):
1. If 'yeti-page-template' is an Angular component, then verify that it is a part of an @NgModule where this component is declared.
2. If 'yeti-page-template' is a Web Component then add 'CUSTOM_ELEMENTS_SCHEMA' to the '@NgModule.schemas' of this component to suppress this message.'
,Chrome Headless 114.0.5735.199 (Windows 10) ERROR: 'NG0304: 'yeti-search-and-filter' is not a known element (used in the 'LandingComponent' component template):
1. If 'yeti-search-and-filter' is an Angular component, then verify that it is a part of an @NgModule where this component is declared.
2. If 'yeti-search-and-filter' is a Web Component then add 'CUSTOM_ELEMENTS_SCHEMA' to the '@NgModule.schemas' of this component to suppress this message.'
,Chrome Headless 114.0.5735.199 (Windows 10) ERROR: 'NG0303: Can't bind to 'baseZIndex' since it isn't a known property of 'p-toast' (used in the 'LandingComponent' component template).
1. If 'p-toast' is an Angular component and it has the 'baseZIndex' input, then verify that it is a part of an @NgModule where this component is declared.
2. If 'p-toast' is a Web Component then add 'CUSTOM_ELEMENTS_SCHEMA' to the '@NgModule.schemas' of this component to suppress this message.
3. To allow any property add 'NO_ERRORS_SCHEMA' to the '@NgModule.schemas' of this component.'
,Chrome Headless 114.0.5735.199 (Windows 10) ERROR: 'NG0303: Can't bind to 'preventOpenDuplicates' since it isn't a known property of 'p-toast' (used in the 'LandingComponent' component template).
1. If 'p-toast' is an Angular component and it has the 'preventOpenDuplicates' input, then verify that it is a part of an @NgModule where this component is declared.
2. If 'p-toast' is a Web Component then add 'CUSTOM_ELEMENTS_SCHEMA' to the '@NgModule.schemas' of this component to suppress this message.
3. To allow any property add 'NO_ERRORS_SCHEMA' to the '@NgModule.schemas' of this component.'
,Chrome Headless 114.0.5735.199 (Windows 10) ERROR: 'NG0303: Can't bind to 'headerButtons' since it isn't a known property of 'yeti-page-template' (used in the 'LandingComponent' component template).
1. If 'yeti-page-template' is an Angular component and it has the 'headerButtons' input, then verify that it is a part of an @NgModule where this component is declared.
2. If 'yeti-page-template' is a Web Component then add 'CUSTOM_ELEMENTS_SCHEMA' to the '@NgModule.schemas' of this component to suppress this message.
3. To allow any property add 'NO_ERRORS_SCHEMA' to the '@NgModule.schemas' of this component.'
,Chrome Headless 114.0.5735.199 (Windows 10) ERROR: 'NG0303: Can't bind to 'headerTitle' since it isn't a known property of 'yeti-page-template' (used in the 'LandingComponent' component template).
1. If 'yeti-page-template' is an Angular component and it has the 'headerTitle' input, then verify that it is a part of an @NgModule where this component is declared.
2. If 'yeti-page-template' is a Web Component then add 'CUSTOM_ELEMENTS_SCHEMA' to the '@NgModule.schemas' of this component to suppress this message.
3. To allow any property add 'NO_ERRORS_SCHEMA' to the '@NgModule.schemas' of this component.'
,Chrome Headless 114.0.5735.199 (Windows 10) ERROR: 'NG0303: Can't bind to 'isLoading' since it isn't a known property of 'yeti-page-template' (used in the 'LandingComponent' component template).
1. If 'yeti-page-template' is an Angular component and it has the 'isLoading' input, then verify that it is a part of an @NgModule where this component is declared.
2. If 'yeti-page-template' is a Web Component then add 'CUSTOM_ELEMENTS_SCHEMA' to the '@NgModule.schemas' of this component to suppress this message.
3. To allow any property add 'NO_ERRORS_SCHEMA' to the '@NgModule.schemas' of this component.'
,Chrome Headless 114.0.5735.199 (Windows 10) ERROR: 'NG0304: 'p-confirmDialog' is not a known element (used in the 'NewPaymentComponent' component template):
1. If 'p-confirmDialog' is an Angular component, then verify that it is a part of an @NgModule where this component is declared.
2. If 'p-confirmDialog' is a Web Component then add 'CUSTOM_ELEMENTS_SCHEMA' to the '@NgModule.schemas' of this component to suppress this message.'
,Chrome Headless 114.0.5735.199 (Windows 10) ERROR: 'NG0304: 'payment-payment-details' is not a known element (used in the 'NewPaymentComponent' component template):
1. If 'payment-payment-details' is an Angular component, then verify that it is a part of an @NgModule where this component is declared.
2. If 'payment-payment-details' is a Web Component then add 'CUSTOM_ELEMENTS_SCHEMA' to the '@NgModule.schemas' of this component to suppress this message.'
,Chrome Headless 114.0.5735.199 (Windows 10) ERROR: 'NG0303: Can't bind to 'blockScroll' since it isn't a known property of 'p-confirmDialog' (used in the 'NewPaymentComponent' component template).
1. If 'p-confirmDialog' is an Angular component and it has the 'blockScroll' input, then verify that it is a part of an @NgModule where this component is declared.
2. If 'p-confirmDialog' is a Web Component then add 'CUSTOM_ELEMENTS_SCHEMA' to the '@NgModule.schemas' of this component to suppress this message.
3. To allow any property add 'NO_ERRORS_SCHEMA' to the '@NgModule.schemas' of this component.'
,Chrome Headless 114.0.5735.199 (Windows 10) ERROR: 'NG0303: Can't bind to 'baseZIndex' since it isn't a known property of 'p-confirmDialog' (used in the 'NewPaymentComponent' component template).
1. If 'p-confirmDialog' is an Angular component and it has the 'baseZIndex' input, then verify that it is a part of an @NgModule where this component is declared.
2. If 'p-confirmDialog' is a Web Component then add 'CUSTOM_ELEMENTS_SCHEMA' to the '@NgModule.schemas' of this component to suppress this message.
3. To allow any property add 'NO_ERRORS_SCHEMA' to the '@NgModule.schemas' of this component.'
,Chrome Headless 114.0.5735.199 (Windows 10) ERROR: 'NG0303: Can't bind to 'existingFormValues' since it isn't a known property of 'payment-payment-details' (used in the 'NewPaymentComponent' component template).
1. If 'payment-payment-details' is an Angular component and it has the 'existingFormValues' input, then verify that it is a part of an @NgModule where this component is declared.
2. If 'payment-payment-details' is a Web Component then add 'CUSTOM_ELEMENTS_SCHEMA' to the '@NgModule.schemas' of this component to suppress this message.
3. To allow any property add 'NO_ERRORS_SCHEMA' to the '@NgModule.schemas' of this component.'
,Chrome Headless 114.0.5735.199 (Windows 10) ERROR: 'NG0304: 'p-confirmDialog' is not a known element (used in the 'NewPaymentComponent' component template):
1. If 'p-confirmDialog' is an Angular component, then verify that it is a part of an @NgModule where this component is declared.
2. If 'p-confirmDialog' is a Web Component then add 'CUSTOM_ELEMENTS_SCHEMA' to the '@NgModule.schemas' of this component to suppress this message.'
,Chrome Headless 114.0.5735.199 (Windows 10) ERROR: 'NG0304: 'payment-payment-details' is not a known element (used in the 'NewPaymentComponent' component template):
1. If 'payment-payment-details' is an Angular component, then verify that it is a part of an @NgModule where this component is declared.
2. If 'payment-payment-details' is a Web Component then add 'CUSTOM_ELEMENTS_SCHEMA' to the '@NgModule.schemas' of this component to suppress this message.'
,Chrome Headless 114.0.5735.199 (Windows 10) ERROR: 'NG0303: Can't bind to 'blockScroll' since it isn't a known property of 'p-confirmDialog' (used in the 'NewPaymentComponent' component template).
1. If 'p-confirmDialog' is an Angular component and it has the 'blockScroll' input, then verify that it is a part of an @NgModule where this component is declared.
2. If 'p-confirmDialog' is a Web Component then add 'CUSTOM_ELEMENTS_SCHEMA' to the '@NgModule.schemas' of this component to suppress this message.
3. To allow any property add 'NO_ERRORS_SCHEMA' to the '@NgModule.schemas' of this component.'
,Chrome Headless 114.0.5735.199 (Windows 10) ERROR: 'NG0303: Can't bind to 'baseZIndex' since it isn't a known property of 'p-confirmDialog' (used in the 'NewPaymentComponent' component template).
1. If 'p-confirmDialog' is an Angular component and it has the 'baseZIndex' input, then verify that it is a part of an @NgModule where this component is declared.
2. If 'p-confirmDialog' is a Web Component then add 'CUSTOM_ELEMENTS_SCHEMA' to the '@NgModule.schemas' of this component to suppress this message.
3. To allow any property add 'NO_ERRORS_SCHEMA' to the '@NgModule.schemas' of this component.'
,Chrome Headless 114.0.5735.199 (Windows 10) ERROR: 'NG0303: Can't bind to 'existingFormValues' since it isn't a known property of 'payment-payment-details' (used in the 'NewPaymentComponent' component template).
1. If 'payment-payment-details' is an Angular component and it has the 'existingFormValues' input, then verify that it is a part of an @NgModule where this component is declared.
2. If 'payment-payment-details' is a Web Component then add 'CUSTOM_ELEMENTS_SCHEMA' to the '@NgModule.schemas' of this component to suppress this message.
3. To allow any property add 'NO_ERRORS_SCHEMA' to the '@NgModule.schemas' of this component.'
,Chrome Headless 114.0.5735.199 (Windows 10) ERROR: 'NG0304: 'p-confirmDialog' is not a known element (used in the 'NewPaymentComponent' component template):
1. If 'p-confirmDialog' is an Angular component, then verify that it is a part of an @NgModule where this component is declared.
2. If 'p-confirmDialog' is a Web Component then add 'CUSTOM_ELEMENTS_SCHEMA' to the '@NgModule.schemas' of this component to suppress this message.'
,Chrome Headless 114.0.5735.199 (Windows 10) ERROR: 'NG0304: 'payment-payment-details' is not a known element (used in the 'NewPaymentComponent' component template):
1. If 'payment-payment-details' is an Angular component, then verify that it is a part of an @NgModule where this component is declared.
2. If 'payment-payment-details' is a Web Component then add 'CUSTOM_ELEMENTS_SCHEMA' to the '@NgModule.schemas' of this component to suppress this message.'
,Chrome Headless 114.0.5735.199 (Windows 10) ERROR: 'NG0303: Can't bind to 'blockScroll' since it isn't a known property of 'p-confirmDialog' (used in the 'NewPaymentComponent' component template).
1. If 'p-confirmDialog' is an Angular component and it has the 'blockScroll' input, then verify that it is a part of an @NgModule where this component is declared.
2. If 'p-confirmDialog' is a Web Component then add 'CUSTOM_ELEMENTS_SCHEMA' to the '@NgModule.schemas' of this component to suppress this message.
3. To allow any property add 'NO_ERRORS_SCHEMA' to the '@NgModule.schemas' of this component.'
,Chrome Headless 114.0.5735.199 (Windows 10) ERROR: 'NG0303: Can't bind to 'baseZIndex' since it isn't a known property of 'p-confirmDialog' (used in the 'NewPaymentComponent' component template).
1. If 'p-confirmDialog' is an Angular component and it has the 'baseZIndex' input, then verify that it is a part of an @NgModule where this component is declared.
2. If 'p-confirmDialog' is a Web Component then add 'CUSTOM_ELEMENTS_SCHEMA' to the '@NgModule.schemas' of this component to suppress this message.
3. To allow any property add 'NO_ERRORS_SCHEMA' to the '@NgModule.schemas' of this component.'
,Chrome Headless 114.0.5735.199 (Windows 10) ERROR: 'NG0303: Can't bind to 'existingFormValues' since it isn't a known property of 'payment-payment-details' (used in the 'NewPaymentComponent' component template).
1. If 'payment-payment-details' is an Angular component and it has the 'existingFormValues' input, then verify that it is a part of an @NgModule where this component is declared.
2. If 'payment-payment-details' is a Web Component then add 'CUSTOM_ELEMENTS_SCHEMA' to the '@NgModule.schemas' of this component to suppress this message.
3. To allow any property add 'NO_ERRORS_SCHEMA' to the '@NgModule.schemas' of this component.'
,Chrome Headless 114.0.5735.199 (Windows 10) ERROR: 'NG0304: 'p-confirmDialog' is not a known element (used in the 'NewPaymentComponent' component template):
1. If 'p-confirmDialog' is an Angular component, then verify that it is a part of an @NgModule where this component is declared.
2. If 'p-confirmDialog' is a Web Component then add 'CUSTOM_ELEMENTS_SCHEMA' to the '@NgModule.schemas' of this component to suppress this message.'
,Chrome Headless 114.0.5735.199 (Windows 10) ERROR: 'NG0304: 'payment-payment-details' is not a known element (used in the 'NewPaymentComponent' component template):
1. If 'payment-payment-details' is an Angular component, then verify that it is a part of an @NgModule where this component is declared.
2. If 'payment-payment-details' is a Web Component then add 'CUSTOM_ELEMENTS_SCHEMA' to the '@NgModule.schemas' of this component to suppress this message.'
,Chrome Headless 114.0.5735.199 (Windows 10) ERROR: 'NG0303: Can't bind to 'blockScroll' since it isn't a known property of 'p-confirmDialog' (used in the 'NewPaymentComponent' component template).
1. If 'p-confirmDialog' is an Angular component and it has the 'blockScroll' input, then verify that it is a part of an @NgModule where this component is declared.
2. If 'p-confirmDialog' is a Web Component then add 'CUSTOM_ELEMENTS_SCHEMA' to the '@NgModule.schemas' of this component to suppress this message.
3. To allow any property add 'NO_ERRORS_SCHEMA' to the '@NgModule.schemas' of this component.'
,Chrome Headless 114.0.5735.199 (Windows 10) ERROR: 'NG0303: Can't bind to 'baseZIndex' since it isn't a known property of 'p-confirmDialog' (used in the 'NewPaymentComponent' component template).
1. If 'p-confirmDialog' is an Angular component and it has the 'baseZIndex' input, then verify that it is a part of an @NgModule where this component is declared.
2. If 'p-confirmDialog' is a Web Component then add 'CUSTOM_ELEMENTS_SCHEMA' to the '@NgModule.schemas' of this component to suppress this message.
3. To allow any property add 'NO_ERRORS_SCHEMA' to the '@NgModule.schemas' of this component.'
,Chrome Headless 114.0.5735.199 (Windows 10) ERROR: 'NG0303: Can't bind to 'existingFormValues' since it isn't a known property of 'payment-payment-details' (used in the 'NewPaymentComponent' component template).
1. If 'payment-payment-details' is an Angular component and it has the 'existingFormValues' input, then verify that it is a part of an @NgModule where this component is declared.
2. If 'payment-payment-details' is a Web Component then add 'CUSTOM_ELEMENTS_SCHEMA' to the '@NgModule.schemas' of this component to suppress this message.
3. To allow any property add 'NO_ERRORS_SCHEMA' to the '@NgModule.schemas' of this component.'
,Chrome Headless 114.0.5735.199 (Windows 10) ERROR: 'NG0304: 'p-confirmDialog' is not a known element (used in the 'NewPaymentComponent' component template):
1. If 'p-confirmDialog' is an Angular component, then verify that it is a part of an @NgModule where this component is declared.
2. If 'p-confirmDialog' is a Web Component then add 'CUSTOM_ELEMENTS_SCHEMA' to the '@NgModule.schemas' of this component to suppress this message.'
,Chrome Headless 114.0.5735.199 (Windows 10) ERROR: 'NG0304: 'payment-payment-details' is not a known element (used in the 'NewPaymentComponent' component template):
1. If 'payment-payment-details' is an Angular component, then verify that it is a part of an @NgModule where this component is declared.
2. If 'payment-payment-details' is a Web Component then add 'CUSTOM_ELEMENTS_SCHEMA' to the '@NgModule.schemas' of this component to suppress this message.'
,Chrome Headless 114.0.5735.199 (Windows 10) ERROR: 'NG0303: Can't bind to 'blockScroll' since it isn't a known property of 'p-confirmDialog' (used in the 'NewPaymentComponent' component template).
1. If 'p-confirmDialog' is an Angular component and it has the 'blockScroll' input, then verify that it is a part of an @NgModule where this component is declared.
2. If 'p-confirmDialog' is a Web Component then add 'CUSTOM_ELEMENTS_SCHEMA' to the '@NgModule.schemas' of this component to suppress this message.
3. To allow any property add 'NO_ERRORS_SCHEMA' to the '@NgModule.schemas' of this component.'
,Chrome Headless 114.0.5735.199 (Windows 10) ERROR: 'NG0303: Can't bind to 'baseZIndex' since it isn't a known property of 'p-confirmDialog' (used in the 'NewPaymentComponent' component template).
1. If 'p-confirmDialog' is an Angular component and it has the 'baseZIndex' input, then verify that it is a part of an @NgModule where this component is declared.
2. If 'p-confirmDialog' is a Web Component then add 'CUSTOM_ELEMENTS_SCHEMA' to the '@NgModule.schemas' of this component to suppress this message.
3. To allow any property add 'NO_ERRORS_SCHEMA' to the '@NgModule.schemas' of this component.'
,Chrome Headless 114.0.5735.199 (Windows 10) ERROR: 'NG0303: Can't bind to 'existingFormValues' since it isn't a known property of 'payment-payment-details' (used in the 'NewPaymentComponent' component template).
1. If 'payment-payment-details' is an Angular component and it has the 'existingFormValues' input, then verify that it is a part of an @NgModule where this component is declared.
2. If 'payment-payment-details' is a Web Component then add 'CUSTOM_ELEMENTS_SCHEMA' to the '@NgModule.schemas' of this component to suppress this message.
3. To allow any property add 'NO_ERRORS_SCHEMA' to the '@NgModule.schemas' of this component.'
,Chrome Headless 114.0.5735.199 (Windows 10) ERROR: 'NG0304: 'p-confirmDialog' is not a known element (used in the 'NewPaymentComponent' component template):
1. If 'p-confirmDialog' is an Angular component, then verify that it is a part of an @NgModule where this component is declared.
2. If 'p-confirmDialog' is a Web Component then add 'CUSTOM_ELEMENTS_SCHEMA' to the '@NgModule.schemas' of this component to suppress this message.'
,Chrome Headless 114.0.5735.199 (Windows 10) ERROR: 'NG0304: 'payment-payment-details' is not a known element (used in the 'NewPaymentComponent' component template):
1. If 'payment-payment-details' is an Angular component, then verify that it is a part of an @NgModule where this component is declared.
2. If 'payment-payment-details' is a Web Component then add 'CUSTOM_ELEMENTS_SCHEMA' to the '@NgModule.schemas' of this component to suppress this message.'
,Chrome Headless 114.0.5735.199 (Windows 10) ERROR: 'NG0303: Can't bind to 'blockScroll' since it isn't a known property of 'p-confirmDialog' (used in the 'NewPaymentComponent' component template).
1. If 'p-confirmDialog' is an Angular component and it has the 'blockScroll' input, then verify that it is a part of an @NgModule where this component is declared.
2. If 'p-confirmDialog' is a Web Component then add 'CUSTOM_ELEMENTS_SCHEMA' to the '@NgModule.schemas' of this component to suppress this message.
3. To allow any property add 'NO_ERRORS_SCHEMA' to the '@NgModule.schemas' of this component.'
,Chrome Headless 114.0.5735.199 (Windows 10) ERROR: 'NG0303: Can't bind to 'baseZIndex' since it isn't a known property of 'p-confirmDialog' (used in the 'NewPaymentComponent' component template).
1. If 'p-confirmDialog' is an Angular component and it has the 'baseZIndex' input, then verify that it is a part of an @NgModule where this component is declared.
2. If 'p-confirmDialog' is a Web Component then add 'CUSTOM_ELEMENTS_SCHEMA' to the '@NgModule.schemas' of this component to suppress this message.
3. To allow any property add 'NO_ERRORS_SCHEMA' to the '@NgModule.schemas' of this component.'
,Chrome Headless 114.0.5735.199 (Windows 10) ERROR: 'NG0303: Can't bind to 'existingFormValues' since it isn't a known property of 'payment-payment-details' (used in the 'NewPaymentComponent' component template).
1. If 'payment-payment-details' is an Angular component and it has the 'existingFormValues' input, then verify that it is a part of an @NgModule where this component is declared.
2. If 'payment-payment-details' is a Web Component then add 'CUSTOM_ELEMENTS_SCHEMA' to the '@NgModule.schemas' of this component to suppress this message.
3. To allow any property add 'NO_ERRORS_SCHEMA' to the '@NgModule.schemas' of this component.'
,Chrome Headless 114.0.5735.199 (Windows 10) ERROR: 'NG0304: 'p-confirmDialog' is not a known element (used in the 'NewPaymentComponent' component template):
1. If 'p-confirmDialog' is an Angular component, then verify that it is a part of an @NgModule where this component is declared.
2. If 'p-confirmDialog' is a Web Component then add 'CUSTOM_ELEMENTS_SCHEMA' to the '@NgModule.schemas' of this component to suppress this message.'
,Chrome Headless 114.0.5735.199 (Windows 10) ERROR: 'NG0304: 'payment-payment-details' is not a known element (used in the 'NewPaymentComponent' component template):
1. If 'payment-payment-details' is an Angular component, then verify that it is a part of an @NgModule where this component is declared.
2. If 'payment-payment-details' is a Web Component then add 'CUSTOM_ELEMENTS_SCHEMA' to the '@NgModule.schemas' of this component to suppress this message.'
,Chrome Headless 114.0.5735.199 (Windows 10) ERROR: 'NG0303: Can't bind to 'blockScroll' since it isn't a known property of 'p-confirmDialog' (used in the 'NewPaymentComponent' component template).
1. If 'p-confirmDialog' is an Angular component and it has the 'blockScroll' input, then verify that it is a part of an @NgModule where this component is declared.
2. If 'p-confirmDialog' is a Web Component then add 'CUSTOM_ELEMENTS_SCHEMA' to the '@NgModule.schemas' of this component to suppress this message.
3. To allow any property add 'NO_ERRORS_SCHEMA' to the '@NgModule.schemas' of this component.'
,Chrome Headless 114.0.5735.199 (Windows 10) ERROR: 'NG0303: Can't bind to 'baseZIndex' since it isn't a known property of 'p-confirmDialog' (used in the 'NewPaymentComponent' component template).
1. If 'p-confirmDialog' is an Angular component and it has the 'baseZIndex' input, then verify that it is a part of an @NgModule where this component is declared.
2. If 'p-confirmDialog' is a Web Component then add 'CUSTOM_ELEMENTS_SCHEMA' to the '@NgModule.schemas' of this component to suppress this message.
3. To allow any property add 'NO_ERRORS_SCHEMA' to the '@NgModule.schemas' of this component.'
,Chrome Headless 114.0.5735.199 (Windows 10) ERROR: 'NG0303: Can't bind to 'existingFormValues' since it isn't a known property of 'payment-payment-details' (used in the 'NewPaymentComponent' component template).
1. If 'payment-payment-details' is an Angular component and it has the 'existingFormValues' input, then verify that it is a part of an @NgModule where this component is declared.
2. If 'payment-payment-details' is a Web Component then add 'CUSTOM_ELEMENTS_SCHEMA' to the '@NgModule.schemas' of this component to suppress this message.
3. To allow any property add 'NO_ERRORS_SCHEMA' to the '@NgModule.schemas' of this component.'
,Chrome Headless 114.0.5735.199 (Windows 10) ERROR: 'NG0304: 'p-confirmDialog' is not a known element (used in the 'NewPaymentComponent' component template):
1. If 'p-confirmDialog' is an Angular component, then verify that it is a part of an @NgModule where this component is declared.
2. If 'p-confirmDialog' is a Web Component then add 'CUSTOM_ELEMENTS_SCHEMA' to the '@NgModule.schemas' of this component to suppress this message.'
,Chrome Headless 114.0.5735.199 (Windows 10) ERROR: 'NG0304: 'payment-payment-details' is not a known element (used in the 'NewPaymentComponent' component template):
1. If 'payment-payment-details' is an Angular component, then verify that it is a part of an @NgModule where this component is declared.
2. If 'payment-payment-details' is a Web Component then add 'CUSTOM_ELEMENTS_SCHEMA' to the '@NgModule.schemas' of this component to suppress this message.'
,Chrome Headless 114.0.5735.199 (Windows 10) ERROR: 'NG0303: Can't bind to 'blockScroll' since it isn't a known property of 'p-confirmDialog' (used in the 'NewPaymentComponent' component template).
1. If 'p-confirmDialog' is an Angular component and it has the 'blockScroll' input, then verify that it is a part of an @NgModule where this component is declared.
2. If 'p-confirmDialog' is a Web Component then add 'CUSTOM_ELEMENTS_SCHEMA' to the '@NgModule.schemas' of this component to suppress this message.
3. To allow any property add 'NO_ERRORS_SCHEMA' to the '@NgModule.schemas' of this component.'
,Chrome Headless 114.0.5735.199 (Windows 10) ERROR: 'NG0303: Can't bind to 'baseZIndex' since it isn't a known property of 'p-confirmDialog' (used in the 'NewPaymentComponent' component template).
1. If 'p-confirmDialog' is an Angular component and it has the 'baseZIndex' input, then verify that it is a part of an @NgModule where this component is declared.
2. If 'p-confirmDialog' is a Web Component then add 'CUSTOM_ELEMENTS_SCHEMA' to the '@NgModule.schemas' of this component to suppress this message.
3. To allow any property add 'NO_ERRORS_SCHEMA' to the '@NgModule.schemas' of this component.'
,Chrome Headless 114.0.5735.199 (Windows 10) ERROR: 'NG0303: Can't bind to 'existingFormValues' since it isn't a known property of 'payment-payment-details' (used in the 'NewPaymentComponent' component template).
1. If 'payment-payment-details' is an Angular component and it has the 'existingFormValues' input, then verify that it is a part of an @NgModule where this component is declared.
2. If 'payment-payment-details' is a Web Component then add 'CUSTOM_ELEMENTS_SCHEMA' to the '@NgModule.schemas' of this component to suppress this message.
3. To allow any property add 'NO_ERRORS_SCHEMA' to the '@NgModule.schemas' of this component.'
,Chrome Headless 114.0.5735.199 (Windows 10) ERROR: 'NG0304: 'p-confirmDialog' is not a known element (used in the 'NewPaymentComponent' component template):
1. If 'p-confirmDialog' is an Angular component, then verify that it is a part of an @NgModule where this component is declared.
2. If 'p-confirmDialog' is a Web Component then add 'CUSTOM_ELEMENTS_SCHEMA' to the '@NgModule.schemas' of this component to suppress this message.'
,Chrome Headless 114.0.5735.199 (Windows 10) ERROR: 'NG0304: 'payment-payment-details' is not a known element (used in the 'NewPaymentComponent' component template):
1. If 'payment-payment-details' is an Angular component, then verify that it is a part of an @NgModule where this component is declared.
2. If 'payment-payment-details' is a Web Component then add 'CUSTOM_ELEMENTS_SCHEMA' to the '@NgModule.schemas' of this component to suppress this message.'
,Chrome Headless 114.0.5735.199 (Windows 10) ERROR: 'NG0303: Can't bind to 'blockScroll' since it isn't a known property of 'p-confirmDialog' (used in the 'NewPaymentComponent' component template).
1. If 'p-confirmDialog' is an Angular component and it has the 'blockScroll' input, then verify that it is a part of an @NgModule where this component is declared.
2. If 'p-confirmDialog' is a Web Component then add 'CUSTOM_ELEMENTS_SCHEMA' to the '@NgModule.schemas' of this component to suppress this message.
3. To allow any property add 'NO_ERRORS_SCHEMA' to the '@NgModule.schemas' of this component.'
,Chrome Headless 114.0.5735.199 (Windows 10) ERROR: 'NG0303: Can't bind to 'baseZIndex' since it isn't a known property of 'p-confirmDialog' (used in the 'NewPaymentComponent' component template).
1. If 'p-confirmDialog' is an Angular component and it has the 'baseZIndex' input, then verify that it is a part of an @NgModule where this component is declared.
2. If 'p-confirmDialog' is a Web Component then add 'CUSTOM_ELEMENTS_SCHEMA' to the '@NgModule.schemas' of this component to suppress this message.
3. To allow any property add 'NO_ERRORS_SCHEMA' to the '@NgModule.schemas' of this component.'
,Chrome Headless 114.0.5735.199 (Windows 10) ERROR: 'NG0303: Can't bind to 'existingFormValues' since it isn't a known property of 'payment-payment-details' (used in the 'NewPaymentComponent' component template).
1. If 'payment-payment-details' is an Angular component and it has the 'existingFormValues' input, then verify that it is a part of an @NgModule where this component is declared.
2. If 'payment-payment-details' is a Web Component then add 'CUSTOM_ELEMENTS_SCHEMA' to the '@NgModule.schemas' of this component to suppress this message.
3. To allow any property add 'NO_ERRORS_SCHEMA' to the '@NgModule.schemas' of this component.'
,Chrome Headless 114.0.5735.199 (Windows 10) ERROR: 'NG0304: 'p-confirmDialog' is not a known element (used in the 'NewPaymentComponent' component template):
1. If 'p-confirmDialog' is an Angular component, then verify that it is a part of an @NgModule where this component is declared.
2. If 'p-confirmDialog' is a Web Component then add 'CUSTOM_ELEMENTS_SCHEMA' to the '@NgModule.schemas' of this component to suppress this message.'
,Chrome Headless 114.0.5735.199 (Windows 10) ERROR: 'NG0304: 'payment-payment-details' is not a known element (used in the 'NewPaymentComponent' component template):
1. If 'payment-payment-details' is an Angular component, then verify that it is a part of an @NgModule where this component is declared.
2. If 'payment-payment-details' is a Web Component then add 'CUSTOM_ELEMENTS_SCHEMA' to the '@NgModule.schemas' of this component to suppress this message.'
,Chrome Headless 114.0.5735.199 (Windows 10) ERROR: 'NG0303: Can't bind to 'blockScroll' since it isn't a known property of 'p-confirmDialog' (used in the 'NewPaymentComponent' component template).
1. If 'p-confirmDialog' is an Angular component and it has the 'blockScroll' input, then verify that it is a part of an @NgModule where this component is declared.
2. If 'p-confirmDialog' is a Web Component then add 'CUSTOM_ELEMENTS_SCHEMA' to the '@NgModule.schemas' of this component to suppress this message.
3. To allow any property add 'NO_ERRORS_SCHEMA' to the '@NgModule.schemas' of this component.'
,Chrome Headless 114.0.5735.199 (Windows 10) ERROR: 'NG0303: Can't bind to 'baseZIndex' since it isn't a known property of 'p-confirmDialog' (used in the 'NewPaymentComponent' component template).
1. If 'p-confirmDialog' is an Angular component and it has the 'baseZIndex' input, then verify that it is a part of an @NgModule where this component is declared.
2. If 'p-confirmDialog' is a Web Component then add 'CUSTOM_ELEMENTS_SCHEMA' to the '@NgModule.schemas' of this component to suppress this message.
3. To allow any property add 'NO_ERRORS_SCHEMA' to the '@NgModule.schemas' of this component.'
,Chrome Headless 114.0.5735.199 (Windows 10) ERROR: 'NG0303: Can't bind to 'existingFormValues' since it isn't a known property of 'payment-payment-details' (used in the 'NewPaymentComponent' component template).
1. If 'payment-payment-details' is an Angular component and it has the 'existingFormValues' input, then verify that it is a part of an @NgModule where this component is declared.
2. If 'payment-payment-details' is a Web Component then add 'CUSTOM_ELEMENTS_SCHEMA' to the '@NgModule.schemas' of this component to suppress this message.
3. To allow any property add 'NO_ERRORS_SCHEMA' to the '@NgModule.schemas' of this component.'
,Chrome Headless 114.0.5735.199 (Windows 10) ERROR: 'NG0304: 'p-confirmDialog' is not a known element (used in the 'NewPaymentComponent' component template):
1. If 'p-confirmDialog' is an Angular component, then verify that it is a part of an @NgModule where this component is declared.
2. If 'p-confirmDialog' is a Web Component then add 'CUSTOM_ELEMENTS_SCHEMA' to the '@NgModule.schemas' of this component to suppress this message.'
,Chrome Headless 114.0.5735.199 (Windows 10) ERROR: 'NG0304: 'payment-payment-details' is not a known element (used in the 'NewPaymentComponent' component template):
1. If 'payment-payment-details' is an Angular component, then verify that it is a part of an @NgModule where this component is declared.
2. If 'payment-payment-details' is a Web Component then add 'CUSTOM_ELEMENTS_SCHEMA' to the '@NgModule.schemas' of this component to suppress this message.'
,Chrome Headless 114.0.5735.199 (Windows 10) ERROR: 'NG0303: Can't bind to 'blockScroll' since it isn't a known property of 'p-confirmDialog' (used in the 'NewPaymentComponent' component template).
1. If 'p-confirmDialog' is an Angular component and it has the 'blockScroll' input, then verify that it is a part of an @NgModule where this component is declared.
2. If 'p-confirmDialog' is a Web Component then add 'CUSTOM_ELEMENTS_SCHEMA' to the '@NgModule.schemas' of this component to suppress this message.
3. To allow any property add 'NO_ERRORS_SCHEMA' to the '@NgModule.schemas' of this component.'
,Chrome Headless 114.0.5735.199 (Windows 10) ERROR: 'NG0303: Can't bind to 'baseZIndex' since it isn't a known property of 'p-confirmDialog' (used in the 'NewPaymentComponent' component template).
1. If 'p-confirmDialog' is an Angular component and it has the 'baseZIndex' input, then verify that it is a part of an @NgModule where this component is declared.
2. If 'p-confirmDialog' is a Web Component then add 'CUSTOM_ELEMENTS_SCHEMA' to the '@NgModule.schemas' of this component to suppress this message.
3. To allow any property add 'NO_ERRORS_SCHEMA' to the '@NgModule.schemas' of this component.'
,Chrome Headless 114.0.5735.199 (Windows 10) ERROR: 'NG0303: Can't bind to 'existingFormValues' since it isn't a known property of 'payment-payment-details' (used in the 'NewPaymentComponent' component template).
1. If 'payment-payment-details' is an Angular component and it has the 'existingFormValues' input, then verify that it is a part of an @NgModule where this component is declared.
2. If 'payment-payment-details' is a Web Component then add 'CUSTOM_ELEMENTS_SCHEMA' to the '@NgModule.schemas' of this component to suppress this message.
3. To allow any property add 'NO_ERRORS_SCHEMA' to the '@NgModule.schemas' of this component.'
,Chrome Headless 114.0.5735.199 (Windows 10) LOG: 'Invoice'
,Chrome Headless 114.0.5735.199 (Windows 10) ERROR: 'NG0304: 'p-dropdown' is not a known element (used in the 'PaymentDetailsComponent' component template):
1. If 'p-dropdown' is an Angular component, then verify that it is a part of an @NgModule where this component is declared.
2. If 'p-dropdown' is a Web Component then add 'CUSTOM_ELEMENTS_SCHEMA' to the '@NgModule.schemas' of this component to suppress this message.'
,Chrome Headless 114.0.5735.199 (Windows 10) ERROR: 'NG0304: 'p-tag' is not a known element (used in the 'PaymentDetailsComponent' component template):
1. If 'p-tag' is an Angular component, then verify that it is a part of an @NgModule where this component is declared.
2. If 'p-tag' is a Web Component then add 'CUSTOM_ELEMENTS_SCHEMA' to the '@NgModule.schemas' of this component to suppress this message.'
,Chrome Headless 114.0.5735.199 (Windows 10) ERROR: 'NG0304: 'p-calendar' is not a known element (used in the 'PaymentDetailsComponent' component template):
1. If 'p-calendar' is an Angular component, then verify that it is a part of an @NgModule where this component is declared.
2. If 'p-calendar' is a Web Component then add 'CUSTOM_ELEMENTS_SCHEMA' to the '@NgModule.schemas' of this component to suppress this message.'
,Chrome Headless 114.0.5735.199 (Windows 10) ERROR: 'NG0304: 'p-chips' is not a known element (used in the 'PaymentDetailsComponent' component template):
1. If 'p-chips' is an Angular component, then verify that it is a part of an @NgModule where this component is declared.
2. If 'p-chips' is a Web Component then add 'CUSTOM_ELEMENTS_SCHEMA' to the '@NgModule.schemas' of this component to suppress this message.'
,Chrome Headless 114.0.5735.199 (Windows 10) ERROR: 'NG0303: Can't bind to 'formGroup' since it isn't a known property of 'form' (used in the 'PaymentDetailsComponent' component template).
1. If 'form' is an Angular component and it has the 'formGroup' input, then verify that it is a part of an @NgModule where this component is declared.
2. To allow any property add 'NO_ERRORS_SCHEMA' to the '@NgModule.schemas' of this component.'
,Chrome Headless 114.0.5735.199 (Windows 10) ERROR: 'NG0303: Can't bind to 'options' since it isn't a known property of 'p-dropdown' (used in the 'PaymentDetailsComponent' component template).
1. If 'p-dropdown' is an Angular component and it has the 'options' input, then verify that it is a part of an @NgModule where this component is declared.
2. If 'p-dropdown' is a Web Component then add 'CUSTOM_ELEMENTS_SCHEMA' to the '@NgModule.schemas' of this component to suppress this message.
3. To allow any property add 'NO_ERRORS_SCHEMA' to the '@NgModule.schemas' of this component.'
,Chrome Headless 114.0.5735.199 (Windows 10) ERROR: 'NG0303: Can't bind to 'ngModel' since it isn't a known property of 'p-dropdown' (used in the 'PaymentDetailsComponent' component template).
1. If 'p-dropdown' is an Angular component and it has the 'ngModel' input, then verify that it is a part of an @NgModule where this component is declared.
2. If 'p-dropdown' is a Web Component then add 'CUSTOM_ELEMENTS_SCHEMA' to the '@NgModule.schemas' of this component to suppress this message.
3. To allow any property add 'NO_ERRORS_SCHEMA' to the '@NgModule.schemas' of this component.'
,Chrome Headless 114.0.5735.199 (Windows 10) ERROR: 'NG0303: Can't bind to 'filter' since it isn't a known property of 'p-dropdown' (used in the 'PaymentDetailsComponent' component template).
1. If 'p-dropdown' is an Angular component and it has the 'filter' input, then verify that it is a part of an @NgModule where this component is declared.
2. If 'p-dropdown' is a Web Component then add 'CUSTOM_ELEMENTS_SCHEMA' to the '@NgModule.schemas' of this component to suppress this message.
3. To allow any property add 'NO_ERRORS_SCHEMA' to the '@NgModule.schemas' of this component.'
,Chrome Headless 114.0.5735.199 (Windows 10) ERROR: 'NG0303: Can't bind to 'showClear' since it isn't a known property of 'p-dropdown' (used in the 'PaymentDetailsComponent' component template).
1. If 'p-dropdown' is an Angular component and it has the 'showClear' input, then verify that it is a part of an @NgModule where this component is declared.
2. If 'p-dropdown' is a Web Component then add 'CUSTOM_ELEMENTS_SCHEMA' to the '@NgModule.schemas' of this component to suppress this message.
3. To allow any property add 'NO_ERRORS_SCHEMA' to the '@NgModule.schemas' of this component.'
,Chrome Headless 114.0.5735.199 (Windows 10) ERROR: 'NG0303: Can't bind to 'defaultDate' since it isn't a known property of 'p-calendar' (used in the 'PaymentDetailsComponent' component template).
1. If 'p-calendar' is an Angular component and it has the 'defaultDate' input, then verify that it is a part of an @NgModule where this component is declared.
2. If 'p-calendar' is a Web Component then add 'CUSTOM_ELEMENTS_SCHEMA' to the '@NgModule.schemas' of this component to suppress this message.
3. To allow any property add 'NO_ERRORS_SCHEMA' to the '@NgModule.schemas' of this component.'
,Chrome Headless 114.0.5735.199 (Windows 10) ERROR: 'NG0303: Can't bind to 'minDate' since it isn't a known property of 'p-calendar' (used in the 'PaymentDetailsComponent' component template).
1. If 'p-calendar' is an Angular component and it has the 'minDate' input, then verify that it is a part of an @NgModule where this component is declared.
2. If 'p-calendar' is a Web Component then add 'CUSTOM_ELEMENTS_SCHEMA' to the '@NgModule.schemas' of this component to suppress this message.
3. To allow any property add 'NO_ERRORS_SCHEMA' to the '@NgModule.schemas' of this component.'
,Chrome Headless 114.0.5735.199 (Windows 10) ERROR: 'NG0303: Can't bind to 'showIcon' since it isn't a known property of 'p-calendar' (used in the 'PaymentDetailsComponent' component template).
1. If 'p-calendar' is an Angular component and it has the 'showIcon' input, then verify that it is a part of an @NgModule where this component is declared.
2. If 'p-calendar' is a Web Component then add 'CUSTOM_ELEMENTS_SCHEMA' to the '@NgModule.schemas' of this component to suppress this message.
3. To allow any property add 'NO_ERRORS_SCHEMA' to the '@NgModule.schemas' of this component.'
,Chrome Headless 114.0.5735.199 (Windows 10) ERROR: 'NG0303: Can't bind to 'minDate' since it isn't a known property of 'p-calendar' (used in the 'PaymentDetailsComponent' component template).
1. If 'p-calendar' is an Angular component and it has the 'minDate' input, then verify that it is a part of an @NgModule where this component is declared.
2. If 'p-calendar' is a Web Component then add 'CUSTOM_ELEMENTS_SCHEMA' to the '@NgModule.schemas' of this component to suppress this message.
3. To allow any property add 'NO_ERRORS_SCHEMA' to the '@NgModule.schemas' of this component.'
,Chrome Headless 114.0.5735.199 (Windows 10) ERROR: 'NG0303: Can't bind to 'showIcon' since it isn't a known property of 'p-calendar' (used in the 'PaymentDetailsComponent' component template).
1. If 'p-calendar' is an Angular component and it has the 'showIcon' input, then verify that it is a part of an @NgModule where this component is declared.
2. If 'p-calendar' is a Web Component then add 'CUSTOM_ELEMENTS_SCHEMA' to the '@NgModule.schemas' of this component to suppress this message.
3. To allow any property add 'NO_ERRORS_SCHEMA' to the '@NgModule.schemas' of this component.'
,Chrome Headless 114.0.5735.199 (Windows 10) ERROR: 'NG0303: Can't bind to 'ngModel' since it isn't a known property of 'p-chips' (used in the 'PaymentDetailsComponent' component template).
1. If 'p-chips' is an Angular component and it has the 'ngModel' input, then verify that it is a part of an @NgModule where this component is declared.
2. If 'p-chips' is a Web Component then add 'CUSTOM_ELEMENTS_SCHEMA' to the '@NgModule.schemas' of this component to suppress this message.
3. To allow any property add 'NO_ERRORS_SCHEMA' to the '@NgModule.schemas' of this component.'
,Chrome Headless 114.0.5735.199 (Windows 10) ERROR: 'NG0303: Can't bind to 'disabled' since it isn't a known property of 'p-chips' (used in the 'PaymentDetailsComponent' component template).
1. If 'p-chips' is an Angular component and it has the 'disabled' input, then verify that it is a part of an @NgModule where this component is declared.
2. If 'p-chips' is a Web Component then add 'CUSTOM_ELEMENTS_SCHEMA' to the '@NgModule.schemas' of this component to suppress this message.
3. To allow any property add 'NO_ERRORS_SCHEMA' to the '@NgModule.schemas' of this component.'
,Chrome Headless 114.0.5735.199 (Windows 10) ERROR: 'NG0303: Can't bind to 'ngModel' since it isn't a known property of 'input' (used in the 'PaymentDetailsComponent' component template).
1. If 'input' is an Angular component and it has the 'ngModel' input, then verify that it is a part of an @NgModule where this component is declared.
2. To allow any property add 'NO_ERRORS_SCHEMA' to the '@NgModule.schemas' of this component.'
,Chrome Headless 114.0.5735.199 (Windows 10) ERROR: 'NG0303: Can't bind to 'pKeyFilter' since it isn't a known property of 'input' (used in the 'PaymentDetailsComponent' component template).
1. If 'input' is an Angular component and it has the 'pKeyFilter' input, then verify that it is a part of an @NgModule where this component is declared.
2. To allow any property add 'NO_ERRORS_SCHEMA' to the '@NgModule.schemas' of this component.'
,Chrome Headless 114.0.5735.199 (Windows 10) ERROR: 'NG0304: 'p-dropdown' is not a known element (used in the 'PaymentDetailsComponent' component template):
1. If 'p-dropdown' is an Angular component, then verify that it is a part of an @NgModule where this component is declared.
2. If 'p-dropdown' is a Web Component then add 'CUSTOM_ELEMENTS_SCHEMA' to the '@NgModule.schemas' of this component to suppress this message.'
,Chrome Headless 114.0.5735.199 (Windows 10) ERROR: 'NG0304: 'p-tag' is not a known element (used in the 'PaymentDetailsComponent' component template):
1. If 'p-tag' is an Angular component, then verify that it is a part of an @NgModule where this component is declared.
2. If 'p-tag' is a Web Component then add 'CUSTOM_ELEMENTS_SCHEMA' to the '@NgModule.schemas' of this component to suppress this message.'
,Chrome Headless 114.0.5735.199 (Windows 10) ERROR: 'NG0304: 'p-calendar' is not a known element (used in the 'PaymentDetailsComponent' component template):
1. If 'p-calendar' is an Angular component, then verify that it is a part of an @NgModule where this component is declared.
2. If 'p-calendar' is a Web Component then add 'CUSTOM_ELEMENTS_SCHEMA' to the '@NgModule.schemas' of this component to suppress this message.'
,Chrome Headless 114.0.5735.199 (Windows 10) ERROR: 'NG0304: 'p-chips' is not a known element (used in the 'PaymentDetailsComponent' component template):
1. If 'p-chips' is an Angular component, then verify that it is a part of an @NgModule where this component is declared.
2. If 'p-chips' is a Web Component then add 'CUSTOM_ELEMENTS_SCHEMA' to the '@NgModule.schemas' of this component to suppress this message.'
,Chrome Headless 114.0.5735.199 (Windows 10) ERROR: 'NG0303: Can't bind to 'formGroup' since it isn't a known property of 'form' (used in the 'PaymentDetailsComponent' component template).
1. If 'form' is an Angular component and it has the 'formGroup' input, then verify that it is a part of an @NgModule where this component is declared.
2. To allow any property add 'NO_ERRORS_SCHEMA' to the '@NgModule.schemas' of this component.'
,Chrome Headless 114.0.5735.199 (Windows 10) ERROR: 'NG0303: Can't bind to 'options' since it isn't a known property of 'p-dropdown' (used in the 'PaymentDetailsComponent' component template).
1. If 'p-dropdown' is an Angular component and it has the 'options' input, then verify that it is a part of an @NgModule where this component is declared.
2. If 'p-dropdown' is a Web Component then add 'CUSTOM_ELEMENTS_SCHEMA' to the '@NgModule.schemas' of this component to suppress this message.
3. To allow any property add 'NO_ERRORS_SCHEMA' to the '@NgModule.schemas' of this component.'
,Chrome Headless 114.0.5735.199 (Windows 10) ERROR: 'NG0303: Can't bind to 'ngModel' since it isn't a known property of 'p-dropdown' (used in the 'PaymentDetailsComponent' component template).
1. If 'p-dropdown' is an Angular component and it has the 'ngModel' input, then verify that it is a part of an @NgModule where this component is declared.
2. If 'p-dropdown' is a Web Component then add 'CUSTOM_ELEMENTS_SCHEMA' to the '@NgModule.schemas' of this component to suppress this message.
3. To allow any property add 'NO_ERRORS_SCHEMA' to the '@NgModule.schemas' of this component.'
,Chrome Headless 114.0.5735.199 (Windows 10) ERROR: 'NG0303: Can't bind to 'filter' since it isn't a known property of 'p-dropdown' (used in the 'PaymentDetailsComponent' component template).
1. If 'p-dropdown' is an Angular component and it has the 'filter' input, then verify that it is a part of an @NgModule where this component is declared.
2. If 'p-dropdown' is a Web Component then add 'CUSTOM_ELEMENTS_SCHEMA' to the '@NgModule.schemas' of this component to suppress this message.
3. To allow any property add 'NO_ERRORS_SCHEMA' to the '@NgModule.schemas' of this component.'
,Chrome Headless 114.0.5735.199 (Windows 10) ERROR: 'NG0303: Can't bind to 'showClear' since it isn't a known property of 'p-dropdown' (used in the 'PaymentDetailsComponent' component template).
1. If 'p-dropdown' is an Angular component and it has the 'showClear' input, then verify that it is a part of an @NgModule where this component is declared.
2. If 'p-dropdown' is a Web Component then add 'CUSTOM_ELEMENTS_SCHEMA' to the '@NgModule.schemas' of this component to suppress this message.
3. To allow any property add 'NO_ERRORS_SCHEMA' to the '@NgModule.schemas' of this component.'
,Chrome Headless 114.0.5735.199 (Windows 10) ERROR: 'NG0303: Can't bind to 'defaultDate' since it isn't a known property of 'p-calendar' (used in the 'PaymentDetailsComponent' component template).
1. If 'p-calendar' is an Angular component and it has the 'defaultDate' input, then verify that it is a part of an @NgModule where this component is declared.
2. If 'p-calendar' is a Web Component then add 'CUSTOM_ELEMENTS_SCHEMA' to the '@NgModule.schemas' of this component to suppress this message.
3. To allow any property add 'NO_ERRORS_SCHEMA' to the '@NgModule.schemas' of this component.'
,Chrome Headless 114.0.5735.199 (Windows 10) ERROR: 'NG0303: Can't bind to 'minDate' since it isn't a known property of 'p-calendar' (used in the 'PaymentDetailsComponent' component template).
1. If 'p-calendar' is an Angular component and it has the 'minDate' input, then verify that it is a part of an @NgModule where this component is declared.
2. If 'p-calendar' is a Web Component then add 'CUSTOM_ELEMENTS_SCHEMA' to the '@NgModule.schemas' of this component to suppress this message.
3. To allow any property add 'NO_ERRORS_SCHEMA' to the '@NgModule.schemas' of this component.'
,Chrome Headless 114.0.5735.199 (Windows 10) ERROR: 'NG0303: Can't bind to 'showIcon' since it isn't a known property of 'p-calendar' (used in the 'PaymentDetailsComponent' component template).
1. If 'p-calendar' is an Angular component and it has the 'showIcon' input, then verify that it is a part of an @NgModule where this component is declared.
2. If 'p-calendar' is a Web Component then add 'CUSTOM_ELEMENTS_SCHEMA' to the '@NgModule.schemas' of this component to suppress this message.
3. To allow any property add 'NO_ERRORS_SCHEMA' to the '@NgModule.schemas' of this component.'
,Chrome Headless 114.0.5735.199 (Windows 10) ERROR: 'NG0303: Can't bind to 'minDate' since it isn't a known property of 'p-calendar' (used in the 'PaymentDetailsComponent' component template).
1. If 'p-calendar' is an Angular component and it has the 'minDate' input, then verify that it is a part of an @NgModule where this component is declared.
2. If 'p-calendar' is a Web Component then add 'CUSTOM_ELEMENTS_SCHEMA' to the '@NgModule.schemas' of this component to suppress this message.
3. To allow any property add 'NO_ERRORS_SCHEMA' to the '@NgModule.schemas' of this component.'
,Chrome Headless 114.0.5735.199 (Windows 10) ERROR: 'NG0303: Can't bind to 'showIcon' since it isn't a known property of 'p-calendar' (used in the 'PaymentDetailsComponent' component template).
1. If 'p-calendar' is an Angular component and it has the 'showIcon' input, then verify that it is a part of an @NgModule where this component is declared.
2. If 'p-calendar' is a Web Component then add 'CUSTOM_ELEMENTS_SCHEMA' to the '@NgModule.schemas' of this component to suppress this message.
3. To allow any property add 'NO_ERRORS_SCHEMA' to the '@NgModule.schemas' of this component.'
,Chrome Headless 114.0.5735.199 (Windows 10) ERROR: 'NG0303: Can't bind to 'ngModel' since it isn't a known property of 'p-chips' (used in the 'PaymentDetailsComponent' component template).
1. If 'p-chips' is an Angular component and it has the 'ngModel' input, then verify that it is a part of an @NgModule where this component is declared.
2. If 'p-chips' is a Web Component then add 'CUSTOM_ELEMENTS_SCHEMA' to the '@NgModule.schemas' of this component to suppress this message.
3. To allow any property add 'NO_ERRORS_SCHEMA' to the '@NgModule.schemas' of this component.'
,Chrome Headless 114.0.5735.199 (Windows 10) ERROR: 'NG0303: Can't bind to 'disabled' since it isn't a known property of 'p-chips' (used in the 'PaymentDetailsComponent' component template).
1. If 'p-chips' is an Angular component and it has the 'disabled' input, then verify that it is a part of an @NgModule where this component is declared.
2. If 'p-chips' is a Web Component then add 'CUSTOM_ELEMENTS_SCHEMA' to the '@NgModule.schemas' of this component to suppress this message.
3. To allow any property add 'NO_ERRORS_SCHEMA' to the '@NgModule.schemas' of this component.'
,Chrome Headless 114.0.5735.199 (Windows 10) ERROR: 'NG0303: Can't bind to 'ngModel' since it isn't a known property of 'input' (used in the 'PaymentDetailsComponent' component template).
1. If 'input' is an Angular component and it has the 'ngModel' input, then verify that it is a part of an @NgModule where this component is declared.
2. To allow any property add 'NO_ERRORS_SCHEMA' to the '@NgModule.schemas' of this component.'
,Chrome Headless 114.0.5735.199 (Windows 10) ERROR: 'NG0303: Can't bind to 'pKeyFilter' since it isn't a known property of 'input' (used in the 'PaymentDetailsComponent' component template).
1. If 'input' is an Angular component and it has the 'pKeyFilter' input, then verify that it is a part of an @NgModule where this component is declared.
2. To allow any property add 'NO_ERRORS_SCHEMA' to the '@NgModule.schemas' of this component.'
,Chrome Headless 114.0.5735.199 (Windows 10) ERROR: 'NG0304: 'p-dropdown' is not a known element (used in the 'PaymentDetailsComponent' component template):
1. If 'p-dropdown' is an Angular component, then verify that it is a part of an @NgModule where this component is declared.
2. If 'p-dropdown' is a Web Component then add 'CUSTOM_ELEMENTS_SCHEMA' to the '@NgModule.schemas' of this component to suppress this message.'
,Chrome Headless 114.0.5735.199 (Windows 10) ERROR: 'NG0304: 'p-tag' is not a known element (used in the 'PaymentDetailsComponent' component template):
1. If 'p-tag' is an Angular component, then verify that it is a part of an @NgModule where this component is declared.
2. If 'p-tag' is a Web Component then add 'CUSTOM_ELEMENTS_SCHEMA' to the '@NgModule.schemas' of this component to suppress this message.'
,Chrome Headless 114.0.5735.199 (Windows 10) ERROR: 'NG0304: 'p-calendar' is not a known element (used in the 'PaymentDetailsComponent' component template):
1. If 'p-calendar' is an Angular component, then verify that it is a part of an @NgModule where this component is declared.
2. If 'p-calendar' is a Web Component then add 'CUSTOM_ELEMENTS_SCHEMA' to the '@NgModule.schemas' of this component to suppress this message.'
,Chrome Headless 114.0.5735.199 (Windows 10) ERROR: 'NG0304: 'p-chips' is not a known element (used in the 'PaymentDetailsComponent' component template):
1. If 'p-chips' is an Angular component, then verify that it is a part of an @NgModule where this component is declared.
2. If 'p-chips' is a Web Component then add 'CUSTOM_ELEMENTS_SCHEMA' to the '@NgModule.schemas' of this component to suppress this message.'
,Chrome Headless 114.0.5735.199 (Windows 10) ERROR: 'NG0303: Can't bind to 'formGroup' since it isn't a known property of 'form' (used in the 'PaymentDetailsComponent' component template).
1. If 'form' is an Angular component and it has the 'formGroup' input, then verify that it is a part of an @NgModule where this component is declared.
2. To allow any property add 'NO_ERRORS_SCHEMA' to the '@NgModule.schemas' of this component.'
,Chrome Headless 114.0.5735.199 (Windows 10) ERROR: 'NG0303: Can't bind to 'options' since it isn't a known property of 'p-dropdown' (used in the 'PaymentDetailsComponent' component template).
1. If 'p-dropdown' is an Angular component and it has the 'options' input, then verify that it is a part of an @NgModule where this component is declared.
2. If 'p-dropdown' is a Web Component then add 'CUSTOM_ELEMENTS_SCHEMA' to the '@NgModule.schemas' of this component to suppress this message.
3. To allow any property add 'NO_ERRORS_SCHEMA' to the '@NgModule.schemas' of this component.'
,Chrome Headless 114.0.5735.199 (Windows 10) ERROR: 'NG0303: Can't bind to 'ngModel' since it isn't a known property of 'p-dropdown' (used in the 'PaymentDetailsComponent' component template).
1. If 'p-dropdown' is an Angular component and it has the 'ngModel' input, then verify that it is a part of an @NgModule where this component is declared.
2. If 'p-dropdown' is a Web Component then add 'CUSTOM_ELEMENTS_SCHEMA' to the '@NgModule.schemas' of this component to suppress this message.
3. To allow any property add 'NO_ERRORS_SCHEMA' to the '@NgModule.schemas' of this component.'
,Chrome Headless 114.0.5735.199 (Windows 10) ERROR: 'NG0303: Can't bind to 'filter' since it isn't a known property of 'p-dropdown' (used in the 'PaymentDetailsComponent' component template).
1. If 'p-dropdown' is an Angular component and it has the 'filter' input, then verify that it is a part of an @NgModule where this component is declared.
2. If 'p-dropdown' is a Web Component then add 'CUSTOM_ELEMENTS_SCHEMA' to the '@NgModule.schemas' of this component to suppress this message.
3. To allow any property add 'NO_ERRORS_SCHEMA' to the '@NgModule.schemas' of this component.'
,Chrome Headless 114.0.5735.199 (Windows 10) ERROR: 'NG0303: Can't bind to 'showClear' since it isn't a known property of 'p-dropdown' (used in the 'PaymentDetailsComponent' component template).
1. If 'p-dropdown' is an Angular component and it has the 'showClear' input, then verify that it is a part of an @NgModule where this component is declared.
2. If 'p-dropdown' is a Web Component then add 'CUSTOM_ELEMENTS_SCHEMA' to the '@NgModule.schemas' of this component to suppress this message.
3. To allow any property add 'NO_ERRORS_SCHEMA' to the '@NgModule.schemas' of this component.'
,Chrome Headless 114.0.5735.199 (Windows 10) ERROR: 'NG0303: Can't bind to 'defaultDate' since it isn't a known property of 'p-calendar' (used in the 'PaymentDetailsComponent' component template).
1. If 'p-calendar' is an Angular component and it has the 'defaultDate' input, then verify that it is a part of an @NgModule where this component is declared.
2. If 'p-calendar' is a Web Component then add 'CUSTOM_ELEMENTS_SCHEMA' to the '@NgModule.schemas' of this component to suppress this message.
3. To allow any property add 'NO_ERRORS_SCHEMA' to the '@NgModule.schemas' of this component.'
,Chrome Headless 114.0.5735.199 (Windows 10) ERROR: 'NG0303: Can't bind to 'minDate' since it isn't a known property of 'p-calendar' (used in the 'PaymentDetailsComponent' component template).
1. If 'p-calendar' is an Angular component and it has the 'minDate' input, then verify that it is a part of an @NgModule where this component is declared.
2. If 'p-calendar' is a Web Component then add 'CUSTOM_ELEMENTS_SCHEMA' to the '@NgModule.schemas' of this component to suppress this message.
3. To allow any property add 'NO_ERRORS_SCHEMA' to the '@NgModule.schemas' of this component.'
,Chrome Headless 114.0.5735.199 (Windows 10) ERROR: 'NG0303: Can't bind to 'showIcon' since it isn't a known property of 'p-calendar' (used in the 'PaymentDetailsComponent' component template).
1. If 'p-calendar' is an Angular component and it has the 'showIcon' input, then verify that it is a part of an @NgModule where this component is declared.
2. If 'p-calendar' is a Web Component then add 'CUSTOM_ELEMENTS_SCHEMA' to the '@NgModule.schemas' of this component to suppress this message.
3. To allow any property add 'NO_ERRORS_SCHEMA' to the '@NgModule.schemas' of this component.'
,Chrome Headless 114.0.5735.199 (Windows 10) ERROR: 'NG0303: Can't bind to 'minDate' since it isn't a known property of 'p-calendar' (used in the 'PaymentDetailsComponent' component template).
1. If 'p-calendar' is an Angular component and it has the 'minDate' input, then verify that it is a part of an @NgModule where this component is declared.
2. If 'p-calendar' is a Web Component then add 'CUSTOM_ELEMENTS_SCHEMA' to the '@NgModule.schemas' of this component to suppress this message.
3. To allow any property add 'NO_ERRORS_SCHEMA' to the '@NgModule.schemas' of this component.'
,Chrome Headless 114.0.5735.199 (Windows 10) ERROR: 'NG0303: Can't bind to 'showIcon' since it isn't a known property of 'p-calendar' (used in the 'PaymentDetailsComponent' component template).
1. If 'p-calendar' is an Angular component and it has the 'showIcon' input, then verify that it is a part of an @NgModule where this component is declared.
2. If 'p-calendar' is a Web Component then add 'CUSTOM_ELEMENTS_SCHEMA' to the '@NgModule.schemas' of this component to suppress this message.
3. To allow any property add 'NO_ERRORS_SCHEMA' to the '@NgModule.schemas' of this component.'
,Chrome Headless 114.0.5735.199 (Windows 10) ERROR: 'NG0303: Can't bind to 'ngModel' since it isn't a known property of 'p-chips' (used in the 'PaymentDetailsComponent' component template).
1. If 'p-chips' is an Angular component and it has the 'ngModel' input, then verify that it is a part of an @NgModule where this component is declared.
2. If 'p-chips' is a Web Component then add 'CUSTOM_ELEMENTS_SCHEMA' to the '@NgModule.schemas' of this component to suppress this message.
3. To allow any property add 'NO_ERRORS_SCHEMA' to the '@NgModule.schemas' of this component.'
,Chrome Headless 114.0.5735.199 (Windows 10) ERROR: 'NG0303: Can't bind to 'disabled' since it isn't a known property of 'p-chips' (used in the 'PaymentDetailsComponent' component template).
1. If 'p-chips' is an Angular component and it has the 'disabled' input, then verify that it is a part of an @NgModule where this component is declared.
2. If 'p-chips' is a Web Component then add 'CUSTOM_ELEMENTS_SCHEMA' to the '@NgModule.schemas' of this component to suppress this message.
3. To allow any property add 'NO_ERRORS_SCHEMA' to the '@NgModule.schemas' of this component.'
,Chrome Headless 114.0.5735.199 (Windows 10) ERROR: 'NG0303: Can't bind to 'ngModel' since it isn't a known property of 'input' (used in the 'PaymentDetailsComponent' component template).
1. If 'input' is an Angular component and it has the 'ngModel' input, then verify that it is a part of an @NgModule where this component is declared.
2. To allow any property add 'NO_ERRORS_SCHEMA' to the '@NgModule.schemas' of this component.'
,Chrome Headless 114.0.5735.199 (Windows 10) ERROR: 'NG0303: Can't bind to 'pKeyFilter' since it isn't a known property of 'input' (used in the 'PaymentDetailsComponent' component template).
1. If 'input' is an Angular component and it has the 'pKeyFilter' input, then verify that it is a part of an @NgModule where this component is declared.
2. To allow any property add 'NO_ERRORS_SCHEMA' to the '@NgModule.schemas' of this component.'
,Chrome Headless 114.0.5735.199 (Windows 10) ERROR: 'NG0304: 'p-dropdown' is not a known element (used in the 'PaymentDetailsComponent' component template):
1. If 'p-dropdown' is an Angular component, then verify that it is a part of an @NgModule where this component is declared.
2. If 'p-dropdown' is a Web Component then add 'CUSTOM_ELEMENTS_SCHEMA' to the '@NgModule.schemas' of this component to suppress this message.'
,Chrome Headless 114.0.5735.199 (Windows 10) ERROR: 'NG0304: 'p-tag' is not a known element (used in the 'PaymentDetailsComponent' component template):
1. If 'p-tag' is an Angular component, then verify that it is a part of an @NgModule where this component is declared.
2. If 'p-tag' is a Web Component then add 'CUSTOM_ELEMENTS_SCHEMA' to the '@NgModule.schemas' of this component to suppress this message.'
,Chrome Headless 114.0.5735.199 (Windows 10) ERROR: 'NG0304: 'p-calendar' is not a known element (used in the 'PaymentDetailsComponent' component template):
1. If 'p-calendar' is an Angular component, then verify that it is a part of an @NgModule where this component is declared.
2. If 'p-calendar' is a Web Component then add 'CUSTOM_ELEMENTS_SCHEMA' to the '@NgModule.schemas' of this component to suppress this message.'
,Chrome Headless 114.0.5735.199 (Windows 10) ERROR: 'NG0304: 'p-chips' is not a known element (used in the 'PaymentDetailsComponent' component template):
1. If 'p-chips' is an Angular component, then verify that it is a part of an @NgModule where this component is declared.
2. If 'p-chips' is a Web Component then add 'CUSTOM_ELEMENTS_SCHEMA' to the '@NgModule.schemas' of this component to suppress this message.'
,Chrome Headless 114.0.5735.199 (Windows 10) ERROR: 'NG0303: Can't bind to 'formGroup' since it isn't a known property of 'form' (used in the 'PaymentDetailsComponent' component template).
1. If 'form' is an Angular component and it has the 'formGroup' input, then verify that it is a part of an @NgModule where this component is declared.
2. To allow any property add 'NO_ERRORS_SCHEMA' to the '@NgModule.schemas' of this component.'
,Chrome Headless 114.0.5735.199 (Windows 10) ERROR: 'NG0303: Can't bind to 'options' since it isn't a known property of 'p-dropdown' (used in the 'PaymentDetailsComponent' component template).
1. If 'p-dropdown' is an Angular component and it has the 'options' input, then verify that it is a part of an @NgModule where this component is declared.
2. If 'p-dropdown' is a Web Component then add 'CUSTOM_ELEMENTS_SCHEMA' to the '@NgModule.schemas' of this component to suppress this message.
3. To allow any property add 'NO_ERRORS_SCHEMA' to the '@NgModule.schemas' of this component.'
,Chrome Headless 114.0.5735.199 (Windows 10) ERROR: 'NG0303: Can't bind to 'ngModel' since it isn't a known property of 'p-dropdown' (used in the 'PaymentDetailsComponent' component template).
1. If 'p-dropdown' is an Angular component and it has the 'ngModel' input, then verify that it is a part of an @NgModule where this component is declared.
2. If 'p-dropdown' is a Web Component then add 'CUSTOM_ELEMENTS_SCHEMA' to the '@NgModule.schemas' of this component to suppress this message.
3. To allow any property add 'NO_ERRORS_SCHEMA' to the '@NgModule.schemas' of this component.'
,Chrome Headless 114.0.5735.199 (Windows 10) ERROR: 'NG0303: Can't bind to 'filter' since it isn't a known property of 'p-dropdown' (used in the 'PaymentDetailsComponent' component template).
1. If 'p-dropdown' is an Angular component and it has the 'filter' input, then verify that it is a part of an @NgModule where this component is declared.
2. If 'p-dropdown' is a Web Component then add 'CUSTOM_ELEMENTS_SCHEMA' to the '@NgModule.schemas' of this component to suppress this message.
3. To allow any property add 'NO_ERRORS_SCHEMA' to the '@NgModule.schemas' of this component.'
,Chrome Headless 114.0.5735.199 (Windows 10) ERROR: 'NG0303: Can't bind to 'showClear' since it isn't a known property of 'p-dropdown' (used in the 'PaymentDetailsComponent' component template).
1. If 'p-dropdown' is an Angular component and it has the 'showClear' input, then verify that it is a part of an @NgModule where this component is declared.
2. If 'p-dropdown' is a Web Component then add 'CUSTOM_ELEMENTS_SCHEMA' to the '@NgModule.schemas' of this component to suppress this message.
3. To allow any property add 'NO_ERRORS_SCHEMA' to the '@NgModule.schemas' of this component.'
,Chrome Headless 114.0.5735.199 (Windows 10) ERROR: 'NG0303: Can't bind to 'defaultDate' since it isn't a known property of 'p-calendar' (used in the 'PaymentDetailsComponent' component template).
1. If 'p-calendar' is an Angular component and it has the 'defaultDate' input, then verify that it is a part of an @NgModule where this component is declared.
2. If 'p-calendar' is a Web Component then add 'CUSTOM_ELEMENTS_SCHEMA' to the '@NgModule.schemas' of this component to suppress this message.
3. To allow any property add 'NO_ERRORS_SCHEMA' to the '@NgModule.schemas' of this component.'
,Chrome Headless 114.0.5735.199 (Windows 10) ERROR: 'NG0303: Can't bind to 'minDate' since it isn't a known property of 'p-calendar' (used in the 'PaymentDetailsComponent' component template).
1. If 'p-calendar' is an Angular component and it has the 'minDate' input, then verify that it is a part of an @NgModule where this component is declared.
2. If 'p-calendar' is a Web Component then add 'CUSTOM_ELEMENTS_SCHEMA' to the '@NgModule.schemas' of this component to suppress this message.
3. To allow any property add 'NO_ERRORS_SCHEMA' to the '@NgModule.schemas' of this component.'
,Chrome Headless 114.0.5735.199 (Windows 10) ERROR: 'NG0303: Can't bind to 'showIcon' since it isn't a known property of 'p-calendar' (used in the 'PaymentDetailsComponent' component template).
1. If 'p-calendar' is an Angular component and it has the 'showIcon' input, then verify that it is a part of an @NgModule where this component is declared.
2. If 'p-calendar' is a Web Component then add 'CUSTOM_ELEMENTS_SCHEMA' to the '@NgModule.schemas' of this component to suppress this message.
3. To allow any property add 'NO_ERRORS_SCHEMA' to the '@NgModule.schemas' of this component.'
,Chrome Headless 114.0.5735.199 (Windows 10) ERROR: 'NG0303: Can't bind to 'minDate' since it isn't a known property of 'p-calendar' (used in the 'PaymentDetailsComponent' component template).
1. If 'p-calendar' is an Angular component and it has the 'minDate' input, then verify that it is a part of an @NgModule where this component is declared.
2. If 'p-calendar' is a Web Component then add 'CUSTOM_ELEMENTS_SCHEMA' to the '@NgModule.schemas' of this component to suppress this message.
3. To allow any property add 'NO_ERRORS_SCHEMA' to the '@NgModule.schemas' of this component.'
,Chrome Headless 114.0.5735.199 (Windows 10) ERROR: 'NG0303: Can't bind to 'showIcon' since it isn't a known property of 'p-calendar' (used in the 'PaymentDetailsComponent' component template).
1. If 'p-calendar' is an Angular component and it has the 'showIcon' input, then verify that it is a part of an @NgModule where this component is declared.
2. If 'p-calendar' is a Web Component then add 'CUSTOM_ELEMENTS_SCHEMA' to the '@NgModule.schemas' of this component to suppress this message.
3. To allow any property add 'NO_ERRORS_SCHEMA' to the '@NgModule.schemas' of this component.'
,Chrome Headless 114.0.5735.199 (Windows 10) ERROR: 'NG0303: Can't bind to 'ngModel' since it isn't a known property of 'p-chips' (used in the 'PaymentDetailsComponent' component template).
1. If 'p-chips' is an Angular component and it has the 'ngModel' input, then verify that it is a part of an @NgModule where this component is declared.
2. If 'p-chips' is a Web Component then add 'CUSTOM_ELEMENTS_SCHEMA' to the '@NgModule.schemas' of this component to suppress this message.
3. To allow any property add 'NO_ERRORS_SCHEMA' to the '@NgModule.schemas' of this component.'
,Chrome Headless 114.0.5735.199 (Windows 10) ERROR: 'NG0303: Can't bind to 'disabled' since it isn't a known property of 'p-chips' (used in the 'PaymentDetailsComponent' component template).
1. If 'p-chips' is an Angular component and it has the 'disabled' input, then verify that it is a part of an @NgModule where this component is declared.
2. If 'p-chips' is a Web Component then add 'CUSTOM_ELEMENTS_SCHEMA' to the '@NgModule.schemas' of this component to suppress this message.
3. To allow any property add 'NO_ERRORS_SCHEMA' to the '@NgModule.schemas' of this component.'
,Chrome Headless 114.0.5735.199 (Windows 10) ERROR: 'NG0303: Can't bind to 'ngModel' since it isn't a known property of 'input' (used in the 'PaymentDetailsComponent' component template).
1. If 'input' is an Angular component and it has the 'ngModel' input, then verify that it is a part of an @NgModule where this component is declared.
2. To allow any property add 'NO_ERRORS_SCHEMA' to the '@NgModule.schemas' of this component.'
,Chrome Headless 114.0.5735.199 (Windows 10) ERROR: 'NG0303: Can't bind to 'pKeyFilter' since it isn't a known property of 'input' (used in the 'PaymentDetailsComponent' component template).
1. If 'input' is an Angular component and it has the 'pKeyFilter' input, then verify that it is a part of an @NgModule where this component is declared.
2. To allow any property add 'NO_ERRORS_SCHEMA' to the '@NgModule.schemas' of this component.'
,Chrome Headless 114.0.5735.199 (Windows 10) ERROR: 'NG0304: 'p-dropdown' is not a known element (used in the 'PaymentDetailsComponent' component template):
1. If 'p-dropdown' is an Angular component, then verify that it is a part of an @NgModule where this component is declared.
2. If 'p-dropdown' is a Web Component then add 'CUSTOM_ELEMENTS_SCHEMA' to the '@NgModule.schemas' of this component to suppress this message.'
,Chrome Headless 114.0.5735.199 (Windows 10) ERROR: 'NG0304: 'p-tag' is not a known element (used in the 'PaymentDetailsComponent' component template):
1. If 'p-tag' is an Angular component, then verify that it is a part of an @NgModule where this component is declared.
2. If 'p-tag' is a Web Component then add 'CUSTOM_ELEMENTS_SCHEMA' to the '@NgModule.schemas' of this component to suppress this message.'
,Chrome Headless 114.0.5735.199 (Windows 10) ERROR: 'NG0304: 'p-calendar' is not a known element (used in the 'PaymentDetailsComponent' component template):
1. If 'p-calendar' is an Angular component, then verify that it is a part of an @NgModule where this component is declared.
2. If 'p-calendar' is a Web Component then add 'CUSTOM_ELEMENTS_SCHEMA' to the '@NgModule.schemas' of this component to suppress this message.'
,Chrome Headless 114.0.5735.199 (Windows 10) ERROR: 'NG0304: 'p-chips' is not a known element (used in the 'PaymentDetailsComponent' component template):
1. If 'p-chips' is an Angular component, then verify that it is a part of an @NgModule where this component is declared.
2. If 'p-chips' is a Web Component then add 'CUSTOM_ELEMENTS_SCHEMA' to the '@NgModule.schemas' of this component to suppress this message.'
,Chrome Headless 114.0.5735.199 (Windows 10) ERROR: 'NG0303: Can't bind to 'formGroup' since it isn't a known property of 'form' (used in the 'PaymentDetailsComponent' component template).
1. If 'form' is an Angular component and it has the 'formGroup' input, then verify that it is a part of an @NgModule where this component is declared.
2. To allow any property add 'NO_ERRORS_SCHEMA' to the '@NgModule.schemas' of this component.'
,Chrome Headless 114.0.5735.199 (Windows 10) ERROR: 'NG0303: Can't bind to 'options' since it isn't a known property of 'p-dropdown' (used in the 'PaymentDetailsComponent' component template).
1. If 'p-dropdown' is an Angular component and it has the 'options' input, then verify that it is a part of an @NgModule where this component is declared.
2. If 'p-dropdown' is a Web Component then add 'CUSTOM_ELEMENTS_SCHEMA' to the '@NgModule.schemas' of this component to suppress this message.
3. To allow any property add 'NO_ERRORS_SCHEMA' to the '@NgModule.schemas' of this component.'
,Chrome Headless 114.0.5735.199 (Windows 10) ERROR: 'NG0303: Can't bind to 'ngModel' since it isn't a known property of 'p-dropdown' (used in the 'PaymentDetailsComponent' component template).
1. If 'p-dropdown' is an Angular component and it has the 'ngModel' input, then verify that it is a part of an @NgModule where this component is declared.
2. If 'p-dropdown' is a Web Component then add 'CUSTOM_ELEMENTS_SCHEMA' to the '@NgModule.schemas' of this component to suppress this message.
3. To allow any property add 'NO_ERRORS_SCHEMA' to the '@NgModule.schemas' of this component.'
,Chrome Headless 114.0.5735.199 (Windows 10) ERROR: 'NG0303: Can't bind to 'filter' since it isn't a known property of 'p-dropdown' (used in the 'PaymentDetailsComponent' component template).
1. If 'p-dropdown' is an Angular component and it has the 'filter' input, then verify that it is a part of an @NgModule where this component is declared.
2. If 'p-dropdown' is a Web Component then add 'CUSTOM_ELEMENTS_SCHEMA' to the '@NgModule.schemas' of this component to suppress this message.
3. To allow any property add 'NO_ERRORS_SCHEMA' to the '@NgModule.schemas' of this component.'
,Chrome Headless 114.0.5735.199 (Windows 10) ERROR: 'NG0303: Can't bind to 'showClear' since it isn't a known property of 'p-dropdown' (used in the 'PaymentDetailsComponent' component template).
1. If 'p-dropdown' is an Angular component and it has the 'showClear' input, then verify that it is a part of an @NgModule where this component is declared.
2. If 'p-dropdown' is a Web Component then add 'CUSTOM_ELEMENTS_SCHEMA' to the '@NgModule.schemas' of this component to suppress this message.
3. To allow any property add 'NO_ERRORS_SCHEMA' to the '@NgModule.schemas' of this component.'
,Chrome Headless 114.0.5735.199 (Windows 10) ERROR: 'NG0303: Can't bind to 'defaultDate' since it isn't a known property of 'p-calendar' (used in the 'PaymentDetailsComponent' component template).
1. If 'p-calendar' is an Angular component and it has the 'defaultDate' input, then verify that it is a part of an @NgModule where this component is declared.
2. If 'p-calendar' is a Web Component then add 'CUSTOM_ELEMENTS_SCHEMA' to the '@NgModule.schemas' of this component to suppress this message.
3. To allow any property add 'NO_ERRORS_SCHEMA' to the '@NgModule.schemas' of this component.'
,Chrome Headless 114.0.5735.199 (Windows 10) ERROR: 'NG0303: Can't bind to 'minDate' since it isn't a known property of 'p-calendar' (used in the 'PaymentDetailsComponent' component template).
1. If 'p-calendar' is an Angular component and it has the 'minDate' input, then verify that it is a part of an @NgModule where this component is declared.
2. If 'p-calendar' is a Web Component then add 'CUSTOM_ELEMENTS_SCHEMA' to the '@NgModule.schemas' of this component to suppress this message.
3. To allow any property add 'NO_ERRORS_SCHEMA' to the '@NgModule.schemas' of this component.'
,Chrome Headless 114.0.5735.199 (Windows 10) ERROR: 'NG0303: Can't bind to 'showIcon' since it isn't a known property of 'p-calendar' (used in the 'PaymentDetailsComponent' component template).
1. If 'p-calendar' is an Angular component and it has the 'showIcon' input, then verify that it is a part of an @NgModule where this component is declared.
2. If 'p-calendar' is a Web Component then add 'CUSTOM_ELEMENTS_SCHEMA' to the '@NgModule.schemas' of this component to suppress this message.
3. To allow any property add 'NO_ERRORS_SCHEMA' to the '@NgModule.schemas' of this component.'
,Chrome Headless 114.0.5735.199 (Windows 10) ERROR: 'NG0303: Can't bind to 'minDate' since it isn't a known property of 'p-calendar' (used in the 'PaymentDetailsComponent' component template).
1. If 'p-calendar' is an Angular component and it has the 'minDate' input, then verify that it is a part of an @NgModule where this component is declared.
2. If 'p-calendar' is a Web Component then add 'CUSTOM_ELEMENTS_SCHEMA' to the '@NgModule.schemas' of this component to suppress this message.
3. To allow any property add 'NO_ERRORS_SCHEMA' to the '@NgModule.schemas' of this component.'
,Chrome Headless 114.0.5735.199 (Windows 10) ERROR: 'NG0303: Can't bind to 'showIcon' since it isn't a known property of 'p-calendar' (used in the 'PaymentDetailsComponent' component template).
1. If 'p-calendar' is an Angular component and it has the 'showIcon' input, then verify that it is a part of an @NgModule where this component is declared.
2. If 'p-calendar' is a Web Component then add 'CUSTOM_ELEMENTS_SCHEMA' to the '@NgModule.schemas' of this component to suppress this message.
3. To allow any property add 'NO_ERRORS_SCHEMA' to the '@NgModule.schemas' of this component.'
,Chrome Headless 114.0.5735.199 (Windows 10) ERROR: 'NG0303: Can't bind to 'ngModel' since it isn't a known property of 'p-chips' (used in the 'PaymentDetailsComponent' component template).
1. If 'p-chips' is an Angular component and it has the 'ngModel' input, then verify that it is a part of an @NgModule where this component is declared.
2. If 'p-chips' is a Web Component then add 'CUSTOM_ELEMENTS_SCHEMA' to the '@NgModule.schemas' of this component to suppress this message.
3. To allow any property add 'NO_ERRORS_SCHEMA' to the '@NgModule.schemas' of this component.'
,Chrome Headless 114.0.5735.199 (Windows 10) ERROR: 'NG0303: Can't bind to 'disabled' since it isn't a known property of 'p-chips' (used in the 'PaymentDetailsComponent' component template).
1. If 'p-chips' is an Angular component and it has the 'disabled' input, then verify that it is a part of an @NgModule where this component is declared.
2. If 'p-chips' is a Web Component then add 'CUSTOM_ELEMENTS_SCHEMA' to the '@NgModule.schemas' of this component to suppress this message.
3. To allow any property add 'NO_ERRORS_SCHEMA' to the '@NgModule.schemas' of this component.'
,Chrome Headless 114.0.5735.199 (Windows 10) ERROR: 'NG0303: Can't bind to 'ngModel' since it isn't a known property of 'input' (used in the 'PaymentDetailsComponent' component template).
1. If 'input' is an Angular component and it has the 'ngModel' input, then verify that it is a part of an @NgModule where this component is declared.
2. To allow any property add 'NO_ERRORS_SCHEMA' to the '@NgModule.schemas' of this component.'
,Chrome Headless 114.0.5735.199 (Windows 10) ERROR: 'NG0303: Can't bind to 'pKeyFilter' since it isn't a known property of 'input' (used in the 'PaymentDetailsComponent' component template).
1. If 'input' is an Angular component and it has the 'pKeyFilter' input, then verify that it is a part of an @NgModule where this component is declared.
2. To allow any property add 'NO_ERRORS_SCHEMA' to the '@NgModule.schemas' of this component.'
,Chrome Headless 114.0.5735.199 (Windows 10) ERROR: 'NG0304: 'p-dropdown' is not a known element (used in the 'PaymentDetailsComponent' component template):
1. If 'p-dropdown' is an Angular component, then verify that it is a part of an @NgModule where this component is declared.
2. If 'p-dropdown' is a Web Component then add 'CUSTOM_ELEMENTS_SCHEMA' to the '@NgModule.schemas' of this component to suppress this message.'
,Chrome Headless 114.0.5735.199 (Windows 10) ERROR: 'NG0304: 'p-tag' is not a known element (used in the 'PaymentDetailsComponent' component template):
1. If 'p-tag' is an Angular component, then verify that it is a part of an @NgModule where this component is declared.
2. If 'p-tag' is a Web Component then add 'CUSTOM_ELEMENTS_SCHEMA' to the '@NgModule.schemas' of this component to suppress this message.'
,Chrome Headless 114.0.5735.199 (Windows 10) ERROR: 'NG0304: 'p-calendar' is not a known element (used in the 'PaymentDetailsComponent' component template):
1. If 'p-calendar' is an Angular component, then verify that it is a part of an @NgModule where this component is declared.
2. If 'p-calendar' is a Web Component then add 'CUSTOM_ELEMENTS_SCHEMA' to the '@NgModule.schemas' of this component to suppress this message.'
,Chrome Headless 114.0.5735.199 (Windows 10) ERROR: 'NG0304: 'p-chips' is not a known element (used in the 'PaymentDetailsComponent' component template):
1. If 'p-chips' is an Angular component, then verify that it is a part of an @NgModule where this component is declared.
2. If 'p-chips' is a Web Component then add 'CUSTOM_ELEMENTS_SCHEMA' to the '@NgModule.schemas' of this component to suppress this message.'
,Chrome Headless 114.0.5735.199 (Windows 10) ERROR: 'NG0303: Can't bind to 'formGroup' since it isn't a known property of 'form' (used in the 'PaymentDetailsComponent' component template).
1. If 'form' is an Angular component and it has the 'formGroup' input, then verify that it is a part of an @NgModule where this component is declared.
2. To allow any property add 'NO_ERRORS_SCHEMA' to the '@NgModule.schemas' of this component.'
,Chrome Headless 114.0.5735.199 (Windows 10) ERROR: 'NG0303: Can't bind to 'options' since it isn't a known property of 'p-dropdown' (used in the 'PaymentDetailsComponent' component template).
1. If 'p-dropdown' is an Angular component and it has the 'options' input, then verify that it is a part of an @NgModule where this component is declared.
2. If 'p-dropdown' is a Web Component then add 'CUSTOM_ELEMENTS_SCHEMA' to the '@NgModule.schemas' of this component to suppress this message.
3. To allow any property add 'NO_ERRORS_SCHEMA' to the '@NgModule.schemas' of this component.'
,Chrome Headless 114.0.5735.199 (Windows 10) ERROR: 'NG0303: Can't bind to 'ngModel' since it isn't a known property of 'p-dropdown' (used in the 'PaymentDetailsComponent' component template).
1. If 'p-dropdown' is an Angular component and it has the 'ngModel' input, then verify that it is a part of an @NgModule where this component is declared.
2. If 'p-dropdown' is a Web Component then add 'CUSTOM_ELEMENTS_SCHEMA' to the '@NgModule.schemas' of this component to suppress this message.
3. To allow any property add 'NO_ERRORS_SCHEMA' to the '@NgModule.schemas' of this component.'
,Chrome Headless 114.0.5735.199 (Windows 10) ERROR: 'NG0303: Can't bind to 'filter' since it isn't a known property of 'p-dropdown' (used in the 'PaymentDetailsComponent' component template).
1. If 'p-dropdown' is an Angular component and it has the 'filter' input, then verify that it is a part of an @NgModule where this component is declared.
2. If 'p-dropdown' is a Web Component then add 'CUSTOM_ELEMENTS_SCHEMA' to the '@NgModule.schemas' of this component to suppress this message.
3. To allow any property add 'NO_ERRORS_SCHEMA' to the '@NgModule.schemas' of this component.'
,Chrome Headless 114.0.5735.199 (Windows 10) ERROR: 'NG0303: Can't bind to 'showClear' since it isn't a known property of 'p-dropdown' (used in the 'PaymentDetailsComponent' component template).
1. If 'p-dropdown' is an Angular component and it has the 'showClear' input, then verify that it is a part of an @NgModule where this component is declared.
2. If 'p-dropdown' is a Web Component then add 'CUSTOM_ELEMENTS_SCHEMA' to the '@NgModule.schemas' of this component to suppress this message.
3. To allow any property add 'NO_ERRORS_SCHEMA' to the '@NgModule.schemas' of this component.'
,Chrome Headless 114.0.5735.199 (Windows 10) ERROR: 'NG0303: Can't bind to 'defaultDate' since it isn't a known property of 'p-calendar' (used in the 'PaymentDetailsComponent' component template).
1. If 'p-calendar' is an Angular component and it has the 'defaultDate' input, then verify that it is a part of an @NgModule where this component is declared.
2. If 'p-calendar' is a Web Component then add 'CUSTOM_ELEMENTS_SCHEMA' to the '@NgModule.schemas' of this component to suppress this message.
3. To allow any property add 'NO_ERRORS_SCHEMA' to the '@NgModule.schemas' of this component.'
,Chrome Headless 114.0.5735.199 (Windows 10) ERROR: 'NG0303: Can't bind to 'minDate' since it isn't a known property of 'p-calendar' (used in the 'PaymentDetailsComponent' component template).
1. If 'p-calendar' is an Angular component and it has the 'minDate' input, then verify that it is a part of an @NgModule where this component is declared.
2. If 'p-calendar' is a Web Component then add 'CUSTOM_ELEMENTS_SCHEMA' to the '@NgModule.schemas' of this component to suppress this message.
3. To allow any property add 'NO_ERRORS_SCHEMA' to the '@NgModule.schemas' of this component.'
,Chrome Headless 114.0.5735.199 (Windows 10) ERROR: 'NG0303: Can't bind to 'showIcon' since it isn't a known property of 'p-calendar' (used in the 'PaymentDetailsComponent' component template).
1. If 'p-calendar' is an Angular component and it has the 'showIcon' input, then verify that it is a part of an @NgModule where this component is declared.
2. If 'p-calendar' is a Web Component then add 'CUSTOM_ELEMENTS_SCHEMA' to the '@NgModule.schemas' of this component to suppress this message.
3. To allow any property add 'NO_ERRORS_SCHEMA' to the '@NgModule.schemas' of this component.'
,Chrome Headless 114.0.5735.199 (Windows 10) ERROR: 'NG0303: Can't bind to 'minDate' since it isn't a known property of 'p-calendar' (used in the 'PaymentDetailsComponent' component template).
1. If 'p-calendar' is an Angular component and it has the 'minDate' input, then verify that it is a part of an @NgModule where this component is declared.
2. If 'p-calendar' is a Web Component then add 'CUSTOM_ELEMENTS_SCHEMA' to the '@NgModule.schemas' of this component to suppress this message.
3. To allow any property add 'NO_ERRORS_SCHEMA' to the '@NgModule.schemas' of this component.'
,Chrome Headless 114.0.5735.199 (Windows 10) ERROR: 'NG0303: Can't bind to 'showIcon' since it isn't a known property of 'p-calendar' (used in the 'PaymentDetailsComponent' component template).
1. If 'p-calendar' is an Angular component and it has the 'showIcon' input, then verify that it is a part of an @NgModule where this component is declared.
2. If 'p-calendar' is a Web Component then add 'CUSTOM_ELEMENTS_SCHEMA' to the '@NgModule.schemas' of this component to suppress this message.
3. To allow any property add 'NO_ERRORS_SCHEMA' to the '@NgModule.schemas' of this component.'
,Chrome Headless 114.0.5735.199 (Windows 10) ERROR: 'NG0303: Can't bind to 'ngModel' since it isn't a known property of 'p-chips' (used in the 'PaymentDetailsComponent' component template).
1. If 'p-chips' is an Angular component and it has the 'ngModel' input, then verify that it is a part of an @NgModule where this component is declared.
2. If 'p-chips' is a Web Component then add 'CUSTOM_ELEMENTS_SCHEMA' to the '@NgModule.schemas' of this component to suppress this message.
3. To allow any property add 'NO_ERRORS_SCHEMA' to the '@NgModule.schemas' of this component.'
,Chrome Headless 114.0.5735.199 (Windows 10) ERROR: 'NG0303: Can't bind to 'disabled' since it isn't a known property of 'p-chips' (used in the 'PaymentDetailsComponent' component template).
1. If 'p-chips' is an Angular component and it has the 'disabled' input, then verify that it is a part of an @NgModule where this component is declared.
2. If 'p-chips' is a Web Component then add 'CUSTOM_ELEMENTS_SCHEMA' to the '@NgModule.schemas' of this component to suppress this message.
3. To allow any property add 'NO_ERRORS_SCHEMA' to the '@NgModule.schemas' of this component.'
,Chrome Headless 114.0.5735.199 (Windows 10) ERROR: 'NG0303: Can't bind to 'ngModel' since it isn't a known property of 'input' (used in the 'PaymentDetailsComponent' component template).
1. If 'input' is an Angular component and it has the 'ngModel' input, then verify that it is a part of an @NgModule where this component is declared.
2. To allow any property add 'NO_ERRORS_SCHEMA' to the '@NgModule.schemas' of this component.'
,Chrome Headless 114.0.5735.199 (Windows 10) ERROR: 'NG0303: Can't bind to 'pKeyFilter' since it isn't a known property of 'input' (used in the 'PaymentDetailsComponent' component template).
1. If 'input' is an Angular component and it has the 'pKeyFilter' input, then verify that it is a part of an @NgModule where this component is declared.
2. To allow any property add 'NO_ERRORS_SCHEMA' to the '@NgModule.schemas' of this component.'
,Chrome Headless 114.0.5735.199 (Windows 10) ERROR: 'NG0304: 'p-dropdown' is not a known element (used in the 'PaymentDetailsComponent' component template):
1. If 'p-dropdown' is an Angular component, then verify that it is a part of an @NgModule where this component is declared.
2. If 'p-dropdown' is a Web Component then add 'CUSTOM_ELEMENTS_SCHEMA' to the '@NgModule.schemas' of this component to suppress this message.'
,Chrome Headless 114.0.5735.199 (Windows 10) ERROR: 'NG0304: 'p-tag' is not a known element (used in the 'PaymentDetailsComponent' component template):
1. If 'p-tag' is an Angular component, then verify that it is a part of an @NgModule where this component is declared.
2. If 'p-tag' is a Web Component then add 'CUSTOM_ELEMENTS_SCHEMA' to the '@NgModule.schemas' of this component to suppress this message.'
,Chrome Headless 114.0.5735.199 (Windows 10) ERROR: 'NG0304: 'p-calendar' is not a known element (used in the 'PaymentDetailsComponent' component template):
1. If 'p-calendar' is an Angular component, then verify that it is a part of an @NgModule where this component is declared.
2. If 'p-calendar' is a Web Component then add 'CUSTOM_ELEMENTS_SCHEMA' to the '@NgModule.schemas' of this component to suppress this message.'
,Chrome Headless 114.0.5735.199 (Windows 10) ERROR: 'NG0304: 'p-chips' is not a known element (used in the 'PaymentDetailsComponent' component template):
1. If 'p-chips' is an Angular component, then verify that it is a part of an @NgModule where this component is declared.
2. If 'p-chips' is a Web Component then add 'CUSTOM_ELEMENTS_SCHEMA' to the '@NgModule.schemas' of this component to suppress this message.'
,Chrome Headless 114.0.5735.199 (Windows 10) ERROR: 'NG0303: Can't bind to 'formGroup' since it isn't a known property of 'form' (used in the 'PaymentDetailsComponent' component template).
1. If 'form' is an Angular component and it has the 'formGroup' input, then verify that it is a part of an @NgModule where this component is declared.
2. To allow any property add 'NO_ERRORS_SCHEMA' to the '@NgModule.schemas' of this component.'
,Chrome Headless 114.0.5735.199 (Windows 10) ERROR: 'NG0303: Can't bind to 'options' since it isn't a known property of 'p-dropdown' (used in the 'PaymentDetailsComponent' component template).
1. If 'p-dropdown' is an Angular component and it has the 'options' input, then verify that it is a part of an @NgModule where this component is declared.
2. If 'p-dropdown' is a Web Component then add 'CUSTOM_ELEMENTS_SCHEMA' to the '@NgModule.schemas' of this component to suppress this message.
3. To allow any property add 'NO_ERRORS_SCHEMA' to the '@NgModule.schemas' of this component.'
,Chrome Headless 114.0.5735.199 (Windows 10) ERROR: 'NG0303: Can't bind to 'ngModel' since it isn't a known property of 'p-dropdown' (used in the 'PaymentDetailsComponent' component template).
1. If 'p-dropdown' is an Angular component and it has the 'ngModel' input, then verify that it is a part of an @NgModule where this component is declared.
2. If 'p-dropdown' is a Web Component then add 'CUSTOM_ELEMENTS_SCHEMA' to the '@NgModule.schemas' of this component to suppress this message.
3. To allow any property add 'NO_ERRORS_SCHEMA' to the '@NgModule.schemas' of this component.'
,Chrome Headless 114.0.5735.199 (Windows 10) ERROR: 'NG0303: Can't bind to 'filter' since it isn't a known property of 'p-dropdown' (used in the 'PaymentDetailsComponent' component template).
1. If 'p-dropdown' is an Angular component and it has the 'filter' input, then verify that it is a part of an @NgModule where this component is declared.
2. If 'p-dropdown' is a Web Component then add 'CUSTOM_ELEMENTS_SCHEMA' to the '@NgModule.schemas' of this component to suppress this message.
3. To allow any property add 'NO_ERRORS_SCHEMA' to the '@NgModule.schemas' of this component.'
,Chrome Headless 114.0.5735.199 (Windows 10) ERROR: 'NG0303: Can't bind to 'showClear' since it isn't a known property of 'p-dropdown' (used in the 'PaymentDetailsComponent' component template).
1. If 'p-dropdown' is an Angular component and it has the 'showClear' input, then verify that it is a part of an @NgModule where this component is declared.
2. If 'p-dropdown' is a Web Component then add 'CUSTOM_ELEMENTS_SCHEMA' to the '@NgModule.schemas' of this component to suppress this message.
3. To allow any property add 'NO_ERRORS_SCHEMA' to the '@NgModule.schemas' of this component.'
,Chrome Headless 114.0.5735.199 (Windows 10) ERROR: 'NG0303: Can't bind to 'defaultDate' since it isn't a known property of 'p-calendar' (used in the 'PaymentDetailsComponent' component template).
1. If 'p-calendar' is an Angular component and it has the 'defaultDate' input, then verify that it is a part of an @NgModule where this component is declared.
2. If 'p-calendar' is a Web Component then add 'CUSTOM_ELEMENTS_SCHEMA' to the '@NgModule.schemas' of this component to suppress this message.
3. To allow any property add 'NO_ERRORS_SCHEMA' to the '@NgModule.schemas' of this component.'
,Chrome Headless 114.0.5735.199 (Windows 10) ERROR: 'NG0303: Can't bind to 'minDate' since it isn't a known property of 'p-calendar' (used in the 'PaymentDetailsComponent' component template).
1. If 'p-calendar' is an Angular component and it has the 'minDate' input, then verify that it is a part of an @NgModule where this component is declared.
2. If 'p-calendar' is a Web Component then add 'CUSTOM_ELEMENTS_SCHEMA' to the '@NgModule.schemas' of this component to suppress this message.
3. To allow any property add 'NO_ERRORS_SCHEMA' to the '@NgModule.schemas' of this component.'
,Chrome Headless 114.0.5735.199 (Windows 10) ERROR: 'NG0303: Can't bind to 'showIcon' since it isn't a known property of 'p-calendar' (used in the 'PaymentDetailsComponent' component template).
1. If 'p-calendar' is an Angular component and it has the 'showIcon' input, then verify that it is a part of an @NgModule where this component is declared.
2. If 'p-calendar' is a Web Component then add 'CUSTOM_ELEMENTS_SCHEMA' to the '@NgModule.schemas' of this component to suppress this message.
3. To allow any property add 'NO_ERRORS_SCHEMA' to the '@NgModule.schemas' of this component.'
,Chrome Headless 114.0.5735.199 (Windows 10) ERROR: 'NG0303: Can't bind to 'minDate' since it isn't a known property of 'p-calendar' (used in the 'PaymentDetailsComponent' component template).
1. If 'p-calendar' is an Angular component and it has the 'minDate' input, then verify that it is a part of an @NgModule where this component is declared.
2. If 'p-calendar' is a Web Component then add 'CUSTOM_ELEMENTS_SCHEMA' to the '@NgModule.schemas' of this component to suppress this message.
3. To allow any property add 'NO_ERRORS_SCHEMA' to the '@NgModule.schemas' of this component.'
,Chrome Headless 114.0.5735.199 (Windows 10) ERROR: 'NG0303: Can't bind to 'showIcon' since it isn't a known property of 'p-calendar' (used in the 'PaymentDetailsComponent' component template).
1. If 'p-calendar' is an Angular component and it has the 'showIcon' input, then verify that it is a part of an @NgModule where this component is declared.
2. If 'p-calendar' is a Web Component then add 'CUSTOM_ELEMENTS_SCHEMA' to the '@NgModule.schemas' of this component to suppress this message.
3. To allow any property add 'NO_ERRORS_SCHEMA' to the '@NgModule.schemas' of this component.'
,Chrome Headless 114.0.5735.199 (Windows 10) ERROR: 'NG0303: Can't bind to 'ngModel' since it isn't a known property of 'p-chips' (used in the 'PaymentDetailsComponent' component template).
1. If 'p-chips' is an Angular component and it has the 'ngModel' input, then verify that it is a part of an @NgModule where this component is declared.
2. If 'p-chips' is a Web Component then add 'CUSTOM_ELEMENTS_SCHEMA' to the '@NgModule.schemas' of this component to suppress this message.
3. To allow any property add 'NO_ERRORS_SCHEMA' to the '@NgModule.schemas' of this component.'
,Chrome Headless 114.0.5735.199 (Windows 10) ERROR: 'NG0303: Can't bind to 'disabled' since it isn't a known property of 'p-chips' (used in the 'PaymentDetailsComponent' component template).
1. If 'p-chips' is an Angular component and it has the 'disabled' input, then verify that it is a part of an @NgModule where this component is declared.
2. If 'p-chips' is a Web Component then add 'CUSTOM_ELEMENTS_SCHEMA' to the '@NgModule.schemas' of this component to suppress this message.
3. To allow any property add 'NO_ERRORS_SCHEMA' to the '@NgModule.schemas' of this component.'
,Chrome Headless 114.0.5735.199 (Windows 10) ERROR: 'NG0303: Can't bind to 'ngModel' since it isn't a known property of 'input' (used in the 'PaymentDetailsComponent' component template).
1. If 'input' is an Angular component and it has the 'ngModel' input, then verify that it is a part of an @NgModule where this component is declared.
2. To allow any property add 'NO_ERRORS_SCHEMA' to the '@NgModule.schemas' of this component.'
,Chrome Headless 114.0.5735.199 (Windows 10) ERROR: 'NG0303: Can't bind to 'pKeyFilter' since it isn't a known property of 'input' (used in the 'PaymentDetailsComponent' component template).
1. If 'input' is an Angular component and it has the 'pKeyFilter' input, then verify that it is a part of an @NgModule where this component is declared.
2. To allow any property add 'NO_ERRORS_SCHEMA' to the '@NgModule.schemas' of this component.'
,Chrome Headless 114.0.5735.199 (Windows 10) WARN: 'Spec 'PaymentDetailsComponent should changed organization' has no expectations.'
,Chrome Headless 114.0.5735.199 (Windows 10) ERROR: 'NG0304: 'p-dropdown' is not a known element (used in the 'PaymentDetailsComponent' component template):
1. If 'p-dropdown' is an Angular component, then verify that it is a part of an @NgModule where this component is declared.
2. If 'p-dropdown' is a Web Component then add 'CUSTOM_ELEMENTS_SCHEMA' to the '@NgModule.schemas' of this component to suppress this message.'
,Chrome Headless 114.0.5735.199 (Windows 10) ERROR: 'NG0304: 'p-tag' is not a known element (used in the 'PaymentDetailsComponent' component template):
1. If 'p-tag' is an Angular component, then verify that it is a part of an @NgModule where this component is declared.
2. If 'p-tag' is a Web Component then add 'CUSTOM_ELEMENTS_SCHEMA' to the '@NgModule.schemas' of this component to suppress this message.'
,Chrome Headless 114.0.5735.199 (Windows 10) ERROR: 'NG0304: 'p-calendar' is not a known element (used in the 'PaymentDetailsComponent' component template):
1. If 'p-calendar' is an Angular component, then verify that it is a part of an @NgModule where this component is declared.
2. If 'p-calendar' is a Web Component then add 'CUSTOM_ELEMENTS_SCHEMA' to the '@NgModule.schemas' of this component to suppress this message.'
,Chrome Headless 114.0.5735.199 (Windows 10) ERROR: 'NG0304: 'p-chips' is not a known element (used in the 'PaymentDetailsComponent' component template):
1. If 'p-chips' is an Angular component, then verify that it is a part of an @NgModule where this component is declared.
2. If 'p-chips' is a Web Component then add 'CUSTOM_ELEMENTS_SCHEMA' to the '@NgModule.schemas' of this component to suppress this message.'
,Chrome Headless 114.0.5735.199 (Windows 10) ERROR: 'NG0303: Can't bind to 'formGroup' since it isn't a known property of 'form' (used in the 'PaymentDetailsComponent' component template).
1. If 'form' is an Angular component and it has the 'formGroup' input, then verify that it is a part of an @NgModule where this component is declared.
2. To allow any property add 'NO_ERRORS_SCHEMA' to the '@NgModule.schemas' of this component.'
,Chrome Headless 114.0.5735.199 (Windows 10) ERROR: 'NG0303: Can't bind to 'options' since it isn't a known property of 'p-dropdown' (used in the 'PaymentDetailsComponent' component template).
1. If 'p-dropdown' is an Angular component and it has the 'options' input, then verify that it is a part of an @NgModule where this component is declared.
2. If 'p-dropdown' is a Web Component then add 'CUSTOM_ELEMENTS_SCHEMA' to the '@NgModule.schemas' of this component to suppress this message.
3. To allow any property add 'NO_ERRORS_SCHEMA' to the '@NgModule.schemas' of this component.'
,Chrome Headless 114.0.5735.199 (Windows 10) ERROR: 'NG0303: Can't bind to 'ngModel' since it isn't a known property of 'p-dropdown' (used in the 'PaymentDetailsComponent' component template).
1. If 'p-dropdown' is an Angular component and it has the 'ngModel' input, then verify that it is a part of an @NgModule where this component is declared.
2. If 'p-dropdown' is a Web Component then add 'CUSTOM_ELEMENTS_SCHEMA' to the '@NgModule.schemas' of this component to suppress this message.
3. To allow any property add 'NO_ERRORS_SCHEMA' to the '@NgModule.schemas' of this component.'
,Chrome Headless 114.0.5735.199 (Windows 10) ERROR: 'NG0303: Can't bind to 'filter' since it isn't a known property of 'p-dropdown' (used in the 'PaymentDetailsComponent' component template).
1. If 'p-dropdown' is an Angular component and it has the 'filter' input, then verify that it is a part of an @NgModule where this component is declared.
2. If 'p-dropdown' is a Web Component then add 'CUSTOM_ELEMENTS_SCHEMA' to the '@NgModule.schemas' of this component to suppress this message.
3. To allow any property add 'NO_ERRORS_SCHEMA' to the '@NgModule.schemas' of this component.'
,Chrome Headless 114.0.5735.199 (Windows 10) ERROR: 'NG0303: Can't bind to 'showClear' since it isn't a known property of 'p-dropdown' (used in the 'PaymentDetailsComponent' component template).
1. If 'p-dropdown' is an Angular component and it has the 'showClear' input, then verify that it is a part of an @NgModule where this component is declared.
2. If 'p-dropdown' is a Web Component then add 'CUSTOM_ELEMENTS_SCHEMA' to the '@NgModule.schemas' of this component to suppress this message.
3. To allow any property add 'NO_ERRORS_SCHEMA' to the '@NgModule.schemas' of this component.'
,Chrome Headless 114.0.5735.199 (Windows 10) ERROR: 'NG0303: Can't bind to 'defaultDate' since it isn't a known property of 'p-calendar' (used in the 'PaymentDetailsComponent' component template).
1. If 'p-calendar' is an Angular component and it has the 'defaultDate' input, then verify that it is a part of an @NgModule where this component is declared.
2. If 'p-calendar' is a Web Component then add 'CUSTOM_ELEMENTS_SCHEMA' to the '@NgModule.schemas' of this component to suppress this message.
3. To allow any property add 'NO_ERRORS_SCHEMA' to the '@NgModule.schemas' of this component.'
,Chrome Headless 114.0.5735.199 (Windows 10) ERROR: 'NG0303: Can't bind to 'minDate' since it isn't a known property of 'p-calendar' (used in the 'PaymentDetailsComponent' component template).
1. If 'p-calendar' is an Angular component and it has the 'minDate' input, then verify that it is a part of an @NgModule where this component is declared.
2. If 'p-calendar' is a Web Component then add 'CUSTOM_ELEMENTS_SCHEMA' to the '@NgModule.schemas' of this component to suppress this message.
3. To allow any property add 'NO_ERRORS_SCHEMA' to the '@NgModule.schemas' of this component.'
,Chrome Headless 114.0.5735.199 (Windows 10) ERROR: 'NG0303: Can't bind to 'showIcon' since it isn't a known property of 'p-calendar' (used in the 'PaymentDetailsComponent' component template).
1. If 'p-calendar' is an Angular component and it has the 'showIcon' input, then verify that it is a part of an @NgModule where this component is declared.
2. If 'p-calendar' is a Web Component then add 'CUSTOM_ELEMENTS_SCHEMA' to the '@NgModule.schemas' of this component to suppress this message.
3. To allow any property add 'NO_ERRORS_SCHEMA' to the '@NgModule.schemas' of this component.'
,Chrome Headless 114.0.5735.199 (Windows 10) ERROR: 'NG0303: Can't bind to 'minDate' since it isn't a known property of 'p-calendar' (used in the 'PaymentDetailsComponent' component template).
1. If 'p-calendar' is an Angular component and it has the 'minDate' input, then verify that it is a part of an @NgModule where this component is declared.
2. If 'p-calendar' is a Web Component then add 'CUSTOM_ELEMENTS_SCHEMA' to the '@NgModule.schemas' of this component to suppress this message.
3. To allow any property add 'NO_ERRORS_SCHEMA' to the '@NgModule.schemas' of this component.'
,Chrome Headless 114.0.5735.199 (Windows 10) ERROR: 'NG0303: Can't bind to 'showIcon' since it isn't a known property of 'p-calendar' (used in the 'PaymentDetailsComponent' component template).
1. If 'p-calendar' is an Angular component and it has the 'showIcon' input, then verify that it is a part of an @NgModule where this component is declared.
2. If 'p-calendar' is a Web Component then add 'CUSTOM_ELEMENTS_SCHEMA' to the '@NgModule.schemas' of this component to suppress this message.
3. To allow any property add 'NO_ERRORS_SCHEMA' to the '@NgModule.schemas' of this component.'
,Chrome Headless 114.0.5735.199 (Windows 10) ERROR: 'NG0303: Can't bind to 'ngModel' since it isn't a known property of 'p-chips' (used in the 'PaymentDetailsComponent' component template).
1. If 'p-chips' is an Angular component and it has the 'ngModel' input, then verify that it is a part of an @NgModule where this component is declared.
2. If 'p-chips' is a Web Component then add 'CUSTOM_ELEMENTS_SCHEMA' to the '@NgModule.schemas' of this component to suppress this message.
3. To allow any property add 'NO_ERRORS_SCHEMA' to the '@NgModule.schemas' of this component.'
,Chrome Headless 114.0.5735.199 (Windows 10) ERROR: 'NG0303: Can't bind to 'disabled' since it isn't a known property of 'p-chips' (used in the 'PaymentDetailsComponent' component template).
1. If 'p-chips' is an Angular component and it has the 'disabled' input, then verify that it is a part of an @NgModule where this component is declared.
2. If 'p-chips' is a Web Component then add 'CUSTOM_ELEMENTS_SCHEMA' to the '@NgModule.schemas' of this component to suppress this message.
3. To allow any property add 'NO_ERRORS_SCHEMA' to the '@NgModule.schemas' of this component.'
,Chrome Headless 114.0.5735.199 (Windows 10) ERROR: 'NG0303: Can't bind to 'ngModel' since it isn't a known property of 'input' (used in the 'PaymentDetailsComponent' component template).
1. If 'input' is an Angular component and it has the 'ngModel' input, then verify that it is a part of an @NgModule where this component is declared.
2. To allow any property add 'NO_ERRORS_SCHEMA' to the '@NgModule.schemas' of this component.'
,Chrome Headless 114.0.5735.199 (Windows 10) ERROR: 'NG0303: Can't bind to 'pKeyFilter' since it isn't a known property of 'input' (used in the 'PaymentDetailsComponent' component template).
1. If 'input' is an Angular component and it has the 'pKeyFilter' input, then verify that it is a part of an @NgModule where this component is declared.
2. To allow any property add 'NO_ERRORS_SCHEMA' to the '@NgModule.schemas' of this component.'
,Chrome Headless 114.0.5735.199 (Windows 10) ERROR: 'NG0304: 'p-dropdown' is not a known element (used in the 'PaymentDetailsComponent' component template):
1. If 'p-dropdown' is an Angular component, then verify that it is a part of an @NgModule where this component is declared.
2. If 'p-dropdown' is a Web Component then add 'CUSTOM_ELEMENTS_SCHEMA' to the '@NgModule.schemas' of this component to suppress this message.'
,Chrome Headless 114.0.5735.199 (Windows 10) ERROR: 'NG0304: 'p-tag' is not a known element (used in the 'PaymentDetailsComponent' component template):
1. If 'p-tag' is an Angular component, then verify that it is a part of an @NgModule where this component is declared.
2. If 'p-tag' is a Web Component then add 'CUSTOM_ELEMENTS_SCHEMA' to the '@NgModule.schemas' of this component to suppress this message.'
,Chrome Headless 114.0.5735.199 (Windows 10) ERROR: 'NG0304: 'p-calendar' is not a known element (used in the 'PaymentDetailsComponent' component template):
1. If 'p-calendar' is an Angular component, then verify that it is a part of an @NgModule where this component is declared.
2. If 'p-calendar' is a Web Component then add 'CUSTOM_ELEMENTS_SCHEMA' to the '@NgModule.schemas' of this component to suppress this message.'
,Chrome Headless 114.0.5735.199 (Windows 10) ERROR: 'NG0304: 'p-chips' is not a known element (used in the 'PaymentDetailsComponent' component template):
1. If 'p-chips' is an Angular component, then verify that it is a part of an @NgModule where this component is declared.
2. If 'p-chips' is a Web Component then add 'CUSTOM_ELEMENTS_SCHEMA' to the '@NgModule.schemas' of this component to suppress this message.'
,Chrome Headless 114.0.5735.199 (Windows 10) ERROR: 'NG0303: Can't bind to 'formGroup' since it isn't a known property of 'form' (used in the 'PaymentDetailsComponent' component template).
1. If 'form' is an Angular component and it has the 'formGroup' input, then verify that it is a part of an @NgModule where this component is declared.
2. To allow any property add 'NO_ERRORS_SCHEMA' to the '@NgModule.schemas' of this component.'
,Chrome Headless 114.0.5735.199 (Windows 10) ERROR: 'NG0303: Can't bind to 'options' since it isn't a known property of 'p-dropdown' (used in the 'PaymentDetailsComponent' component template).
1. If 'p-dropdown' is an Angular component and it has the 'options' input, then verify that it is a part of an @NgModule where this component is declared.
2. If 'p-dropdown' is a Web Component then add 'CUSTOM_ELEMENTS_SCHEMA' to the '@NgModule.schemas' of this component to suppress this message.
3. To allow any property add 'NO_ERRORS_SCHEMA' to the '@NgModule.schemas' of this component.'
,Chrome Headless 114.0.5735.199 (Windows 10) ERROR: 'NG0303: Can't bind to 'ngModel' since it isn't a known property of 'p-dropdown' (used in the 'PaymentDetailsComponent' component template).
1. If 'p-dropdown' is an Angular component and it has the 'ngModel' input, then verify that it is a part of an @NgModule where this component is declared.
2. If 'p-dropdown' is a Web Component then add 'CUSTOM_ELEMENTS_SCHEMA' to the '@NgModule.schemas' of this component to suppress this message.
3. To allow any property add 'NO_ERRORS_SCHEMA' to the '@NgModule.schemas' of this component.'
,Chrome Headless 114.0.5735.199 (Windows 10) ERROR: 'NG0303: Can't bind to 'filter' since it isn't a known property of 'p-dropdown' (used in the 'PaymentDetailsComponent' component template).
1. If 'p-dropdown' is an Angular component and it has the 'filter' input, then verify that it is a part of an @NgModule where this component is declared.
2. If 'p-dropdown' is a Web Component then add 'CUSTOM_ELEMENTS_SCHEMA' to the '@NgModule.schemas' of this component to suppress this message.
3. To allow any property add 'NO_ERRORS_SCHEMA' to the '@NgModule.schemas' of this component.'
,Chrome Headless 114.0.5735.199 (Windows 10) ERROR: 'NG0303: Can't bind to 'showClear' since it isn't a known property of 'p-dropdown' (used in the 'PaymentDetailsComponent' component template).
1. If 'p-dropdown' is an Angular component and it has the 'showClear' input, then verify that it is a part of an @NgModule where this component is declared.
2. If 'p-dropdown' is a Web Component then add 'CUSTOM_ELEMENTS_SCHEMA' to the '@NgModule.schemas' of this component to suppress this message.
3. To allow any property add 'NO_ERRORS_SCHEMA' to the '@NgModule.schemas' of this component.'
,Chrome Headless 114.0.5735.199 (Windows 10) ERROR: 'NG0303: Can't bind to 'defaultDate' since it isn't a known property of 'p-calendar' (used in the 'PaymentDetailsComponent' component template).
1. If 'p-calendar' is an Angular component and it has the 'defaultDate' input, then verify that it is a part of an @NgModule where this component is declared.
2. If 'p-calendar' is a Web Component then add 'CUSTOM_ELEMENTS_SCHEMA' to the '@NgModule.schemas' of this component to suppress this message.
3. To allow any property add 'NO_ERRORS_SCHEMA' to the '@NgModule.schemas' of this component.'
,Chrome Headless 114.0.5735.199 (Windows 10) ERROR: 'NG0303: Can't bind to 'minDate' since it isn't a known property of 'p-calendar' (used in the 'PaymentDetailsComponent' component template).
1. If 'p-calendar' is an Angular component and it has the 'minDate' input, then verify that it is a part of an @NgModule where this component is declared.
2. If 'p-calendar' is a Web Component then add 'CUSTOM_ELEMENTS_SCHEMA' to the '@NgModule.schemas' of this component to suppress this message.
3. To allow any property add 'NO_ERRORS_SCHEMA' to the '@NgModule.schemas' of this component.'
,Chrome Headless 114.0.5735.199 (Windows 10) ERROR: 'NG0303: Can't bind to 'showIcon' since it isn't a known property of 'p-calendar' (used in the 'PaymentDetailsComponent' component template).
1. If 'p-calendar' is an Angular component and it has the 'showIcon' input, then verify that it is a part of an @NgModule where this component is declared.
2. If 'p-calendar' is a Web Component then add 'CUSTOM_ELEMENTS_SCHEMA' to the '@NgModule.schemas' of this component to suppress this message.
3. To allow any property add 'NO_ERRORS_SCHEMA' to the '@NgModule.schemas' of this component.'
,Chrome Headless 114.0.5735.199 (Windows 10) ERROR: 'NG0303: Can't bind to 'minDate' since it isn't a known property of 'p-calendar' (used in the 'PaymentDetailsComponent' component template).
1. If 'p-calendar' is an Angular component and it has the 'minDate' input, then verify that it is a part of an @NgModule where this component is declared.
2. If 'p-calendar' is a Web Component then add 'CUSTOM_ELEMENTS_SCHEMA' to the '@NgModule.schemas' of this component to suppress this message.
3. To allow any property add 'NO_ERRORS_SCHEMA' to the '@NgModule.schemas' of this component.'
,Chrome Headless 114.0.5735.199 (Windows 10) ERROR: 'NG0303: Can't bind to 'showIcon' since it isn't a known property of 'p-calendar' (used in the 'PaymentDetailsComponent' component template).
1. If 'p-calendar' is an Angular component and it has the 'showIcon' input, then verify that it is a part of an @NgModule where this component is declared.
2. If 'p-calendar' is a Web Component then add 'CUSTOM_ELEMENTS_SCHEMA' to the '@NgModule.schemas' of this component to suppress this message.
3. To allow any property add 'NO_ERRORS_SCHEMA' to the '@NgModule.schemas' of this component.'
,Chrome Headless 114.0.5735.199 (Windows 10) ERROR: 'NG0303: Can't bind to 'ngModel' since it isn't a known property of 'p-chips' (used in the 'PaymentDetailsComponent' component template).
1. If 'p-chips' is an Angular component and it has the 'ngModel' input, then verify that it is a part of an @NgModule where this component is declared.
2. If 'p-chips' is a Web Component then add 'CUSTOM_ELEMENTS_SCHEMA' to the '@NgModule.schemas' of this component to suppress this message.
3. To allow any property add 'NO_ERRORS_SCHEMA' to the '@NgModule.schemas' of this component.'
,Chrome Headless 114.0.5735.199 (Windows 10) ERROR: 'NG0303: Can't bind to 'disabled' since it isn't a known property of 'p-chips' (used in the 'PaymentDetailsComponent' component template).
1. If 'p-chips' is an Angular component and it has the 'disabled' input, then verify that it is a part of an @NgModule where this component is declared.
2. If 'p-chips' is a Web Component then add 'CUSTOM_ELEMENTS_SCHEMA' to the '@NgModule.schemas' of this component to suppress this message.
3. To allow any property add 'NO_ERRORS_SCHEMA' to the '@NgModule.schemas' of this component.'
,Chrome Headless 114.0.5735.199 (Windows 10) ERROR: 'NG0303: Can't bind to 'ngModel' since it isn't a known property of 'input' (used in the 'PaymentDetailsComponent' component template).
1. If 'input' is an Angular component and it has the 'ngModel' input, then verify that it is a part of an @NgModule where this component is declared.
2. To allow any property add 'NO_ERRORS_SCHEMA' to the '@NgModule.schemas' of this component.'
,Chrome Headless 114.0.5735.199 (Windows 10) ERROR: 'NG0303: Can't bind to 'pKeyFilter' since it isn't a known property of 'input' (used in the 'PaymentDetailsComponent' component template).
1. If 'input' is an Angular component and it has the 'pKeyFilter' input, then verify that it is a part of an @NgModule where this component is declared.
2. To allow any property add 'NO_ERRORS_SCHEMA' to the '@NgModule.schemas' of this component.'
,Chrome Headless 114.0.5735.199 (Windows 10) ERROR: 'NG0304: 'p-dropdown' is not a known element (used in the 'PaymentDetailsComponent' component template):
1. If 'p-dropdown' is an Angular component, then verify that it is a part of an @NgModule where this component is declared.
2. If 'p-dropdown' is a Web Component then add 'CUSTOM_ELEMENTS_SCHEMA' to the '@NgModule.schemas' of this component to suppress this message.'
,Chrome Headless 114.0.5735.199 (Windows 10) ERROR: 'NG0304: 'p-tag' is not a known element (used in the 'PaymentDetailsComponent' component template):
1. If 'p-tag' is an Angular component, then verify that it is a part of an @NgModule where this component is declared.
2. If 'p-tag' is a Web Component then add 'CUSTOM_ELEMENTS_SCHEMA' to the '@NgModule.schemas' of this component to suppress this message.'
,Chrome Headless 114.0.5735.199 (Windows 10) ERROR: 'NG0304: 'p-calendar' is not a known element (used in the 'PaymentDetailsComponent' component template):
1. If 'p-calendar' is an Angular component, then verify that it is a part of an @NgModule where this component is declared.
2. If 'p-calendar' is a Web Component then add 'CUSTOM_ELEMENTS_SCHEMA' to the '@NgModule.schemas' of this component to suppress this message.'
,Chrome Headless 114.0.5735.199 (Windows 10) ERROR: 'NG0304: 'p-chips' is not a known element (used in the 'PaymentDetailsComponent' component template):
1. If 'p-chips' is an Angular component, then verify that it is a part of an @NgModule where this component is declared.
2. If 'p-chips' is a Web Component then add 'CUSTOM_ELEMENTS_SCHEMA' to the '@NgModule.schemas' of this component to suppress this message.'
,Chrome Headless 114.0.5735.199 (Windows 10) ERROR: 'NG0303: Can't bind to 'formGroup' since it isn't a known property of 'form' (used in the 'PaymentDetailsComponent' component template).
1. If 'form' is an Angular component and it has the 'formGroup' input, then verify that it is a part of an @NgModule where this component is declared.
2. To allow any property add 'NO_ERRORS_SCHEMA' to the '@NgModule.schemas' of this component.'
,Chrome Headless 114.0.5735.199 (Windows 10) ERROR: 'NG0303: Can't bind to 'options' since it isn't a known property of 'p-dropdown' (used in the 'PaymentDetailsComponent' component template).
1. If 'p-dropdown' is an Angular component and it has the 'options' input, then verify that it is a part of an @NgModule where this component is declared.
2. If 'p-dropdown' is a Web Component then add 'CUSTOM_ELEMENTS_SCHEMA' to the '@NgModule.schemas' of this component to suppress this message.
3. To allow any property add 'NO_ERRORS_SCHEMA' to the '@NgModule.schemas' of this component.'
,Chrome Headless 114.0.5735.199 (Windows 10) ERROR: 'NG0303: Can't bind to 'ngModel' since it isn't a known property of 'p-dropdown' (used in the 'PaymentDetailsComponent' component template).
1. If 'p-dropdown' is an Angular component and it has the 'ngModel' input, then verify that it is a part of an @NgModule where this component is declared.
2. If 'p-dropdown' is a Web Component then add 'CUSTOM_ELEMENTS_SCHEMA' to the '@NgModule.schemas' of this component to suppress this message.
3. To allow any property add 'NO_ERRORS_SCHEMA' to the '@NgModule.schemas' of this component.'
,Chrome Headless 114.0.5735.199 (Windows 10) ERROR: 'NG0303: Can't bind to 'filter' since it isn't a known property of 'p-dropdown' (used in the 'PaymentDetailsComponent' component template).
1. If 'p-dropdown' is an Angular component and it has the 'filter' input, then verify that it is a part of an @NgModule where this component is declared.
2. If 'p-dropdown' is a Web Component then add 'CUSTOM_ELEMENTS_SCHEMA' to the '@NgModule.schemas' of this component to suppress this message.
3. To allow any property add 'NO_ERRORS_SCHEMA' to the '@NgModule.schemas' of this component.'
,Chrome Headless 114.0.5735.199 (Windows 10) ERROR: 'NG0303: Can't bind to 'showClear' since it isn't a known property of 'p-dropdown' (used in the 'PaymentDetailsComponent' component template).
1. If 'p-dropdown' is an Angular component and it has the 'showClear' input, then verify that it is a part of an @NgModule where this component is declared.
2. If 'p-dropdown' is a Web Component then add 'CUSTOM_ELEMENTS_SCHEMA' to the '@NgModule.schemas' of this component to suppress this message.
3. To allow any property add 'NO_ERRORS_SCHEMA' to the '@NgModule.schemas' of this component.'
,Chrome Headless 114.0.5735.199 (Windows 10) ERROR: 'NG0303: Can't bind to 'defaultDate' since it isn't a known property of 'p-calendar' (used in the 'PaymentDetailsComponent' component template).
1. If 'p-calendar' is an Angular component and it has the 'defaultDate' input, then verify that it is a part of an @NgModule where this component is declared.
2. If 'p-calendar' is a Web Component then add 'CUSTOM_ELEMENTS_SCHEMA' to the '@NgModule.schemas' of this component to suppress this message.
3. To allow any property add 'NO_ERRORS_SCHEMA' to the '@NgModule.schemas' of this component.'
,Chrome Headless 114.0.5735.199 (Windows 10) ERROR: 'NG0303: Can't bind to 'minDate' since it isn't a known property of 'p-calendar' (used in the 'PaymentDetailsComponent' component template).
1. If 'p-calendar' is an Angular component and it has the 'minDate' input, then verify that it is a part of an @NgModule where this component is declared.
2. If 'p-calendar' is a Web Component then add 'CUSTOM_ELEMENTS_SCHEMA' to the '@NgModule.schemas' of this component to suppress this message.
3. To allow any property add 'NO_ERRORS_SCHEMA' to the '@NgModule.schemas' of this component.'
,Chrome Headless 114.0.5735.199 (Windows 10) ERROR: 'NG0303: Can't bind to 'showIcon' since it isn't a known property of 'p-calendar' (used in the 'PaymentDetailsComponent' component template).
1. If 'p-calendar' is an Angular component and it has the 'showIcon' input, then verify that it is a part of an @NgModule where this component is declared.
2. If 'p-calendar' is a Web Component then add 'CUSTOM_ELEMENTS_SCHEMA' to the '@NgModule.schemas' of this component to suppress this message.
3. To allow any property add 'NO_ERRORS_SCHEMA' to the '@NgModule.schemas' of this component.'
,Chrome Headless 114.0.5735.199 (Windows 10) ERROR: 'NG0303: Can't bind to 'minDate' since it isn't a known property of 'p-calendar' (used in the 'PaymentDetailsComponent' component template).
1. If 'p-calendar' is an Angular component and it has the 'minDate' input, then verify that it is a part of an @NgModule where this component is declared.
2. If 'p-calendar' is a Web Component then add 'CUSTOM_ELEMENTS_SCHEMA' to the '@NgModule.schemas' of this component to suppress this message.
3. To allow any property add 'NO_ERRORS_SCHEMA' to the '@NgModule.schemas' of this component.'
,Chrome Headless 114.0.5735.199 (Windows 10) ERROR: 'NG0303: Can't bind to 'showIcon' since it isn't a known property of 'p-calendar' (used in the 'PaymentDetailsComponent' component template).
1. If 'p-calendar' is an Angular component and it has the 'showIcon' input, then verify that it is a part of an @NgModule where this component is declared.
2. If 'p-calendar' is a Web Component then add 'CUSTOM_ELEMENTS_SCHEMA' to the '@NgModule.schemas' of this component to suppress this message.
3. To allow any property add 'NO_ERRORS_SCHEMA' to the '@NgModule.schemas' of this component.'
,Chrome Headless 114.0.5735.199 (Windows 10) ERROR: 'NG0303: Can't bind to 'ngModel' since it isn't a known property of 'p-chips' (used in the 'PaymentDetailsComponent' component template).
1. If 'p-chips' is an Angular component and it has the 'ngModel' input, then verify that it is a part of an @NgModule where this component is declared.
2. If 'p-chips' is a Web Component then add 'CUSTOM_ELEMENTS_SCHEMA' to the '@NgModule.schemas' of this component to suppress this message.
3. To allow any property add 'NO_ERRORS_SCHEMA' to the '@NgModule.schemas' of this component.'
,Chrome Headless 114.0.5735.199 (Windows 10) ERROR: 'NG0303: Can't bind to 'disabled' since it isn't a known property of 'p-chips' (used in the 'PaymentDetailsComponent' component template).
1. If 'p-chips' is an Angular component and it has the 'disabled' input, then verify that it is a part of an @NgModule where this component is declared.
2. If 'p-chips' is a Web Component then add 'CUSTOM_ELEMENTS_SCHEMA' to the '@NgModule.schemas' of this component to suppress this message.
3. To allow any property add 'NO_ERRORS_SCHEMA' to the '@NgModule.schemas' of this component.'
,Chrome Headless 114.0.5735.199 (Windows 10) ERROR: 'NG0303: Can't bind to 'ngModel' since it isn't a known property of 'input' (used in the 'PaymentDetailsComponent' component template).
1. If 'input' is an Angular component and it has the 'ngModel' input, then verify that it is a part of an @NgModule where this component is declared.
2. To allow any property add 'NO_ERRORS_SCHEMA' to the '@NgModule.schemas' of this component.'
,Chrome Headless 114.0.5735.199 (Windows 10) ERROR: 'NG0303: Can't bind to 'pKeyFilter' since it isn't a known property of 'input' (used in the 'PaymentDetailsComponent' component template).
1. If 'input' is an Angular component and it has the 'pKeyFilter' input, then verify that it is a part of an @NgModule where this component is declared.
2. To allow any property add 'NO_ERRORS_SCHEMA' to the '@NgModule.schemas' of this component.'

]]></system-out>
    <system-err/>
  </testsuite>
</testsuites>
